Archive member included to satisfy reference by file (symbol)

C:/segger/arm_segger_embedded_studio_v510c_win_x64_nordic/lib/libm_v7em_fpv4_sp_d16_hard_t_le_eabi.a(libm_asm.o)
                              Output/Release/Obj/flashwrite_pca10040/main.o (__aeabi_dmul)
C:/segger/arm_segger_embedded_studio_v510c_win_x64_nordic/lib/libc_v7em_fpv4_sp_d16_hard_t_le_eabi.a(libc2.o)
                              Output/Release/Obj/flashwrite_pca10040/fnmatch.o (isupper)
C:/segger/arm_segger_embedded_studio_v510c_win_x64_nordic/lib/libc_v7em_fpv4_sp_d16_hard_t_le_eabi.a(libc2_asm.o)
                              Output/Release/Obj/flashwrite_pca10040/nrf_log_frontend.o (memcpy)
C:/segger/arm_segger_embedded_studio_v510c_win_x64_nordic/lib/libc_v7em_fpv4_sp_d16_hard_t_le_eabi.a(libvfprintf.o)
                              (__vfprintf_long)
C:/segger/arm_segger_embedded_studio_v510c_win_x64_nordic/lib/libc_v7em_fpv4_sp_d16_hard_t_le_eabi.a(libvfscanf.o)
                              (__vfscanf_long)
C:/segger/arm_segger_embedded_studio_v510c_win_x64_nordic/lib/libc_v7em_fpv4_sp_d16_hard_t_le_eabi.a(libc.o)
                              C:/segger/arm_segger_embedded_studio_v510c_win_x64_nordic/lib/libc_v7em_fpv4_sp_d16_hard_t_le_eabi.a(libc2.o) (__heap_lock)
C:/segger/arm_segger_embedded_studio_v510c_win_x64_nordic/lib/libc_v7em_fpv4_sp_d16_hard_t_le_eabi.a(libc_asm.o)
                              C:/segger/arm_segger_embedded_studio_v510c_win_x64_nordic/lib/libc_v7em_fpv4_sp_d16_hard_t_le_eabi.a(libc2.o) (__aeabi_uldivmod)
C:/segger/arm_segger_embedded_studio_v510c_win_x64_nordic/lib/libdebugio_v7em_fpv4_sp_d16_hard_t_le_eabi.a(libdebugio.o)
                              Output/Release/Obj/flashwrite_pca10040/thumb_crt0.o (debug_fopen)
C:/segger/arm_segger_embedded_studio_v510c_win_x64_nordic/lib/libdebugio_v7em_fpv4_sp_d16_hard_t_le_eabi.a(do_nv_debug_operation.o)
                              C:/segger/arm_segger_embedded_studio_v510c_win_x64_nordic/lib/libdebugio_v7em_fpv4_sp_d16_hard_t_le_eabi.a(libdebugio.o) (__do_nvdebug_operation)
C:/segger/arm_segger_embedded_studio_v510c_win_x64_nordic/lib/libdebugio_v7em_fpv4_sp_d16_hard_t_le_eabi.a(mempoll_debug_operations.o)
                              (__do_debug_operation_mempoll)
C:/segger/arm_segger_embedded_studio_v510c_win_x64_nordic/lib/libm_v7em_fpv4_sp_d16_hard_t_le_eabi.a(libm2.o)
                              C:/segger/arm_segger_embedded_studio_v510c_win_x64_nordic/lib/libc_v7em_fpv4_sp_d16_hard_t_le_eabi.a(libvfprintf.o) (frexp)

Discarded input sections

 .text          0x0000000000000000        0x0 Output/Release/Obj/flashwrite_pca10040/thumb_crt0.o
 .data          0x0000000000000000        0x0 Output/Release/Obj/flashwrite_pca10040/thumb_crt0.o
 .bss           0x0000000000000000        0x0 Output/Release/Obj/flashwrite_pca10040/thumb_crt0.o
 .text.__aeabi_read_tp
                0x0000000000000000        0x8 Output/Release/Obj/flashwrite_pca10040/thumb_crt0.o
 .text.abort    0x0000000000000000        0x2 Output/Release/Obj/flashwrite_pca10040/thumb_crt0.o
 .text.__assert
                0x0000000000000000        0x2 Output/Release/Obj/flashwrite_pca10040/thumb_crt0.o
 .text.__assert_func
                0x0000000000000000        0x2 Output/Release/Obj/flashwrite_pca10040/thumb_crt0.o
 .text.__aeabi_assert
                0x0000000000000000        0x2 Output/Release/Obj/flashwrite_pca10040/thumb_crt0.o
 .text.__sync_synchronize
                0x0000000000000000        0x2 Output/Release/Obj/flashwrite_pca10040/thumb_crt0.o
 .text.__getchar
                0x0000000000000000        0x4 Output/Release/Obj/flashwrite_pca10040/thumb_crt0.o
 .text.__putchar
                0x0000000000000000        0x4 Output/Release/Obj/flashwrite_pca10040/thumb_crt0.o
 .text.__open   0x0000000000000000        0x4 Output/Release/Obj/flashwrite_pca10040/thumb_crt0.o
 .text.__close  0x0000000000000000        0x4 Output/Release/Obj/flashwrite_pca10040/thumb_crt0.o
 .text.__write  0x0000000000000000        0xa Output/Release/Obj/flashwrite_pca10040/thumb_crt0.o
 .text.__read   0x0000000000000000        0xa Output/Release/Obj/flashwrite_pca10040/thumb_crt0.o
 .text.__seek   0x0000000000000000       0x1a Output/Release/Obj/flashwrite_pca10040/thumb_crt0.o
 .bss.__user_locale_name_buffer
                0x0000000000000000        0x4 Output/Release/Obj/flashwrite_pca10040/thumb_crt0.o
 .stack         0x0000000000000000        0x0 Output/Release/Obj/flashwrite_pca10040/thumb_crt0.o
 .stack_process
                0x0000000000000000        0x0 Output/Release/Obj/flashwrite_pca10040/thumb_crt0.o
 .heap          0x0000000000000000        0x0 Output/Release/Obj/flashwrite_pca10040/thumb_crt0.o
 .group         0x0000000000000000        0xc Output/Release/Obj/flashwrite_pca10040/nrf_log_backend_rtt.o
 .group         0x0000000000000000        0xc Output/Release/Obj/flashwrite_pca10040/nrf_log_backend_rtt.o
[...]
Memory Configuration

Name             Origin             Length             Attributes
UNPLACED_SECTIONS 0x0000000100000000 0x0000000000000000 xw
RAM1             0x0000000020000000 0x0000000000010000 xw
FLASH            0x0000000000000000 0x0000000000080000 xw
*default*        0x0000000000000000 0xffffffffffffffff

Linker script and memory map

                0x0000000000000000                __do_debug_operation = __do_debug_operation_mempoll
                0x0000000000000000                __vfprintf = __vfprintf_long
                0x0000000000000000                __vfscanf = __vfscanf_long
                0x0000000020000000                __RAM1_segment_start__ = 0x20000000
                0x0000000020010000                __RAM1_segment_end__ = 0x20010000
                0x0000000000010000                __RAM1_segment_size__ = 0x10000
                0x0000000000000000                __FLASH_segment_start__ = 0x0
                0x0000000000080000                __FLASH_segment_end__ = 0x80000
                0x0000000000080000                __FLASH_segment_size__ = 0x80000
                0x0000000000002000                __HEAPSIZE__ = 0x2000
                0x0000000000000000                __STACKSIZE_PROCESS__ = 0x0
                0x0000000000002000                __STACKSIZE__ = 0x2000
                0x0000000020000000                __vectors_ram_load_start__ = 0x20000000

.vectors_ram    0x0000000020000000        0x0
                0x0000000020000000                __vectors_ram_start__ = .
                0x0000000020000000                __app_ram_start__ = __vectors_ram_start__
 *(.vectors_ram .vectors_ram.*)
                0x0000000020000000                __vectors_ram_end__ = (__vectors_ram_start__ + SIZEOF (.vectors_ram))
                0x0000000000000000                __vectors_ram_size__ = SIZEOF (.vectors_ram)
                0x0000000020000000                __vectors_ram_load_end__ = __vectors_ram_end__
                0x0000000000000001                . = ASSERT (((__vectors_ram_start__ == __vectors_ram_end__) || ((__vectors_ram_end__ - __RAM1_segment_start__) <= __RAM1_segment_size__)), error: .vectors_ram is too large to fit in RAM1 memory segment)
                0x0000000020000000                __nrf_sections_run_load_start__ = ALIGN (__vectors_ram_end__, 0x4)

.nrf_sections_run
                0x0000000020000000        0x0
                0x0000000020000000                __nrf_sections_run_start__ = .
                0x0000000020000000                __start_nrf_sections_run = __nrf_sections_run_start__
 *(.nrf_sections_run .nrf_sections_run.*)
                0x0000000020000000                __nrf_sections_run_end__ = (__nrf_sections_run_start__ + SIZEOF (.nrf_sections_run))
                0x0000000000000000                __nrf_sections_run_size__ = SIZEOF (.nrf_sections_run)
                0x0000000020000000                __nrf_sections_run_load_end__ = __nrf_sections_run_end__
                0x0000000000000001                . = ASSERT (((__nrf_sections_run_start__ == __nrf_sections_run_end__) || ((__nrf_sections_run_end__ - __RAM1_segment_start__) <= __RAM1_segment_size__)), error: .nrf_sections_run is too large to fit in RAM1 memory segment)
                0x0000000000000000                __vectors_load_start__ = 0x0

.vectors        0x0000000000000000      0x200
                0x0000000000000000                __vectors_start__ = .
 *(.vectors .vectors.*)
 .vectors       0x0000000000000000      0x200 Output/Release/Obj/flashwrite_pca10040/ses_startup_nrf52.o
                0x0000000000000000                _vectors
                0x0000000000000200                __vectors_end__ = (__vectors_start__ + SIZEOF (.vectors))
                0x0000000000000200                __vectors_size__ = SIZEOF (.vectors)
                0x0000000000000200                __vectors_load_end__ = __vectors_end__
                0x0000000000000001                . = ASSERT (((__vectors_start__ == __vectors_end__) || ((__vectors_end__ - __FLASH_segment_start__) <= __FLASH_segment_size__)), error: .vectors is too large to fit in FLASH memory segment)
                0x0000000000000200                __init_load_start__ = ALIGN (__vectors_end__, 0x4)

.init           0x0000000000000200      0x1d0
                0x0000000000000200                __init_start__ = .
 *(.init .init.*)
 .init          0x0000000000000200      0x15c Output/Release/Obj/flashwrite_pca10040/thumb_crt0.o
                0x0000000000000200                _start
                0x00000000000002b4                exit
 .init          0x000000000000035c       0x18 Output/Release/Obj/flashwrite_pca10040/ses_startup_nrf52.o
                0x000000000000035c                NMI_Handler
                0x000000000000035e                HardFault_Handler
                0x0000000000000360                MemoryManagement_Handler
                0x0000000000000362                BusFault_Handler
                0x0000000000000364                UsageFault_Handler
                0x0000000000000366                SVC_Handler
                0x0000000000000368                DebugMon_Handler
                0x000000000000036a                PendSV_Handler
                0x000000000000036c                SysTick_Handler
                0x000000000000036e                PWM1_IRQHandler
                0x000000000000036e                GPIOTE_IRQHandler
                0x000000000000036e                SWI0_EGU0_IRQHandler
                0x000000000000036e                RADIO_IRQHandler
                0x000000000000036e                PDM_IRQHandler
                0x000000000000036e                TEMP_IRQHandler
                0x000000000000036e                RTC0_IRQHandler
                0x000000000000036e                TIMER3_IRQHandler
                0x000000000000036e                FPU_IRQHandler
                0x000000000000036e                SPIM0_SPIS0_TWIM0_TWIS0_SPI0_TWI0_IRQHandler
                0x000000000000036e                SWI2_EGU2_IRQHandler
                0x000000000000036e                TIMER4_IRQHandler
                0x000000000000036e                I2S_IRQHandler
                0x000000000000036e                SWI4_EGU4_IRQHandler
                0x000000000000036e                Dummy_Handler
                0x000000000000036e                TIMER1_IRQHandler
                0x000000000000036e                PWM2_IRQHandler
                0x000000000000036e                ECB_IRQHandler
                0x000000000000036e                SPIM1_SPIS1_TWIM1_TWIS1_SPI1_TWI1_IRQHandler
                0x000000000000036e                CCM_AAR_IRQHandler
                0x000000000000036e                WDT_IRQHandler
                0x000000000000036e                QDEC_IRQHandler
                0x000000000000036e                SWI5_EGU5_IRQHandler
                0x000000000000036e                RNG_IRQHandler
                0x000000000000036e                RTC2_IRQHandler
                0x000000000000036e                PWM0_IRQHandler
                0x000000000000036e                SWI3_EGU3_IRQHandler
                0x000000000000036e                SWI1_EGU1_IRQHandler
                0x000000000000036e                SPIM2_SPIS2_SPI2_IRQHandler
                0x000000000000036e                NFCT_IRQHandler
                0x000000000000036e                TIMER2_IRQHandler
                0x000000000000036e                MWU_IRQHandler
                0x000000000000036e                COMP_LPCOMP_IRQHandler
                0x0000000000000370                nRFInitialize
 .init          0x0000000000000374       0x5c Output/Release/Obj/flashwrite_pca10040/ses_startup_nrf_common.o
                0x0000000000000374                Reset_Handler
                0x0000000000000378                afterInitialize
                0x000000000000039c                InitializeUserMemorySections
                0x00000000000003d0                __init_end__ = (__init_start__ + SIZEOF (.init))
                0x00000000000001d0                __init_size__ = SIZEOF (.init)
                0x00000000000003d0                __init_load_end__ = __init_end__
                0x0000000000000001                . = ASSERT (((__init_start__ == __init_end__) || ((__init_end__ - __FLASH_segment_start__) <= __FLASH_segment_size__)), error: .init is too large to fit in FLASH memory segment)
                0x00000000000003d0                __init_rodata_load_start__ = ALIGN (__init_end__, 0x4)

.init_rodata    0x00000000000003d0        0x0
                0x00000000000003d0                __init_rodata_start__ = .
 *(.init_rodata .init_rodata.*)
                0x00000000000003d0                __init_rodata_end__ = (__init_rodata_start__ + SIZEOF (.init_rodata))
                0x0000000000000000                __init_rodata_size__ = SIZEOF (.init_rodata)
                0x00000000000003d0                __init_rodata_load_end__ = __init_rodata_end__
                0x0000000000000001                . = ASSERT (((__init_rodata_start__ == __init_rodata_end__) || ((__init_rodata_end__ - __FLASH_segment_start__) <= __FLASH_segment_size__)), error: .init_rodata is too large to fit in FLASH memory segment)
                0x00000000000003d0                __text_load_start__ = ALIGN (__init_rodata_end__, 0x4)

.text           0x00000000000003d0     0x2bb2
                0x00000000000003d0                __text_start__ = .
 *(.text .text.* .glue_7t .glue_7 .gnu.linkonce.t.* .gcc_except_table .ARM.extab* .gnu.linkonce.armextab.*)
 .glue_7        0x00000000000003d0        0x0 linker stubs
 .glue_7t       0x00000000000003d0        0x0 linker stubs
 .text.nrf_log_backend_rtt_flush
                0x00000000000003d0        0x2 Output/Release/Obj/flashwrite_pca10040/nrf_log_backend_rtt.o
 *fill*         0x00000000000003d2        0x2 
 .text.nrf_log_backend_rtt_put
                0x00000000000003d4       0x1c Output/Release/Obj/flashwrite_pca10040/nrf_log_backend_rtt.o
 .text.serial_tx
                0x00000000000003f0       0x50 Output/Release/Obj/flashwrite_pca10040/nrf_log_backend_rtt.o
 .text.nrf_log_backend_rtt_panic_set
                0x0000000000000440        0x2 Output/Release/Obj/flashwrite_pca10040/nrf_log_backend_rtt.o
 .text.nrf_log_backend_rtt_init
                0x0000000000000442        0x4 Output/Release/Obj/flashwrite_pca10040/nrf_log_backend_rtt.o
                0x0000000000000442                nrf_log_backend_rtt_init
 .text.nrf_log_backend_serial_put
                0x0000000000000446       0xc2 Output/Release/Obj/flashwrite_pca10040/nrf_log_backend_serial.o
                0x0000000000000446                nrf_log_backend_serial_put
 .text.nrf_log_backend_uart_flush
                0x0000000000000508        0x2 Output/Release/Obj/flashwrite_pca10040/nrf_log_backend_uart.o
 *fill*         0x000000000000050a        0x2 
 .text.nrf_log_backend_uart_put
                0x000000000000050c       0x1c Output/Release/Obj/flashwrite_pca10040/nrf_log_backend_uart.o
 .text.uart_init.constprop.0
                0x0000000000000528       0x50 Output/Release/Obj/flashwrite_pca10040/nrf_log_backend_uart.o
 .text.serial_tx
                0x0000000000000578       0x48 Output/Release/Obj/flashwrite_pca10040/nrf_log_backend_uart.o
 .text.nrf_log_backend_uart_panic_set
                0x00000000000005c0       0x2c Output/Release/Obj/flashwrite_pca10040/nrf_log_backend_uart.o
 .text.nrf_log_backend_uart_init
                0x00000000000005ec        0x4 Output/Release/Obj/flashwrite_pca10040/nrf_log_backend_uart.o
                0x00000000000005ec                nrf_log_backend_uart_init
 .text.nrf_log_default_backends_init
                0x00000000000005f0       0x38 Output/Release/Obj/flashwrite_pca10040/nrf_log_default_backends.o
                0x00000000000005f0                nrf_log_default_backends_init
 .text.invalid_packets_omit
                0x0000000000000628       0x3a Output/Release/Obj/flashwrite_pca10040/nrf_log_frontend.o
 *fill*         0x0000000000000662        0x2 
 .text.buf_prealloc
                0x0000000000000664      0x118 Output/Release/Obj/flashwrite_pca10040/nrf_log_frontend.o
 .text.module_idx_get.part.0
                0x000000000000077c       0x38 Output/Release/Obj/flashwrite_pca10040/nrf_log_frontend.o
 .text.nrf_log_init
                0x00000000000007b4       0x9c Output/Release/Obj/flashwrite_pca10040/nrf_log_frontend.o
                0x00000000000007b4                nrf_log_init
 .text.nrf_log_module_name_get
                0x0000000000000850       0x28 Output/Release/Obj/flashwrite_pca10040/nrf_log_frontend.o
                0x0000000000000850                nrf_log_module_name_get
 .text.nrf_log_color_id_get
                0x0000000000000878       0x2c Output/Release/Obj/flashwrite_pca10040/nrf_log_frontend.o
                0x0000000000000878                nrf_log_color_id_get
 .text.nrf_log_module_filter_set
                0x00000000000008a4       0x54 Output/Release/Obj/flashwrite_pca10040/nrf_log_frontend.o
                0x00000000000008a4                nrf_log_module_filter_set
 .text.buffer_is_empty
                0x00000000000008f8       0x14 Output/Release/Obj/flashwrite_pca10040/nrf_log_frontend.o
                0x00000000000008f8                buffer_is_empty
 .text.nrf_log_frontend_dequeue
                0x000000000000090c      0x240 Output/Release/Obj/flashwrite_pca10040/nrf_log_frontend.o
                0x000000000000090c                nrf_log_frontend_dequeue
 .text.std_n    0x0000000000000b4c       0x8c Output/Release/Obj/flashwrite_pca10040/nrf_log_frontend.o
 .text.nrf_log_frontend_std_0
                0x0000000000000bd8        0x8 Output/Release/Obj/flashwrite_pca10040/nrf_log_frontend.o
                0x0000000000000bd8                nrf_log_frontend_std_0
 .text.nrf_log_frontend_std_3
                0x0000000000000be0       0x18 Output/Release/Obj/flashwrite_pca10040/nrf_log_frontend.o
                0x0000000000000be0                nrf_log_frontend_std_3
 .text.nrf_log_backend_add
                0x0000000000000bf8       0x80 Output/Release/Obj/flashwrite_pca10040/nrf_log_frontend.o
                0x0000000000000bf8                nrf_log_backend_add
 .text.nrf_log_panic
                0x0000000000000c78       0x28 Output/Release/Obj/flashwrite_pca10040/nrf_log_frontend.o
                0x0000000000000c78                nrf_log_panic
 .text.postfix_process
                0x0000000000000ca0       0x44 Output/Release/Obj/flashwrite_pca10040/nrf_log_str_formatter.o
 .text.prefix_process
                0x0000000000000ce4       0x7c Output/Release/Obj/flashwrite_pca10040/nrf_log_str_formatter.o
 .text.nrf_log_std_entry_process
                0x0000000000000d60       0xc8 Output/Release/Obj/flashwrite_pca10040/nrf_log_str_formatter.o
                0x0000000000000d60                nrf_log_std_entry_process
 .text.nrf_log_hexdump_entry_process
                0x0000000000000e28       0xb8 Output/Release/Obj/flashwrite_pca10040/nrf_log_str_formatter.o
                0x0000000000000e28                nrf_log_hexdump_entry_process
 .text.app_error_handler_bare
                0x0000000000000ee0       0x1a Output/Release/Obj/flashwrite_pca10040/app_error.o
                0x0000000000000ee0                app_error_handler_bare
 *fill*         0x0000000000000efa        0x2 
 .text.app_error_fault_handler
                0x0000000000000efc       0x88 Output/Release/Obj/flashwrite_pca10040/app_error_weak.o
                0x0000000000000efc                app_error_fault_handler
 .text.app_util_disable_irq
                0x0000000000000f84       0x10 Output/Release/Obj/flashwrite_pca10040/app_util_platform.o
                0x0000000000000f84                app_util_disable_irq
 .text.app_util_enable_irq
                0x0000000000000f94       0x14 Output/Release/Obj/flashwrite_pca10040/app_util_platform.o
                0x0000000000000f94                app_util_enable_irq
 .text.app_util_critical_region_enter
                0x0000000000000fa8        0x4 Output/Release/Obj/flashwrite_pca10040/app_util_platform.o
                0x0000000000000fa8                app_util_critical_region_enter
 .text.app_util_critical_region_exit
                0x0000000000000fac        0x4 Output/Release/Obj/flashwrite_pca10040/app_util_platform.o
                0x0000000000000fac                app_util_critical_region_exit
 .text.RTC1_IRQHandler
                0x0000000000000fb0       0x14 Output/Release/Obj/flashwrite_pca10040/drv_rtc.o
                0x0000000000000fb0                RTC1_IRQHandler
 .text.nrf_atomic_u32_fetch_store
                0x0000000000000fc4       0x16 Output/Release/Obj/flashwrite_pca10040/nrf_atomic.o
                0x0000000000000fc4                nrf_atomic_u32_fetch_store
 .text.nrf_atomic_u32_or
                0x0000000000000fda       0x18 Output/Release/Obj/flashwrite_pca10040/nrf_atomic.o
                0x0000000000000fda                nrf_atomic_u32_or
 .text.nrf_atomic_u32_fetch_and
                0x0000000000000ff2       0x18 Output/Release/Obj/flashwrite_pca10040/nrf_atomic.o
                0x0000000000000ff2                nrf_atomic_u32_fetch_and
 .text.nrf_atomic_u32_add
                0x000000000000100a       0x18 Output/Release/Obj/flashwrite_pca10040/nrf_atomic.o
                0x000000000000100a                nrf_atomic_u32_add
 .text.nrf_atomic_u32_sub
                0x0000000000001022       0x18 Output/Release/Obj/flashwrite_pca10040/nrf_atomic.o
                0x0000000000001022                nrf_atomic_u32_sub
 .text.nrf_atomic_flag_set
                0x000000000000103a        0x6 Output/Release/Obj/flashwrite_pca10040/nrf_atomic.o
                0x000000000000103a                nrf_atomic_flag_set
 .text.nrf_atomic_flag_clear_fetch
                0x0000000000001040        0x6 Output/Release/Obj/flashwrite_pca10040/nrf_atomic.o
                0x0000000000001040                nrf_atomic_flag_clear_fetch
 .text.nrf_balloc_init
                0x0000000000001046       0x2e Output/Release/Obj/flashwrite_pca10040/nrf_balloc.o
                0x0000000000001046                nrf_balloc_init
 .text.nrf_balloc_alloc
                0x0000000000001074       0x40 Output/Release/Obj/flashwrite_pca10040/nrf_balloc.o
                0x0000000000001074                nrf_balloc_alloc
 .text.nrf_balloc_free
                0x00000000000010b4       0x2a Output/Release/Obj/flashwrite_pca10040/nrf_balloc.o
                0x00000000000010b4                nrf_balloc_free
 .text.nrf_fprintf_buffer_flush
                0x00000000000010de       0x16 Output/Release/Obj/flashwrite_pca10040/nrf_fprintf.o
                0x00000000000010de                nrf_fprintf_buffer_flush
 .text.nrf_fprintf
                0x00000000000010f4       0x1c Output/Release/Obj/flashwrite_pca10040/nrf_fprintf.o
                0x00000000000010f4                nrf_fprintf
 .text.buffer_add
                0x0000000000001110       0x2e Output/Release/Obj/flashwrite_pca10040/nrf_fprintf_format.o
 *fill*         0x000000000000113e        0x2 
 .text.unsigned_print
                0x0000000000001140       0xb4 Output/Release/Obj/flashwrite_pca10040/nrf_fprintf_format.o
 .text.nrf_fprintf_fmt
                0x00000000000011f4      0x29c Output/Release/Obj/flashwrite_pca10040/nrf_fprintf_format.o
                0x00000000000011f4                nrf_fprintf_fmt
 .text.memobj_op
                0x0000000000001490       0x86 Output/Release/Obj/flashwrite_pca10040/nrf_memobj.o
 .text.nrf_memobj_pool_init
                0x0000000000001516        0x4 Output/Release/Obj/flashwrite_pca10040/nrf_memobj.o
                0x0000000000001516                nrf_memobj_pool_init
 .text.nrf_memobj_free
                0x000000000000151a       0x2c Output/Release/Obj/flashwrite_pca10040/nrf_memobj.o
                0x000000000000151a                nrf_memobj_free
 .text.nrf_memobj_alloc
                0x0000000000001546       0x5e Output/Release/Obj/flashwrite_pca10040/nrf_memobj.o
                0x0000000000001546                nrf_memobj_alloc
 .text.nrf_memobj_get
                0x00000000000015a4        0x8 Output/Release/Obj/flashwrite_pca10040/nrf_memobj.o
                0x00000000000015a4                nrf_memobj_get
 .text.nrf_memobj_put
                0x00000000000015ac       0x1e Output/Release/Obj/flashwrite_pca10040/nrf_memobj.o
                0x00000000000015ac                nrf_memobj_put
 .text.nrf_memobj_write
                0x00000000000015ca       0x14 Output/Release/Obj/flashwrite_pca10040/nrf_memobj.o
                0x00000000000015ca                nrf_memobj_write
 .text.nrf_memobj_read
                0x00000000000015de       0x14 Output/Release/Obj/flashwrite_pca10040/nrf_memobj.o
                0x00000000000015de                nrf_memobj_read
 .text.nrf_ringbuf_init
                0x00000000000015f2       0x12 Output/Release/Obj/flashwrite_pca10040/nrf_ringbuf.o
                0x00000000000015f2                nrf_ringbuf_init
 .text.uarte_evt_handler
                0x0000000000001604       0x34 Output/Release/Obj/flashwrite_pca10040/nrf_drv_uart.o
 .text.uart_evt_handler
                0x0000000000001638       0x34 Output/Release/Obj/flashwrite_pca10040/nrf_drv_uart.o
 .text.nrf_drv_uart_init
                0x000000000000166c       0x7c Output/Release/Obj/flashwrite_pca10040/nrf_drv_uart.o
                0x000000000000166c                nrf_drv_uart_init
 .text.wait_for_flash_ready
                0x00000000000016e8       0x10 Output/Release/Obj/flashwrite_pca10040/nrf_nvmc.o
 .text.nrf_nvmc_page_erase
                0x00000000000016f8       0x30 Output/Release/Obj/flashwrite_pca10040/nrf_nvmc.o
                0x00000000000016f8                nrf_nvmc_page_erase
 .text.nrf_nvmc_write_word
                0x0000000000001728       0x2c Output/Release/Obj/flashwrite_pca10040/nrf_nvmc.o
                0x0000000000001728                nrf_nvmc_write_word
 .text.nrf_clock_event_clear
                0x0000000000001754       0x14 Output/Release/Obj/flashwrite_pca10040/nrfx_clock.o
 .text.POWER_CLOCK_IRQHandler
                0x0000000000001768       0x58 Output/Release/Obj/flashwrite_pca10040/nrfx_clock.o
                0x0000000000001768                POWER_CLOCK_IRQHandler
 .text.UARTE0_UART0_IRQHandler
                0x00000000000017c0        0xc Output/Release/Obj/flashwrite_pca10040/nrfx_prs.o
                0x00000000000017c0                UARTE0_UART0_IRQHandler
 .text.nrfx_prs_acquire
                0x00000000000017cc       0x38 Output/Release/Obj/flashwrite_pca10040/nrfx_prs.o
                0x00000000000017cc                nrfx_prs_acquire
 .text.nrfx_prs_release
                0x0000000000001804       0x18 Output/Release/Obj/flashwrite_pca10040/nrfx_prs.o
                0x0000000000001804                nrfx_prs_release
 .text.nrf_uart_event_clear
                0x000000000000181c       0x10 Output/Release/Obj/flashwrite_pca10040/nrfx_uart.o
 .text.tx_byte  0x000000000000182c       0x1e Output/Release/Obj/flashwrite_pca10040/nrfx_uart.o
 .text.rx_byte  0x000000000000184a       0x2c Output/Release/Obj/flashwrite_pca10040/nrfx_uart.o
 *fill*         0x0000000000001876        0x2 
 .text.rx_done_event.constprop.0
                0x0000000000001878       0x20 Output/Release/Obj/flashwrite_pca10040/nrfx_uart.o
 .text.nrfx_uart_0_irq_handler
                0x0000000000001898      0x13c Output/Release/Obj/flashwrite_pca10040/nrfx_uart.o
                0x0000000000001898                nrfx_uart_0_irq_handler
 .text.nrfx_uart_init
                0x00000000000019d4      0x16c Output/Release/Obj/flashwrite_pca10040/nrfx_uart.o
                0x00000000000019d4                nrfx_uart_init
 .text.nrfx_uart_uninit
                0x0000000000001b40       0xd4 Output/Release/Obj/flashwrite_pca10040/nrfx_uart.o
                0x0000000000001b40                nrfx_uart_uninit
 .text.nrfx_uart_tx
                0x0000000000001c14       0x8c Output/Release/Obj/flashwrite_pca10040/nrfx_uart.o
                0x0000000000001c14                nrfx_uart_tx
 .text.nrf_uarte_event_clear
                0x0000000000001ca0       0x10 Output/Release/Obj/flashwrite_pca10040/nrfx_uarte.o
 .text.rx_done_event.constprop.0
                0x0000000000001cb0       0x20 Output/Release/Obj/flashwrite_pca10040/nrfx_uarte.o
 .text.nrfx_uarte_0_irq_handler
                0x0000000000001cd0      0x118 Output/Release/Obj/flashwrite_pca10040/nrfx_uarte.o
                0x0000000000001cd0                nrfx_uarte_0_irq_handler
 .text.nrfx_uarte_init
                0x0000000000001de8      0x188 Output/Release/Obj/flashwrite_pca10040/nrfx_uarte.o
                0x0000000000001de8                nrfx_uarte_init
 .text.nrfx_uarte_uninit
                0x0000000000001f70      0x120 Output/Release/Obj/flashwrite_pca10040/nrfx_uarte.o
                0x0000000000001f70                nrfx_uarte_uninit
 .text.nrfx_uarte_tx
                0x0000000000002090       0x90 Output/Release/Obj/flashwrite_pca10040/nrfx_uarte.o
                0x0000000000002090                nrfx_uarte_tx
 .text.nrf_saadc_event_clear
                0x0000000000002120       0x18 Output/Release/Obj/flashwrite_pca10040/nrfx_saadc.o
 .text.SAADC_IRQHandler
                0x0000000000002138      0x160 Output/Release/Obj/flashwrite_pca10040/nrfx_saadc.o
                0x0000000000002138                SAADC_IRQHandler
 .text.nrfx_saadc_init
                0x0000000000002298       0x90 Output/Release/Obj/flashwrite_pca10040/nrfx_saadc.o
                0x0000000000002298                nrfx_saadc_init
 .text.nrfx_saadc_channel_init
                0x0000000000002328       0xb4 Output/Release/Obj/flashwrite_pca10040/nrfx_saadc.o
                0x0000000000002328                nrfx_saadc_channel_init
 .text.nrfx_saadc_sample_convert
                0x00000000000023dc       0xdc Output/Release/Obj/flashwrite_pca10040/nrfx_saadc.o
                0x00000000000023dc                nrfx_saadc_sample_convert
 .text.TIMER0_IRQHandler
                0x00000000000024b8       0x54 Output/Release/Obj/flashwrite_pca10040/nrfx_timer.o
                0x00000000000024b8                TIMER0_IRQHandler
 .text.saadc_callback_handler
                0x000000000000250c        0x2 Output/Release/Obj/flashwrite_pca10040/main.o
                0x000000000000250c                saadc_callback_handler
 *fill*         0x000000000000250e        0x2 
 .text.saadc_init
                0x0000000000002510       0x40 Output/Release/Obj/flashwrite_pca10040/main.o
                0x0000000000002510                saadc_init
 .text.f_temp   0x0000000000002550       0x44 Output/Release/Obj/flashwrite_pca10040/main.o
                0x0000000000002550                f_temp
 .text.f_store  0x0000000000002594       0xd0 Output/Release/Obj/flashwrite_pca10040/main.o
                0x0000000000002594                f_store
 *fill*         0x0000000000002664        0x4 
 .text.startup.main
                0x0000000000002668      0x14c Output/Release/Obj/flashwrite_pca10040/main.o
                0x0000000000002668                main
 .text._GetAvailWriteSpace
                0x00000000000027b4       0x1c Output/Release/Obj/flashwrite_pca10040/SEGGER_RTT.o
 .text._WriteNoCheck
                0x00000000000027d0       0x38 Output/Release/Obj/flashwrite_pca10040/SEGGER_RTT.o
 .text._WriteBlocking
                0x0000000000002808       0x52 Output/Release/Obj/flashwrite_pca10040/SEGGER_RTT.o
 *fill*         0x000000000000285a        0x2 
 .text._DoInit  0x000000000000285c       0x60 Output/Release/Obj/flashwrite_pca10040/SEGGER_RTT.o
 .text.SEGGER_RTT_WriteNoLock
                0x00000000000028bc       0x68 Output/Release/Obj/flashwrite_pca10040/SEGGER_RTT.o
                0x00000000000028bc                SEGGER_RTT_WriteNoLock
 .text.SEGGER_RTT_Init
                0x0000000000002924        0x4 Output/Release/Obj/flashwrite_pca10040/SEGGER_RTT.o
                0x0000000000002924                SEGGER_RTT_Init
 .text.nrf52_errata_12
                0x0000000000002928       0x1c Output/Release/Obj/flashwrite_pca10040/system_nrf52.o
 .text.nrf52_errata_16
                0x0000000000002944       0x2c Output/Release/Obj/flashwrite_pca10040/system_nrf52.o
 .text.SystemInit
                0x0000000000002970      0x274 Output/Release/Obj/flashwrite_pca10040/system_nrf52.o
                0x0000000000002970                SystemInit
 .text.__aeabi_dmul
                0x0000000000002be4      0x138 C:/segger/arm_segger_embedded_studio_v510c_win_x64_nordic/lib/libm_v7em_fpv4_sp_d16_hard_t_le_eabi.a(libm_asm.o)
                0x0000000000002be4                __aeabi_dmul
 .text.__aeabi_i2d
                0x0000000000002d1c       0x28 C:/segger/arm_segger_embedded_studio_v510c_win_x64_nordic/lib/libm_v7em_fpv4_sp_d16_hard_t_le_eabi.a(libm_asm.o)
                0x0000000000002d1c                __aeabi_i2d
 .text.__aeabi_d2f
                0x0000000000002d44       0x54 C:/segger/arm_segger_embedded_studio_v510c_win_x64_nordic/lib/libm_v7em_fpv4_sp_d16_hard_t_le_eabi.a(libm_asm.o)
                0x0000000000002d44                __aeabi_d2f
 .text.libc.__RAL_ascii_isctype
                0x0000000000002d98       0x1c C:/segger/arm_segger_embedded_studio_v510c_win_x64_nordic/lib/libc_v7em_fpv4_sp_d16_hard_t_le_eabi.a(libc2.o)
 .text.libc.__RAL_ascii_toupper
                0x0000000000002db4        0xc C:/segger/arm_segger_embedded_studio_v510c_win_x64_nordic/lib/libc_v7em_fpv4_sp_d16_hard_t_le_eabi.a(libc2.o)
 .text.libc.__RAL_ascii_tolower
                0x0000000000002dc0        0xc C:/segger/arm_segger_embedded_studio_v510c_win_x64_nordic/lib/libc_v7em_fpv4_sp_d16_hard_t_le_eabi.a(libc2.o)
 .text.libc.__RAL_ascii_iswctype
                0x0000000000002dcc       0x1c C:/segger/arm_segger_embedded_studio_v510c_win_x64_nordic/lib/libc_v7em_fpv4_sp_d16_hard_t_le_eabi.a(libc2.o)
 .text.libc.__RAL_ascii_towupper
                0x0000000000002de8        0xc C:/segger/arm_segger_embedded_studio_v510c_win_x64_nordic/lib/libc_v7em_fpv4_sp_d16_hard_t_le_eabi.a(libc2.o)
 .text.libc.__RAL_ascii_towlower
                0x0000000000002df4        0xc C:/segger/arm_segger_embedded_studio_v510c_win_x64_nordic/lib/libc_v7em_fpv4_sp_d16_hard_t_le_eabi.a(libc2.o)
 .text.libc.__RAL_ascii_wctomb
                0x0000000000002e00        0xe C:/segger/arm_segger_embedded_studio_v510c_win_x64_nordic/lib/libc_v7em_fpv4_sp_d16_hard_t_le_eabi.a(libc2.o)
                0x0000000000002e00                __RAL_ascii_wctomb
 .text.libc.__RAL_ascii_mbtowc
                0x0000000000002e0e       0x24 C:/segger/arm_segger_embedded_studio_v510c_win_x64_nordic/lib/libc_v7em_fpv4_sp_d16_hard_t_le_eabi.a(libc2.o)
                0x0000000000002e0e                __RAL_ascii_mbtowc
 *fill*         0x0000000000002e32        0x2 
 .text.libc.__RAL_isctype
                0x0000000000002e34       0x14 C:/segger/arm_segger_embedded_studio_v510c_win_x64_nordic/lib/libc_v7em_fpv4_sp_d16_hard_t_le_eabi.a(libc2.o)
                0x0000000000002e34                __RAL_isctype
 .text.libc.isprint
                0x0000000000002e48        0xa C:/segger/arm_segger_embedded_studio_v510c_win_x64_nordic/lib/libc_v7em_fpv4_sp_d16_hard_t_le_eabi.a(libc2.o)
                0x0000000000002e48                isprint
 .text.libc.strncmp
                0x0000000000002e52       0x3a C:/segger/arm_segger_embedded_studio_v510c_win_x64_nordic/lib/libc_v7em_fpv4_sp_d16_hard_t_le_eabi.a(libc2.o)
                0x0000000000002e52                strncmp
 .text.libc.memcpy
                0x0000000000002e8c       0x52 C:/segger/arm_segger_embedded_studio_v510c_win_x64_nordic/lib/libc_v7em_fpv4_sp_d16_hard_t_le_eabi.a(libc2_asm.o)
                0x0000000000002e8c                __aeabi_memcpy
                0x0000000000002e8c                memcpy
                0x0000000000002e98                __aeabi_memcpy8
                0x0000000000002e98                __aeabi_memcpy4
 .text.libc.strcpy
                0x0000000000002ede       0x44 C:/segger/arm_segger_embedded_studio_v510c_win_x64_nordic/lib/libc_v7em_fpv4_sp_d16_hard_t_le_eabi.a(libc2_asm.o)
                0x0000000000002ede                strcpy
 .text.libc.strlen
                0x0000000000002f22       0x60 C:/segger/arm_segger_embedded_studio_v510c_win_x64_nordic/lib/libc_v7em_fpv4_sp_d16_hard_t_le_eabi.a(libc2_asm.o)
                0x0000000000002f22                strlen
                0x0000000000002f82                __text_end__ = (__text_start__ + SIZEOF (.text))
                0x0000000000002bb2                __text_size__ = SIZEOF (.text)
                0x0000000000002f82                __text_load_end__ = __text_end__

.vfp11_veneer   0x0000000100000000        0x0
 .vfp11_veneer  0x0000000100000000        0x0 linker stubs

.v4_bx          0x0000000100000000        0x0
 .v4_bx         0x0000000100000000        0x0 linker stubs

.iplt           0x0000000100000000        0x0
 .iplt          0x0000000100000000        0x0 Output/Release/Obj/flashwrite_pca10040/thumb_crt0.o
                0x0000000000000001                . = ASSERT (((__text_start__ == __text_end__) || ((__text_end__ - __FLASH_segment_start__) <= __FLASH_segment_size__)), error: .text is too large to fit in FLASH memory segment)
                0x0000000000002f84                __log_const_data_load_start__ = ALIGN (__text_end__, 0x4)

.log_const_data
                0x0000000000002f84       0x78
                0x0000000000002f84                __log_const_data_start__ = .
                0x0000000000002f84                __start_log_const_data = __log_const_data_start__
 *(SORT_BY_NAME(.log_const_data*))
 .log_const_data_CLOCK
                0x0000000000002f84        0x8 Output/Release/Obj/flashwrite_pca10040/nrfx_clock.o
                0x0000000000002f84                m_nrf_log_CLOCK_logs_data_const
 .log_const_data_PPI
                0x0000000000002f8c        0x8 Output/Release/Obj/flashwrite_pca10040/nrfx_ppi.o
                0x0000000000002f8c                m_nrf_log_PPI_logs_data_const
 .log_const_data_PRS
                0x0000000000002f94        0x8 Output/Release/Obj/flashwrite_pca10040/nrfx_prs.o
                0x0000000000002f94                m_nrf_log_PRS_logs_data_const
 .log_const_data_SAADC
                0x0000000000002f9c        0x8 Output/Release/Obj/flashwrite_pca10040/nrfx_saadc.o
                0x0000000000002f9c                m_nrf_log_SAADC_logs_data_const
 .log_const_data_TIMER
                0x0000000000002fa4        0x8 Output/Release/Obj/flashwrite_pca10040/nrfx_timer.o
                0x0000000000002fa4                m_nrf_log_TIMER_logs_data_const
 .log_const_data_UART
                0x0000000000002fac        0x8 Output/Release/Obj/flashwrite_pca10040/nrfx_uart.o
                0x0000000000002fac                m_nrf_log_UART_logs_data_const
 .log_const_data_UARTE
                0x0000000000002fb4        0x8 Output/Release/Obj/flashwrite_pca10040/nrfx_uarte.o
                0x0000000000002fb4                m_nrf_log_UARTE_logs_data_const
 .log_const_data_app
                0x0000000000002fbc        0x8 Output/Release/Obj/flashwrite_pca10040/nrf_log_frontend.o
                0x0000000000002fbc                m_nrf_log_app_logs_data_const
 .log_const_data_app_timer
                0x0000000000002fc4        0x8 Output/Release/Obj/flashwrite_pca10040/app_timer2.o
                0x0000000000002fc4                m_nrf_log_app_timer_logs_data_const
 .log_const_data_atfifo_m_req_fifo
                0x0000000000002fcc        0x8 Output/Release/Obj/flashwrite_pca10040/app_timer2.o
                0x0000000000002fcc                m_nrf_log_atfifo_m_req_fifo_logs_data_const
 .log_const_data_balloc_log_mempool
                0x0000000000002fd4        0x8 Output/Release/Obj/flashwrite_pca10040/nrf_log_frontend.o
                0x0000000000002fd4                m_nrf_log_balloc_log_mempool_logs_data_const
 .log_const_data_cli_uart
                0x0000000000002fdc        0x8 Output/Release/Obj/flashwrite_pca10040/nrf_cli_uart.o
                0x0000000000002fdc                m_nrf_log_cli_uart_logs_data_const
 .log_const_data_clock
                0x0000000000002fe4        0x8 Output/Release/Obj/flashwrite_pca10040/nrf_drv_clock.o
                0x0000000000002fe4                m_nrf_log_clock_logs_data_const
 .log_const_data_pwr_mgmt
                0x0000000000002fec        0x8 Output/Release/Obj/flashwrite_pca10040/nrf_pwr_mgmt.o
                0x0000000000002fec                m_nrf_log_pwr_mgmt_logs_data_const
 .log_const_data_sortlist
                0x0000000000002ff4        0x8 Output/Release/Obj/flashwrite_pca10040/nrf_sortlist.o
                0x0000000000002ff4                m_nrf_log_sortlist_logs_data_const
                0x0000000000002ffc                __log_const_data_end__ = (__log_const_data_start__ + SIZEOF (.log_const_data))
                0x0000000000000078                __log_const_data_size__ = SIZEOF (.log_const_data)
                0x0000000000002ffc                __stop_log_const_data = __log_const_data_end__
                0x0000000000002ffc                __log_const_data_load_end__ = __log_const_data_end__
                0x0000000000000001                . = ASSERT (((__log_const_data_start__ == __log_const_data_end__) || ((__log_const_data_end__ - __FLASH_segment_start__) <= __FLASH_segment_size__)), error: .log_const_data is too large to fit in FLASH memory segment)
                0x0000000000002ffc                __log_backends_load_start__ = ALIGN (__log_const_data_end__, 0x4)

.log_backends   0x0000000000002ffc       0x20
                0x0000000000002ffc                __log_backends_start__ = .
                0x0000000000002ffc                __start_log_backends = __log_backends_start__
 *(SORT_BY_NAME(.log_backends*))
 .log_backends  0x0000000000002ffc       0x20 Output/Release/Obj/flashwrite_pca10040/nrf_log_default_backends.o
                0x000000000000301c                __log_backends_end__ = (__log_backends_start__ + SIZEOF (.log_backends))
                0x0000000000000020                __log_backends_size__ = SIZEOF (.log_backends)
                0x000000000000301c                __stop_log_backends = __log_backends_end__
                0x000000000000301c                __log_backends_load_end__ = __log_backends_end__
                0x0000000000000001                . = ASSERT (((__log_backends_start__ == __log_backends_end__) || ((__log_backends_end__ - __FLASH_segment_start__) <= __FLASH_segment_size__)), error: .log_backends is too large to fit in FLASH memory segment)
                0x000000000000301c                __nrf_balloc_load_start__ = ALIGN (__log_backends_end__, 0x4)

.nrf_balloc     0x000000000000301c       0x1c
                0x000000000000301c                __nrf_balloc_start__ = .
                0x000000000000301c                __start_nrf_balloc = __nrf_balloc_start__
 *(.nrf_balloc*)
 .nrf_balloc    0x000000000000301c       0x1c Output/Release/Obj/flashwrite_pca10040/nrf_log_frontend.o
                0x000000000000301c                log_mempool
                0x0000000000003038                __nrf_balloc_end__ = (__nrf_balloc_start__ + SIZEOF (.nrf_balloc))
                0x000000000000001c                __nrf_balloc_size__ = SIZEOF (.nrf_balloc)
                0x0000000000003038                __stop_nrf_balloc = __nrf_balloc_end__
                0x0000000000003038                __nrf_balloc_load_end__ = __nrf_balloc_end__
                0x0000000000000001                . = ASSERT (((__nrf_balloc_start__ == __nrf_balloc_end__) || ((__nrf_balloc_end__ - __FLASH_segment_start__) <= __FLASH_segment_size__)), error: .nrf_balloc is too large to fit in FLASH memory segment)
                0x0000000000003038                __nrf_sections_load_start__ = ALIGN (__nrf_balloc_end__, 0x4)

.nrf_sections   0x0000000000003038        0x0
                0x0000000000003038                __nrf_sections_start__ = .
                0x0000000000003038                __start_nrf_sections = __nrf_sections_start__
 *(.nrf_sections .nrf_sections.*)
                0x0000000000003038                __nrf_sections_end__ = (__nrf_sections_start__ + SIZEOF (.nrf_sections))
                0x0000000000000000                __nrf_sections_size__ = SIZEOF (.nrf_sections)
                0x0000000000003038                __nrf_sections_load_end__ = __nrf_sections_end__
                0x0000000000000001                . = ASSERT (((__nrf_sections_start__ == __nrf_sections_end__) || ((__nrf_sections_end__ - __FLASH_segment_start__) <= __FLASH_segment_size__)), error: .nrf_sections is too large to fit in FLASH memory segment)
                0x0000000000003038                __log_dynamic_data_load_start__ = ALIGN (__nrf_sections_end__, 0x4)

.log_dynamic_data
                0x0000000020000000       0x3c load address 0x0000000000003038
                0x0000000020000000                __log_dynamic_data_start__ = .
 *(SORT_BY_NAME(.log_dynamic_data*))
 .log_dynamic_data_CLOCK
                0x0000000020000000        0x4 Output/Release/Obj/flashwrite_pca10040/nrfx_clock.o
                0x0000000020000000                m_nrf_log_CLOCK_logs_data_dynamic
 .log_dynamic_data_PPI
                0x0000000020000004        0x4 Output/Release/Obj/flashwrite_pca10040/nrfx_ppi.o
                0x0000000020000004                m_nrf_log_PPI_logs_data_dynamic
 .log_dynamic_data_PRS
                0x0000000020000008        0x4 Output/Release/Obj/flashwrite_pca10040/nrfx_prs.o
                0x0000000020000008                m_nrf_log_PRS_logs_data_dynamic
 .log_dynamic_data_SAADC
                0x000000002000000c        0x4 Output/Release/Obj/flashwrite_pca10040/nrfx_saadc.o
                0x000000002000000c                m_nrf_log_SAADC_logs_data_dynamic
 .log_dynamic_data_TIMER
                0x0000000020000010        0x4 Output/Release/Obj/flashwrite_pca10040/nrfx_timer.o
                0x0000000020000010                m_nrf_log_TIMER_logs_data_dynamic
 .log_dynamic_data_UART
                0x0000000020000014        0x4 Output/Release/Obj/flashwrite_pca10040/nrfx_uart.o
                0x0000000020000014                m_nrf_log_UART_logs_data_dynamic
 .log_dynamic_data_UARTE
                0x0000000020000018        0x4 Output/Release/Obj/flashwrite_pca10040/nrfx_uarte.o
                0x0000000020000018                m_nrf_log_UARTE_logs_data_dynamic
 .log_dynamic_data_app
                0x000000002000001c        0x4 Output/Release/Obj/flashwrite_pca10040/nrf_log_frontend.o
                0x000000002000001c                m_nrf_log_app_logs_data_dynamic
 .log_dynamic_data_app_timer
                0x0000000020000020        0x4 Output/Release/Obj/flashwrite_pca10040/app_timer2.o
                0x0000000020000020                m_nrf_log_app_timer_logs_data_dynamic
 .log_dynamic_data_atfifo_m_req_fifo
                0x0000000020000024        0x4 Output/Release/Obj/flashwrite_pca10040/app_timer2.o
                0x0000000020000024                m_nrf_log_atfifo_m_req_fifo_logs_data_dynamic
 .log_dynamic_data_balloc_log_mempool
                0x0000000020000028        0x4 Output/Release/Obj/flashwrite_pca10040/nrf_log_frontend.o
                0x0000000020000028                m_nrf_log_balloc_log_mempool_logs_data_dynamic
 .log_dynamic_data_cli_uart
                0x000000002000002c        0x4 Output/Release/Obj/flashwrite_pca10040/nrf_cli_uart.o
                0x000000002000002c                m_nrf_log_cli_uart_logs_data_dynamic
 .log_dynamic_data_clock
                0x0000000020000030        0x4 Output/Release/Obj/flashwrite_pca10040/nrf_drv_clock.o
                0x0000000020000030                m_nrf_log_clock_logs_data_dynamic
 .log_dynamic_data_pwr_mgmt
                0x0000000020000034        0x4 Output/Release/Obj/flashwrite_pca10040/nrf_pwr_mgmt.o
                0x0000000020000034                m_nrf_log_pwr_mgmt_logs_data_dynamic
 .log_dynamic_data_sortlist
                0x0000000020000038        0x4 Output/Release/Obj/flashwrite_pca10040/nrf_sortlist.o
                0x0000000020000038                m_nrf_log_sortlist_logs_data_dynamic
                0x000000002000003c                __log_dynamic_data_end__ = (__log_dynamic_data_start__ + SIZEOF (.log_dynamic_data))
                0x000000000000003c                __log_dynamic_data_size__ = SIZEOF (.log_dynamic_data)
                0x0000000000003074                __log_dynamic_data_load_end__ = (__log_dynamic_data_load_start__ + SIZEOF (.log_dynamic_data))
                0x0000000000000001                . = ASSERT (((__log_dynamic_data_load_start__ == __log_dynamic_data_load_end__) || ((__log_dynamic_data_load_end__ - __FLASH_segment_start__) <= __FLASH_segment_size__)), error: .log_dynamic_data is too large to fit in FLASH memory segment)

.log_dynamic_data_run
                0x0000000020000000       0x3c load address 0x0000000000003038
                0x0000000020000000                __log_dynamic_data_run_start__ = .
                0x0000000020000000                __start_log_dynamic_data = __log_dynamic_data_run_start__
                0x000000002000003c                . = MAX ((__log_dynamic_data_run_start__ + SIZEOF (.log_dynamic_data)), .)
 *fill*         0x0000000020000000       0x3c 
                0x000000002000003c                __log_dynamic_data_run_end__ = (__log_dynamic_data_run_start__ + SIZEOF (.log_dynamic_data_run))
                0x000000000000003c                __log_dynamic_data_run_size__ = SIZEOF (.log_dynamic_data_run)
                0x000000002000003c                __stop_log_dynamic_data = __log_dynamic_data_run_end__
                0x000000002000003c                __log_dynamic_data_run_load_end__ = __log_dynamic_data_run_end__
                0x0000000000000001                . = ASSERT (((__log_dynamic_data_run_start__ == __log_dynamic_data_run_end__) || ((__log_dynamic_data_run_end__ - __RAM1_segment_start__) <= __RAM1_segment_size__)), error: .log_dynamic_data_run is too large to fit in RAM1 memory segment)
                0x0000000000003074                __log_filter_data_load_start__ = ALIGN ((__log_dynamic_data_load_start__ + SIZEOF (.log_dynamic_data)), 0x4)

.log_filter_data
                0x000000002000003c       0x3c load address 0x0000000000003074
                0x000000002000003c                __log_filter_data_start__ = .
 *(SORT_BY_NAME(.log_filter_data*))
 .log_filter_data_CLOCK
                0x000000002000003c        0x4 Output/Release/Obj/flashwrite_pca10040/nrfx_clock.o
                0x000000002000003c                m_nrf_log_CLOCK_logs_data_filter
 .log_filter_data_PPI
                0x0000000020000040        0x4 Output/Release/Obj/flashwrite_pca10040/nrfx_ppi.o
                0x0000000020000040                m_nrf_log_PPI_logs_data_filter
 .log_filter_data_PRS
                0x0000000020000044        0x4 Output/Release/Obj/flashwrite_pca10040/nrfx_prs.o
                0x0000000020000044                m_nrf_log_PRS_logs_data_filter
 .log_filter_data_SAADC
                0x0000000020000048        0x4 Output/Release/Obj/flashwrite_pca10040/nrfx_saadc.o
                0x0000000020000048                m_nrf_log_SAADC_logs_data_filter
 .log_filter_data_TIMER
                0x000000002000004c        0x4 Output/Release/Obj/flashwrite_pca10040/nrfx_timer.o
                0x000000002000004c                m_nrf_log_TIMER_logs_data_filter
 .log_filter_data_UART
                0x0000000020000050        0x4 Output/Release/Obj/flashwrite_pca10040/nrfx_uart.o
                0x0000000020000050                m_nrf_log_UART_logs_data_filter
 .log_filter_data_UARTE
                0x0000000020000054        0x4 Output/Release/Obj/flashwrite_pca10040/nrfx_uarte.o
                0x0000000020000054                m_nrf_log_UARTE_logs_data_filter
 .log_filter_data_app
                0x0000000020000058        0x4 Output/Release/Obj/flashwrite_pca10040/nrf_log_frontend.o
                0x0000000020000058                m_nrf_log_app_logs_data_filter
 .log_filter_data_app_timer
                0x000000002000005c        0x4 Output/Release/Obj/flashwrite_pca10040/app_timer2.o
                0x000000002000005c                m_nrf_log_app_timer_logs_data_filter
 .log_filter_data_atfifo_m_req_fifo
                0x0000000020000060        0x4 Output/Release/Obj/flashwrite_pca10040/app_timer2.o
                0x0000000020000060                m_nrf_log_atfifo_m_req_fifo_logs_data_filter
 .log_filter_data_balloc_log_mempool
                0x0000000020000064        0x4 Output/Release/Obj/flashwrite_pca10040/nrf_log_frontend.o
                0x0000000020000064                m_nrf_log_balloc_log_mempool_logs_data_filter
 .log_filter_data_cli_uart
                0x0000000020000068        0x4 Output/Release/Obj/flashwrite_pca10040/nrf_cli_uart.o
                0x0000000020000068                m_nrf_log_cli_uart_logs_data_filter
 .log_filter_data_clock
                0x000000002000006c        0x4 Output/Release/Obj/flashwrite_pca10040/nrf_drv_clock.o
                0x000000002000006c                m_nrf_log_clock_logs_data_filter
 .log_filter_data_pwr_mgmt
                0x0000000020000070        0x4 Output/Release/Obj/flashwrite_pca10040/nrf_pwr_mgmt.o
                0x0000000020000070                m_nrf_log_pwr_mgmt_logs_data_filter
 .log_filter_data_sortlist
                0x0000000020000074        0x4 Output/Release/Obj/flashwrite_pca10040/nrf_sortlist.o
                0x0000000020000074                m_nrf_log_sortlist_logs_data_filter
                0x0000000020000078                __log_filter_data_end__ = (__log_filter_data_start__ + SIZEOF (.log_filter_data))
                0x000000000000003c                __log_filter_data_size__ = SIZEOF (.log_filter_data)
                0x00000000000030b0                __log_filter_data_load_end__ = (__log_filter_data_load_start__ + SIZEOF (.log_filter_data))
                0x0000000000000001                . = ASSERT (((__log_filter_data_load_start__ == __log_filter_data_load_end__) || ((__log_filter_data_load_end__ - __FLASH_segment_start__) <= __FLASH_segment_size__)), error: .log_filter_data is too large to fit in FLASH memory segment)

.log_filter_data_run
                0x000000002000003c       0x3c load address 0x0000000000003074
                0x000000002000003c                __log_filter_data_run_start__ = .
                0x000000002000003c                __start_log_filter_data = __log_filter_data_run_start__
                0x0000000020000078                . = MAX ((__log_filter_data_run_start__ + SIZEOF (.log_filter_data)), .)
 *fill*         0x000000002000003c       0x3c 
                0x0000000020000078                __log_filter_data_run_end__ = (__log_filter_data_run_start__ + SIZEOF (.log_filter_data_run))
                0x000000000000003c                __log_filter_data_run_size__ = SIZEOF (.log_filter_data_run)
                0x0000000020000078                __stop_log_filter_data = __log_filter_data_run_end__
                0x0000000020000078                __log_filter_data_run_load_end__ = __log_filter_data_run_end__
                0x0000000000000001                . = ASSERT (((__log_filter_data_run_start__ == __log_filter_data_run_end__) || ((__log_filter_data_run_end__ - __RAM1_segment_start__) <= __RAM1_segment_size__)), error: .log_filter_data_run is too large to fit in RAM1 memory segment)
                0x0000000020000078                __nrf_sections_run_end_load_start__ = ALIGN (__log_filter_data_run_end__, 0x4)

.nrf_sections_run_end
                0x0000000020000078        0x0
                0x0000000020000078                __nrf_sections_run_end_start__ = .
                0x0000000020000078                __end_nrf_sections_run = __nrf_sections_run_end_start__
 *(.nrf_sections_run_end .nrf_sections_run_end.*)
                0x0000000020000078                __nrf_sections_run_end_end__ = (__nrf_sections_run_end_start__ + SIZEOF (.nrf_sections_run_end))
                0x0000000000000000                __nrf_sections_run_end_size__ = SIZEOF (.nrf_sections_run_end)
                0x0000000020000078                __nrf_sections_run_end_load_end__ = __nrf_sections_run_end_end__
                0x0000000000000001                . = ASSERT (((__nrf_sections_run_end_start__ == __nrf_sections_run_end_end__) || ((__nrf_sections_run_end_end__ - __RAM1_segment_start__) <= __RAM1_segment_size__)), error: .nrf_sections_run_end is too large to fit in RAM1 memory segment)
                0x00000000000030b0                __dtors_load_start__ = ALIGN ((__log_filter_data_load_start__ + SIZEOF (.log_filter_data)), 0x4)

.dtors          0x00000000000030b0        0x0
                0x00000000000030b0                __dtors_start__ = .
 *(SORT_BY_NAME(.dtors.*))
 *(.dtors)
 *(.fini_array)
 *(SORT_BY_NAME(.fini_array.*))
                0x00000000000030b0                __dtors_end__ = (__dtors_start__ + SIZEOF (.dtors))
                0x0000000000000000                __dtors_size__ = SIZEOF (.dtors)
                0x00000000000030b0                __dtors_load_end__ = __dtors_end__
                0x0000000000000001                . = ASSERT (((__dtors_start__ == __dtors_end__) || ((__dtors_end__ - __FLASH_segment_start__) <= __FLASH_segment_size__)), error: .dtors is too large to fit in FLASH memory segment)
                0x00000000000030b0                __ctors_load_start__ = ALIGN (__dtors_end__, 0x4)

.ctors          0x00000000000030b0        0x0
                0x00000000000030b0                __ctors_start__ = .
 *(SORT_BY_NAME(.ctors.*))
 *(.ctors)
 *(.init_array)
 *(SORT_BY_NAME(.init_array.*))
                0x00000000000030b0                __ctors_end__ = (__ctors_start__ + SIZEOF (.ctors))
                0x0000000000000000                __ctors_size__ = SIZEOF (.ctors)
                0x00000000000030b0                __ctors_load_end__ = __ctors_end__
                0x0000000000000001                . = ASSERT (((__ctors_start__ == __ctors_end__) || ((__ctors_end__ - __FLASH_segment_start__) <= __FLASH_segment_size__)), error: .ctors is too large to fit in FLASH memory segment)
                0x00000000000030b0                __rodata_load_start__ = ALIGN (__ctors_end__, 0x4)

.rodata         0x00000000000030b0      0x6e6
                0x00000000000030b0                __rodata_start__ = .
 *(.rodata .rodata.* .gnu.linkonce.r.*)
 .rodata.delay_machine_code.8313
                0x00000000000030b0        0x6 Output/Release/Obj/flashwrite_pca10040/nrf_log_backend_rtt.o
 *fill*         0x00000000000030b6        0x2 
 .rodata.nrf_log_backend_rtt_api
                0x00000000000030b8        0xc Output/Release/Obj/flashwrite_pca10040/nrf_log_backend_rtt.o
                0x00000000000030b8                nrf_log_backend_rtt_api
 .rodata        0x00000000000030c4       0x20 Output/Release/Obj/flashwrite_pca10040/nrf_log_backend_uart.o
 .rodata.nrf_log_backend_uart_api
                0x00000000000030e4        0xc Output/Release/Obj/flashwrite_pca10040/nrf_log_backend_uart.o
                0x00000000000030e4                nrf_log_backend_uart_api
 .rodata.str1.1
                0x00000000000030f0       0x21 Output/Release/Obj/flashwrite_pca10040/nrf_log_default_backends.o
 .rodata.nrf_log_frontend_dequeue.str1.1
                0x0000000000003111       0x11 Output/Release/Obj/flashwrite_pca10040/nrf_log_frontend.o
 .rodata.str1.1
                0x0000000000003122      0x244 Output/Release/Obj/flashwrite_pca10040/nrf_log_frontend.o
                                        0x265 (size before relaxing)
 *fill*         0x0000000000003366        0x2 
 .rodata.m_log_push_ringbuf
                0x0000000000003368        0xc Output/Release/Obj/flashwrite_pca10040/nrf_log_frontend.o
 .rodata.postfix_process.str1.1
                0x0000000000003374        0x8 Output/Release/Obj/flashwrite_pca10040/nrf_log_str_formatter.o
                                          0xb (size before relaxing)
 .rodata.prefix_process.str1.1
                0x000000000000337c       0x2a Output/Release/Obj/flashwrite_pca10040/nrf_log_str_formatter.o
 .rodata.nrf_log_hexdump_entry_process.str1.1
                0x00000000000033a6        0xf Output/Release/Obj/flashwrite_pca10040/nrf_log_str_formatter.o
                                         0x11 (size before relaxing)
 .rodata.str1.1
                0x00000000000033b5       0x38 Output/Release/Obj/flashwrite_pca10040/nrf_log_str_formatter.o
                                         0x51 (size before relaxing)
 *fill*         0x00000000000033ed        0x3 
 .rodata.m_colors
                0x00000000000033f0       0x24 Output/Release/Obj/flashwrite_pca10040/nrf_log_str_formatter.o
 .rodata.severity_names
                0x0000000000003414       0x14 Output/Release/Obj/flashwrite_pca10040/nrf_log_str_formatter.o
 .rodata.app_error_fault_handler.str1.1
                0x0000000000003428       0x19 Output/Release/Obj/flashwrite_pca10040/app_error_weak.o
 .rodata.str1.1
                0x0000000000003441       0x1c Output/Release/Obj/flashwrite_pca10040/app_timer2.o
 .rodata.str1.1
                0x000000000000345d        0x9 Output/Release/Obj/flashwrite_pca10040/nrf_cli_uart.o
 .rodata._aV2C.7631
                0x0000000000003466       0x10 Output/Release/Obj/flashwrite_pca10040/nrf_fprintf_format.o
 .rodata.str1.1
                0x0000000000003476        0x9 Output/Release/Obj/flashwrite_pca10040/nrf_pwr_mgmt.o
 .rodata.str1.1
                0x000000000000347f        0x9 Output/Release/Obj/flashwrite_pca10040/nrf_sortlist.o
 .rodata.str1.1
                0x0000000000003488        0x6 Output/Release/Obj/flashwrite_pca10040/nrf_drv_clock.o
 .rodata.str1.1
                0x000000000000348e        0x6 Output/Release/Obj/flashwrite_pca10040/nrfx_clock.o
 .rodata.str1.1
                0x0000000000003494        0x4 Output/Release/Obj/flashwrite_pca10040/nrfx_prs.o
 .rodata.str1.1
                0x0000000000003498        0x5 Output/Release/Obj/flashwrite_pca10040/nrfx_uart.o
 .rodata.str1.1
                0x000000000000349d        0x6 Output/Release/Obj/flashwrite_pca10040/nrfx_uarte.o
 .rodata.str1.1
                0x00000000000034a3        0x4 Output/Release/Obj/flashwrite_pca10040/nrfx_ppi.o
 .rodata.str1.1
                0x00000000000034a7        0x6 Output/Release/Obj/flashwrite_pca10040/nrfx_saadc.o
 .rodata.str1.1
                0x00000000000034ad        0x6 Output/Release/Obj/flashwrite_pca10040/nrfx_timer.o
 .rodata.f_store.str1.1
                0x00000000000034b3       0x40 Output/Release/Obj/flashwrite_pca10040/main.o
                                         0x41 (size before relaxing)
 .rodata.main.str1.1
                0x00000000000034f3       0x22 Output/Release/Obj/flashwrite_pca10040/main.o
 .rodata        0x0000000000003515        0x9 Output/Release/Obj/flashwrite_pca10040/main.o
 .rodata.default_config.8185
                0x000000000000351e        0x4 Output/Release/Obj/flashwrite_pca10040/main.o
 *fill*         0x0000000000003522        0xe 
 .rodata.delay_machine_code.7703
                0x0000000000003530        0x6 Output/Release/Obj/flashwrite_pca10040/main.o
 .rodata._DoInit.str1.1
                0x0000000000003536       0x14 Output/Release/Obj/flashwrite_pca10040/SEGGER_RTT.o
 .rodata.CSWTCH.15
                0x000000000000354a        0x4 Output/Release/Obj/flashwrite_pca10040/system_nrf52.o
 .rodata.CSWTCH.19
                0x000000000000354e        0x4 Output/Release/Obj/flashwrite_pca10040/system_nrf52.o
 .rodata.CSWTCH.5
                0x0000000000003552        0x4 Output/Release/Obj/flashwrite_pca10040/system_nrf52.o
 *fill*         0x0000000000003556        0x2 
 .rodata.libc.__RAL_find_locale.str1.4
                0x0000000000003558        0xa C:/segger/arm_segger_embedded_studio_v510c_win_x64_nordic/lib/libc_v7em_fpv4_sp_d16_hard_t_le_eabi.a(libc2.o)
 *fill*         0x0000000000003562        0x2 
 .rodata.libc.__RAL_ascii_ctype_map
                0x0000000000003564       0x80 C:/segger/arm_segger_embedded_studio_v510c_win_x64_nordic/lib/libc_v7em_fpv4_sp_d16_hard_t_le_eabi.a(libc2.o)
                0x0000000000003564                __RAL_ascii_ctype_map
 .rodata.libc.__RAL_ascii_ctype_mask
                0x00000000000035e4        0xd C:/segger/arm_segger_embedded_studio_v510c_win_x64_nordic/lib/libc_v7em_fpv4_sp_d16_hard_t_le_eabi.a(libc2.o)
 *fill*         0x00000000000035f1        0x3 
 .rodata.libc.__RAL_c_locale
                0x00000000000035f4        0xc C:/segger/arm_segger_embedded_studio_v510c_win_x64_nordic/lib/libc_v7em_fpv4_sp_d16_hard_t_le_eabi.a(libc2.o)
                0x00000000000035f4                __RAL_c_locale
 .rodata.libc.__RAL_c_locale_abbrev_day_names
                0x0000000000003600       0x1d C:/segger/arm_segger_embedded_studio_v510c_win_x64_nordic/lib/libc_v7em_fpv4_sp_d16_hard_t_le_eabi.a(libc2.o)
                0x0000000000003600                __RAL_c_locale_abbrev_day_names
 *fill*         0x000000000000361d        0x3 
 .rodata.libc.__RAL_c_locale_abbrev_month_names
                0x0000000000003620       0x31 C:/segger/arm_segger_embedded_studio_v510c_win_x64_nordic/lib/libc_v7em_fpv4_sp_d16_hard_t_le_eabi.a(libc2.o)
                0x0000000000003620                __RAL_c_locale_abbrev_month_names
 *fill*         0x0000000000003651        0x3 
 .rodata.libc.__RAL_c_locale_am_pm_indicator
                0x0000000000003654        0x7 C:/segger/arm_segger_embedded_studio_v510c_win_x64_nordic/lib/libc_v7em_fpv4_sp_d16_hard_t_le_eabi.a(libc2.o)
                0x0000000000003654                __RAL_c_locale_am_pm_indicator
 *fill*         0x000000000000365b        0x1 
 .rodata.libc.__RAL_c_locale_data
                0x000000000000365c       0x58 C:/segger/arm_segger_embedded_studio_v510c_win_x64_nordic/lib/libc_v7em_fpv4_sp_d16_hard_t_le_eabi.a(libc2.o)
                0x000000000000365c                __RAL_c_locale_data
 .rodata.libc.__RAL_c_locale_date_format
                0x00000000000036b4        0x9 C:/segger/arm_segger_embedded_studio_v510c_win_x64_nordic/lib/libc_v7em_fpv4_sp_d16_hard_t_le_eabi.a(libc2.o)
                0x00000000000036b4                __RAL_c_locale_date_format
 *fill*         0x00000000000036bd        0x3 
 .rodata.libc.__RAL_c_locale_date_time_format
                0x00000000000036c0        0xf C:/segger/arm_segger_embedded_studio_v510c_win_x64_nordic/lib/libc_v7em_fpv4_sp_d16_hard_t_le_eabi.a(libc2.o)
                0x00000000000036c0                __RAL_c_locale_date_time_format
 *fill*         0x00000000000036cf        0x1 
 .rodata.libc.__RAL_c_locale_day_names
                0x00000000000036d0       0x3a C:/segger/arm_segger_embedded_studio_v510c_win_x64_nordic/lib/libc_v7em_fpv4_sp_d16_hard_t_le_eabi.a(libc2.o)
                0x00000000000036d0                __RAL_c_locale_day_names
 *fill*         0x000000000000370a        0x2 
 .rodata.libc.__RAL_c_locale_month_names
                0x000000000000370c       0x57 C:/segger/arm_segger_embedded_studio_v510c_win_x64_nordic/lib/libc_v7em_fpv4_sp_d16_hard_t_le_eabi.a(libc2.o)
                0x000000000000370c                __RAL_c_locale_month_names
 *fill*         0x0000000000003763        0x1 
 .rodata.libc.__RAL_c_locale_time_format
                0x0000000000003764        0x9 C:/segger/arm_segger_embedded_studio_v510c_win_x64_nordic/lib/libc_v7em_fpv4_sp_d16_hard_t_le_eabi.a(libc2.o)
                0x0000000000003764                __RAL_c_locale_time_format
 *fill*         0x000000000000376d        0x3 
 .rodata.libc.__RAL_codeset_ascii
                0x0000000000003770       0x20 C:/segger/arm_segger_embedded_studio_v510c_win_x64_nordic/lib/libc_v7em_fpv4_sp_d16_hard_t_le_eabi.a(libc2.o)
                0x0000000000003770                __RAL_codeset_ascii
 .rodata.libc.__RAL_data_empty_string
                0x0000000000003790        0x1 C:/segger/arm_segger_embedded_studio_v510c_win_x64_nordic/lib/libc_v7em_fpv4_sp_d16_hard_t_le_eabi.a(libc2.o)
                0x0000000000003790                __RAL_data_empty_string
 *fill*         0x0000000000003791        0x3 
 .rodata.libc.__RAL_data_utf8_period
                0x0000000000003794        0x2 C:/segger/arm_segger_embedded_studio_v510c_win_x64_nordic/lib/libc_v7em_fpv4_sp_d16_hard_t_le_eabi.a(libc2.o)
                0x0000000000003794                __RAL_data_utf8_period
                0x0000000000003796                __rodata_end__ = (__rodata_start__ + SIZEOF (.rodata))
                0x00000000000006e6                __rodata_size__ = SIZEOF (.rodata)
                0x0000000000003796                __rodata_load_end__ = __rodata_end__

.rel.dyn        0x0000000000003798        0x0
 .rel.iplt      0x0000000000003798        0x0 Output/Release/Obj/flashwrite_pca10040/thumb_crt0.o
                0x0000000000000001                . = ASSERT (((__rodata_start__ == __rodata_end__) || ((__rodata_end__ - __FLASH_segment_start__) <= __FLASH_segment_size__)), error: .rodata is too large to fit in FLASH memory segment)
                0x0000000000003798                __ARM.exidx_load_start__ = ALIGN (__rodata_end__, 0x4)

.ARM.exidx      0x0000000000003798        0x0
                0x0000000000003798                __ARM.exidx_start__ = .
                0x0000000000003798                __exidx_start = __ARM.exidx_start__
 *(.ARM.exidx .ARM.exidx.*)
                0x0000000000003798                __ARM.exidx_end__ = (__ARM.exidx_start__ + SIZEOF (.ARM.exidx))
                0x0000000000000000                __ARM.exidx_size__ = SIZEOF (.ARM.exidx)
                0x0000000000003798                __exidx_end = __ARM.exidx_end__
                0x0000000000003798                __ARM.exidx_load_end__ = __ARM.exidx_end__
                0x0000000000000001                . = ASSERT (((__ARM.exidx_start__ == __ARM.exidx_end__) || ((__ARM.exidx_end__ - __FLASH_segment_start__) <= __FLASH_segment_size__)), error: .ARM.exidx is too large to fit in FLASH memory segment)
                0x0000000000003798                __fast_load_start__ = ALIGN (__ARM.exidx_end__, 0x4)

.fast           0x0000000020000078        0x0 load address 0x0000000000003798
                0x0000000020000078                __fast_start__ = .
 *(.fast .fast.*)
                0x0000000020000078                __fast_end__ = (__fast_start__ + SIZEOF (.fast))
                0x0000000000000000                __fast_size__ = SIZEOF (.fast)
                0x0000000000003798                __fast_load_end__ = (__fast_load_start__ + SIZEOF (.fast))
                0x0000000000000001                . = ASSERT (((__fast_load_start__ == __fast_load_end__) || ((__fast_load_end__ - __FLASH_segment_start__) <= __FLASH_segment_size__)), error: .fast is too large to fit in FLASH memory segment)

.fast_run       0x0000000020000078        0x0
                0x0000000020000078                __fast_run_start__ = .
                0x0000000020000078                . = MAX ((__fast_run_start__ + SIZEOF (.fast)), .)
                0x0000000020000078                __fast_run_end__ = (__fast_run_start__ + SIZEOF (.fast_run))
                0x0000000000000000                __fast_run_size__ = SIZEOF (.fast_run)
                0x0000000020000078                __fast_run_load_end__ = __fast_run_end__
                0x0000000000000001                . = ASSERT (((__fast_run_start__ == __fast_run_end__) || ((__fast_run_end__ - __RAM1_segment_start__) <= __RAM1_segment_size__)), error: .fast_run is too large to fit in RAM1 memory segment)
                0x0000000000003798                __data_load_start__ = ALIGN ((__fast_load_start__ + SIZEOF (.fast)), 0x4)

.data           0x0000000020000078       0x3c load address 0x0000000000003798
                0x0000000020000078                __data_start__ = .
 *(.data .data.* .gnu.linkonce.d.*)
 .data.m_uart   0x0000000020000078       0x14 Output/Release/Obj/flashwrite_pca10040/nrf_log_backend_uart.o
                0x0000000020000078                m_uart
 .data.log_backend_cb_rtt_log_backend
                0x000000002000008c        0x8 Output/Release/Obj/flashwrite_pca10040/nrf_log_default_backends.o
 .data.log_backend_cb_uart_log_backend
                0x0000000020000094        0x8 Output/Release/Obj/flashwrite_pca10040/nrf_log_default_backends.o
 .data.SystemCoreClock
                0x000000002000009c        0x4 Output/Release/Obj/flashwrite_pca10040/system_nrf52.o
                0x000000002000009c                SystemCoreClock
 .data.libc.__RAL_global_locale
                0x00000000200000a0       0x14 C:/segger/arm_segger_embedded_studio_v510c_win_x64_nordic/lib/libc_v7em_fpv4_sp_d16_hard_t_le_eabi.a(libc2.o)
                0x00000000200000a0                __RAL_global_locale
                0x00000000200000b4                __data_end__ = (__data_start__ + SIZEOF (.data))
                0x000000000000003c                __data_size__ = SIZEOF (.data)
                0x00000000000037d4                __data_load_end__ = (__data_load_start__ + SIZEOF (.data))

.igot.plt       0x0000000100000000        0x0
 .igot.plt      0x0000000100000000        0x0 Output/Release/Obj/flashwrite_pca10040/thumb_crt0.o
                0x0000000000000001                . = ASSERT (((__data_load_start__ == __data_load_end__) || ((__data_load_end__ - __FLASH_segment_start__) <= __FLASH_segment_size__)), error: .data is too large to fit in FLASH memory segment)

.data_run       0x0000000020000078       0x3c load address 0x0000000000003798
                0x0000000020000078                __data_run_start__ = .
                0x00000000200000b4                . = MAX ((__data_run_start__ + SIZEOF (.data)), .)
 *fill*         0x0000000020000078       0x3c 
                0x00000000200000b4                __data_run_end__ = (__data_run_start__ + SIZEOF (.data_run))
                0x000000000000003c                __data_run_size__ = SIZEOF (.data_run)
                0x00000000200000b4                __data_run_load_end__ = __data_run_end__
                0x0000000000000001                . = ASSERT (((__data_run_start__ == __data_run_end__) || ((__data_run_end__ - __RAM1_segment_start__) <= __RAM1_segment_size__)), error: .data_run is too large to fit in RAM1 memory segment)
                0x00000000000037d4                __tdata_load_start__ = ALIGN ((__data_load_start__ + SIZEOF (.data)), 0x4)

.tdata          0x00000000200000b4        0x0 load address 0x00000000000037d4
                0x00000000200000b4                __tdata_start__ = .
 *(.tdata .tdata.*)
                0x00000000200000b4                __tdata_end__ = (__tdata_start__ + SIZEOF (.tdata))
                0x0000000000000000                __tdata_size__ = SIZEOF (.tdata)
                0x00000000000037d4                __tdata_load_end__ = (__tdata_load_start__ + SIZEOF (.tdata))
                0x00000000000037d4                __FLASH_segment_used_end__ = (ALIGN ((__data_load_start__ + SIZEOF (.data)), 0x4) + SIZEOF (.tdata))
                0x00000000000037d4                __FLASH_segment_used_size__ = (__FLASH_segment_used_end__ - __FLASH_segment_start__)
                0x0000000000000001                . = ASSERT (((__tdata_load_start__ == __tdata_load_end__) || ((__tdata_load_end__ - __FLASH_segment_start__) <= __FLASH_segment_size__)), error: .tdata is too large to fit in FLASH memory segment)

.tdata_run      0x00000000200000b4        0x0
                0x00000000200000b4                __tdata_run_start__ = .
                0x00000000200000b4                . = MAX ((__tdata_run_start__ + SIZEOF (.tdata)), .)
                0x00000000200000b4                __tdata_run_end__ = (__tdata_run_start__ + SIZEOF (.tdata_run))
                0x0000000000000000                __tdata_run_size__ = SIZEOF (.tdata_run)
                0x00000000200000b4                __tdata_run_load_end__ = __tdata_run_end__
                0x0000000000000001                . = ASSERT (((__tdata_run_start__ == __tdata_run_end__) || ((__tdata_run_end__ - __RAM1_segment_start__) <= __RAM1_segment_size__)), error: .tdata_run is too large to fit in RAM1 memory segment)
                0x00000000200000b4                __bss_load_start__ = ALIGN (__tdata_run_end__, 0x4)

.bss            0x00000000200000b4      0x94c
                0x00000000200000b4                __bss_start__ = .
 *(.bss .bss.* .gnu.linkonce.b.*)
 .bss.m_host_present
                0x00000000200000b4        0x1 Output/Release/Obj/flashwrite_pca10040/nrf_log_backend_rtt.o
 .bss.m_string_buff
                0x00000000200000b5       0x40 Output/Release/Obj/flashwrite_pca10040/nrf_log_backend_rtt.o
 .bss.m_async_mode
                0x00000000200000f5        0x1 Output/Release/Obj/flashwrite_pca10040/nrf_log_backend_uart.o
 .bss.m_string_buff
                0x00000000200000f6       0x40 Output/Release/Obj/flashwrite_pca10040/nrf_log_backend_uart.o
 .bss.m_xfer_done
                0x0000000020000136        0x1 Output/Release/Obj/flashwrite_pca10040/nrf_log_backend_uart.o
 *fill*         0x0000000020000137        0x1 
 .bss.log_mempool_nrf_balloc_cb
                0x0000000020000138        0x8 Output/Release/Obj/flashwrite_pca10040/nrf_log_frontend.o
 .bss.log_mempool_nrf_balloc_pool_mem
                0x0000000020000140       0xc0 Output/Release/Obj/flashwrite_pca10040/nrf_log_frontend.o
 .bss.log_mempool_nrf_balloc_pool_stack
                0x0000000020000200        0x8 Output/Release/Obj/flashwrite_pca10040/nrf_log_frontend.o
 .bss.m_log_data
                0x0000000020000208      0x420 Output/Release/Obj/flashwrite_pca10040/nrf_log_frontend.o
 .bss.m_log_push_ringbuf_buf
                0x0000000020000628       0x80 Output/Release/Obj/flashwrite_pca10040/nrf_log_frontend.o
 .bss.m_log_push_ringbuf_cb
                0x00000000200006a8       0x18 Output/Release/Obj/flashwrite_pca10040/nrf_log_frontend.o
 .bss.m_in_critical_region
                0x00000000200006c0        0x4 Output/Release/Obj/flashwrite_pca10040/app_util_platform.o
 .bss.m_cb      0x00000000200006c4        0x8 Output/Release/Obj/flashwrite_pca10040/drv_rtc.o
 .bss.m_handlers
                0x00000000200006cc        0x4 Output/Release/Obj/flashwrite_pca10040/drv_rtc.o
 .bss.m_contexts
                0x00000000200006d0        0x4 Output/Release/Obj/flashwrite_pca10040/nrf_drv_uart.o
 .bss.m_handlers
                0x00000000200006d4        0x4 Output/Release/Obj/flashwrite_pca10040/nrf_drv_uart.o
 .bss.nrf_drv_uart_use_easy_dma
                0x00000000200006d8        0x1 Output/Release/Obj/flashwrite_pca10040/nrf_drv_uart.o
                0x00000000200006d8                nrf_drv_uart_use_easy_dma
 *fill*         0x00000000200006d9        0x3 
 .bss.m_clock_cb
                0x00000000200006dc        0x8 Output/Release/Obj/flashwrite_pca10040/nrfx_clock.o
 .bss.m_prs_box_4
                0x00000000200006e4        0x8 Output/Release/Obj/flashwrite_pca10040/nrfx_prs.o
 .bss.m_cb      0x00000000200006ec       0x2c Output/Release/Obj/flashwrite_pca10040/nrfx_uart.o
 .bss.m_cb      0x0000000020000718       0x24 Output/Release/Obj/flashwrite_pca10040/nrfx_uarte.o
 .bss.m_cb      0x000000002000073c       0x30 Output/Release/Obj/flashwrite_pca10040/nrfx_saadc.o
 .bss.m_cb      0x000000002000076c        0xc Output/Release/Obj/flashwrite_pca10040/nrfx_timer.o
 .bss._SEGGER_RTT
                0x0000000020000778       0x78 Output/Release/Obj/flashwrite_pca10040/SEGGER_RTT.o
                0x0000000020000778                _SEGGER_RTT
 .bss._acDownBuffer
                0x00000000200007f0       0x10 Output/Release/Obj/flashwrite_pca10040/SEGGER_RTT.o
 .bss._acUpBuffer
                0x0000000020000800      0x200 Output/Release/Obj/flashwrite_pca10040/SEGGER_RTT.o
 *(COMMON)
                0x0000000020000a00                __bss_end__ = (__bss_start__ + SIZEOF (.bss))
                0x000000000000094c                __bss_size__ = SIZEOF (.bss)
                0x0000000020000a00                __bss_load_end__ = __bss_end__
                0x0000000000000001                . = ASSERT (((__bss_start__ == __bss_end__) || ((__bss_end__ - __RAM1_segment_start__) <= __RAM1_segment_size__)), error: .bss is too large to fit in RAM1 memory segment)
                0x0000000020000a00                __tbss_load_start__ = ALIGN (__bss_end__, 0x4)

.tbss           0x0000000020000a00        0x0
                0x0000000020000a00                __tbss_start__ = .
 *(.tbss .tbss.*)
                0x0000000020000a00                __tbss_end__ = (__tbss_start__ + SIZEOF (.tbss))
                0x0000000000000000                __tbss_size__ = SIZEOF (.tbss)
                0x0000000020000a00                __tbss_load_end__ = __tbss_end__
                0x0000000000000001                . = ASSERT (((__tbss_start__ == __tbss_end__) || ((__tbss_end__ - __RAM1_segment_start__) <= __RAM1_segment_size__)), error: .tbss is too large to fit in RAM1 memory segment)
                0x0000000020000a00                __non_init_load_start__ = ALIGN (__tbss_end__, 0x4)

.non_init       0x0000000020000a00        0x0
                0x0000000020000a00                __non_init_start__ = .
 *(.non_init .non_init.*)
                0x0000000020000a00                __non_init_end__ = (__non_init_start__ + SIZEOF (.non_init))
                0x0000000000000000                __non_init_size__ = SIZEOF (.non_init)
                0x0000000020000a00                __non_init_load_end__ = __non_init_end__
                0x0000000000000001                . = ASSERT (((__non_init_start__ == __non_init_end__) || ((__non_init_end__ - __RAM1_segment_start__) <= __RAM1_segment_size__)), error: .non_init is too large to fit in RAM1 memory segment)
                0x0000000020000a00                __heap_load_start__ = ALIGN (__non_init_end__, 0x4)

.heap           0x0000000020000a00     0x2000
                0x0000000020000a00                __heap_start__ = .
 *(.heap .heap.*)
                0x0000000020002a00                . = ALIGN (MAX ((__heap_start__ + __HEAPSIZE__), .), 0x4)
 *fill*         0x0000000020000a00     0x2000 
                0x0000000020002a00                __heap_end__ = (__heap_start__ + SIZEOF (.heap))
                0x0000000000002000                __heap_size__ = SIZEOF (.heap)
                0x0000000020002a00                __heap_load_end__ = __heap_end__
                0x0000000000000001                . = ASSERT (((__heap_start__ == __heap_end__) || ((__heap_end__ - __RAM1_segment_start__) <= __RAM1_segment_size__)), error: .heap is too large to fit in RAM1 memory segment)
                0x000000002000e000                __stack_load_start__ = (__RAM1_segment_start__ + (__RAM1_segment_size__ - 0x2000))

.stack          0x000000002000e000     0x2000
                0x000000002000e000                __stack_start__ = .
                0x000000002000e000                __StackLimit = __stack_start__
 *(.stack .stack.*)
                0x0000000020010000                . = ALIGN (MAX ((__stack_start__ + __STACKSIZE__), .), 0x8)
 *fill*         0x000000002000e000     0x2000 
                0x0000000020010000                __stack_end__ = (__stack_start__ + SIZEOF (.stack))
                0x0000000000002000                __stack_size__ = SIZEOF (.stack)
                0x0000000020010000                __StackTop = __stack_end__
                0x0000000020010000                __stack_load_end__ = __stack_end__
                0x0000000000000001                . = ASSERT (((__stack_start__ == __stack_end__) || ((__stack_end__ - __RAM1_segment_start__) <= __RAM1_segment_size__)), error: .stack is too large to fit in RAM1 memory segment)
                0x0000000000000001                . = ASSERT ((__heap_end__ <= __stack_start__), error: section .heap overlaps absolute placed section .stack)
                0x0000000020010000                __stack_process_load_start__ = ALIGN (__stack_end__, 0x8)

.stack_process  0x0000000020010000        0x0
                0x0000000020010000                __stack_process_start__ = .
 *(.stack_process .stack_process.*)
                0x0000000020010000                . = ALIGN (MAX ((__stack_process_start__ + __STACKSIZE_PROCESS__), .), 0x8)
                0x0000000020010000                __stack_process_end__ = (__stack_process_start__ + SIZEOF (.stack_process))
                0x0000000000000000                __stack_process_size__ = SIZEOF (.stack_process)
                0x0000000020010000                __stack_process_load_end__ = __stack_process_end__
                0x0000000020010000                __RAM1_segment_used_end__ = (ALIGN (__stack_end__, 0x8) + SIZEOF (.stack_process))
                0x0000000000010000                __RAM1_segment_used_size__ = (__RAM1_segment_used_end__ - __RAM1_segment_start__)
                0x0000000000000001                . = ASSERT (((__stack_process_start__ == __stack_process_end__) || ((__stack_process_end__ - __RAM1_segment_start__) <= __RAM1_segment_size__)), error: .stack_process is too large to fit in RAM1 memory segment)
START GROUP
LOAD Output/Release/Obj/flashwrite_pca10040/thumb_crt0.o
LOAD Output/Release/Obj/flashwrite_pca10040/nrf_log_backend_rtt.o
LOAD Output/Release/Obj/flashwrite_pca10040/nrf_log_backend_serial.o
LOAD Output/Release/Obj/flashwrite_pca10040/nrf_log_backend_uart.o
LOAD Output/Release/Obj/flashwrite_pca10040/nrf_log_default_backends.o
LOAD Output/Release/Obj/flashwrite_pca10040/nrf_log_frontend.o
LOAD Output/Release/Obj/flashwrite_pca10040/nrf_log_str_formatter.o
LOAD Output/Release/Obj/flashwrite_pca10040/boards.o
LOAD Output/Release/Obj/flashwrite_pca10040/app_error.o
LOAD Output/Release/Obj/flashwrite_pca10040/app_error_handler_gcc.o
LOAD Output/Release/Obj/flashwrite_pca10040/app_error_weak.o
LOAD Output/Release/Obj/flashwrite_pca10040/app_scheduler.o
LOAD Output/Release/Obj/flashwrite_pca10040/app_timer2.o
LOAD Output/Release/Obj/flashwrite_pca10040/app_util_platform.o
LOAD Output/Release/Obj/flashwrite_pca10040/drv_rtc.o
LOAD Output/Release/Obj/flashwrite_pca10040/fnmatch.o
LOAD Output/Release/Obj/flashwrite_pca10040/nrf_assert.o
LOAD Output/Release/Obj/flashwrite_pca10040/nrf_atfifo.o
LOAD Output/Release/Obj/flashwrite_pca10040/nrf_atomic.o
LOAD Output/Release/Obj/flashwrite_pca10040/nrf_balloc.o
LOAD Output/Release/Obj/flashwrite_pca10040/nrf_cli.o
LOAD Output/Release/Obj/flashwrite_pca10040/nrf_cli_uart.o
LOAD Output/Release/Obj/flashwrite_pca10040/nrf_fprintf.o
LOAD Output/Release/Obj/flashwrite_pca10040/nrf_fprintf_format.o
LOAD Output/Release/Obj/flashwrite_pca10040/nrf_memobj.o
LOAD Output/Release/Obj/flashwrite_pca10040/nrf_pwr_mgmt.o
LOAD Output/Release/Obj/flashwrite_pca10040/nrf_queue.o
LOAD Output/Release/Obj/flashwrite_pca10040/nrf_ringbuf.o
LOAD Output/Release/Obj/flashwrite_pca10040/nrf_section_iter.o
LOAD Output/Release/Obj/flashwrite_pca10040/nrf_sortlist.o
LOAD Output/Release/Obj/flashwrite_pca10040/nrf_strerror.o
LOAD Output/Release/Obj/flashwrite_pca10040/nrf_drv_clock.o
LOAD Output/Release/Obj/flashwrite_pca10040/nrf_drv_uart.o
LOAD Output/Release/Obj/flashwrite_pca10040/nrf_nvic.o
LOAD Output/Release/Obj/flashwrite_pca10040/nrf_nvmc.o
LOAD Output/Release/Obj/flashwrite_pca10040/nrf_soc.o
LOAD Output/Release/Obj/flashwrite_pca10040/nrfx_atomic.o
LOAD Output/Release/Obj/flashwrite_pca10040/nrfx_clock.o
LOAD Output/Release/Obj/flashwrite_pca10040/nrfx_prs.o
LOAD Output/Release/Obj/flashwrite_pca10040/nrfx_uart.o
LOAD Output/Release/Obj/flashwrite_pca10040/nrfx_uarte.o
LOAD Output/Release/Obj/flashwrite_pca10040/nrf_drv_ppi.o
LOAD Output/Release/Obj/flashwrite_pca10040/nrfx_ppi.o
LOAD Output/Release/Obj/flashwrite_pca10040/nrfx_saadc.o
LOAD Output/Release/Obj/flashwrite_pca10040/nrfx_timer.o
LOAD Output/Release/Obj/flashwrite_pca10040/main.o
LOAD Output/Release/Obj/flashwrite_pca10040/SEGGER_RTT.o
LOAD Output/Release/Obj/flashwrite_pca10040/SEGGER_RTT_Syscalls_SES.o
LOAD Output/Release/Obj/flashwrite_pca10040/SEGGER_RTT_printf.o
LOAD Output/Release/Obj/flashwrite_pca10040/ses_startup_nrf52.o
LOAD Output/Release/Obj/flashwrite_pca10040/ses_startup_nrf_common.o
LOAD Output/Release/Obj/flashwrite_pca10040/system_nrf52.o
LOAD C:/segger/arm_segger_embedded_studio_v510c_win_x64_nordic/lib/libm_v7em_fpv4_sp_d16_hard_t_le_eabi.a
LOAD C:/segger/arm_segger_embedded_studio_v510c_win_x64_nordic/lib/libc_v7em_fpv4_sp_d16_hard_t_le_eabi.a
LOAD C:/segger/arm_segger_embedded_studio_v510c_win_x64_nordic/lib/libdebugio_v7em_fpv4_sp_d16_hard_t_le_eabi.a
END GROUP
OUTPUT(Output/Release/Exe/flashwrite_pca10040.elf elf32-littlearm)
LOAD linker stubs

.ARM.attributes
                0x0000000000000000       0x35
 .ARM.attributes
                0x0000000000000000       0x25 Output/Release/Obj/flashwrite_pca10040/thumb_crt0.o
 .ARM.attributes
                0x0000000000000025       0x39 Output/Release/Obj/flashwrite_pca10040/nrf_log_backend_rtt.o
 .ARM.attributes
                0x000000000000005e       0x39 Output/Release/Obj/flashwrite_pca10040/nrf_log_backend_serial.o
 .ARM.attributes
                0x0000000000000097       0x39 Output/Release/Obj/flashwrite_pca10040/nrf_log_backend_uart.o
 .ARM.attributes
                0x00000000000000d0       0x39 Output/Release/Obj/flashwrite_pca10040/nrf_log_default_backends.o
 .ARM.attributes
                0x0000000000000109       0x39 Output/Release/Obj/flashwrite_pca10040/nrf_log_frontend.o
 .ARM.attributes
                0x0000000000000142       0x39 Output/Release/Obj/flashwrite_pca10040/nrf_log_str_formatter.o
 .ARM.attributes
                0x000000000000017b       0x39 Output/Release/Obj/flashwrite_pca10040/app_error.o
 .ARM.attributes
                0x00000000000001b4       0x39 Output/Release/Obj/flashwrite_pca10040/app_error_weak.o
 .ARM.attributes
                0x00000000000001ed       0x39 Output/Release/Obj/flashwrite_pca10040/app_timer2.o
 .ARM.attributes
                0x0000000000000226       0x39 Output/Release/Obj/flashwrite_pca10040/app_util_platform.o
 .ARM.attributes
                0x000000000000025f       0x39 Output/Release/Obj/flashwrite_pca10040/drv_rtc.o
 .ARM.attributes
                0x0000000000000298       0x39 Output/Release/Obj/flashwrite_pca10040/nrf_atomic.o
 .ARM.attributes
                0x00000000000002d1       0x39 Output/Release/Obj/flashwrite_pca10040/nrf_balloc.o
 .ARM.attributes
                0x000000000000030a       0x39 Output/Release/Obj/flashwrite_pca10040/nrf_cli_uart.o
 .ARM.attributes
                0x0000000000000343       0x39 Output/Release/Obj/flashwrite_pca10040/nrf_fprintf.o
 .ARM.attributes
                0x000000000000037c       0x39 Output/Release/Obj/flashwrite_pca10040/nrf_fprintf_format.o
 .ARM.attributes
                0x00000000000003b5       0x39 Output/Release/Obj/flashwrite_pca10040/nrf_memobj.o
 .ARM.attributes
                0x00000000000003ee       0x39 Output/Release/Obj/flashwrite_pca10040/nrf_pwr_mgmt.o
 .ARM.attributes
                0x0000000000000427       0x39 Output/Release/Obj/flashwrite_pca10040/nrf_ringbuf.o
 .ARM.attributes
                0x0000000000000460       0x39 Output/Release/Obj/flashwrite_pca10040/nrf_sortlist.o
 .ARM.attributes
                0x0000000000000499       0x39 Output/Release/Obj/flashwrite_pca10040/nrf_drv_clock.o
 .ARM.attributes
                0x00000000000004d2       0x39 Output/Release/Obj/flashwrite_pca10040/nrf_drv_uart.o
 .ARM.attributes
                0x000000000000050b       0x39 Output/Release/Obj/flashwrite_pca10040/nrf_nvmc.o
 .ARM.attributes
                0x0000000000000544       0x39 Output/Release/Obj/flashwrite_pca10040/nrfx_clock.o
 .ARM.attributes
                0x000000000000057d       0x39 Output/Release/Obj/flashwrite_pca10040/nrfx_prs.o
 .ARM.attributes
                0x00000000000005b6       0x39 Output/Release/Obj/flashwrite_pca10040/nrfx_uart.o
 .ARM.attributes
                0x00000000000005ef       0x39 Output/Release/Obj/flashwrite_pca10040/nrfx_uarte.o
 .ARM.attributes
                0x0000000000000628       0x39 Output/Release/Obj/flashwrite_pca10040/nrfx_ppi.o
 .ARM.attributes
                0x0000000000000661       0x39 Output/Release/Obj/flashwrite_pca10040/nrfx_saadc.o
 .ARM.attributes
                0x000000000000069a       0x39 Output/Release/Obj/flashwrite_pca10040/nrfx_timer.o
 .ARM.attributes
                0x00000000000006d3       0x39 Output/Release/Obj/flashwrite_pca10040/main.o
 .ARM.attributes
                0x000000000000070c       0x39 Output/Release/Obj/flashwrite_pca10040/SEGGER_RTT.o
 .ARM.attributes
                0x0000000000000745       0x25 Output/Release/Obj/flashwrite_pca10040/ses_startup_nrf52.o
 .ARM.attributes
                0x000000000000076a       0x25 Output/Release/Obj/flashwrite_pca10040/ses_startup_nrf_common.o
 .ARM.attributes
                0x000000000000078f       0x39 Output/Release/Obj/flashwrite_pca10040/system_nrf52.o
 .ARM.attributes
                0x00000000000007c8       0x20 C:/segger/arm_segger_embedded_studio_v510c_win_x64_nordic/lib/libm_v7em_fpv4_sp_d16_hard_t_le_eabi.a(libm_asm.o)
 .ARM.attributes
                0x00000000000007e8       0x34 C:/segger/arm_segger_embedded_studio_v510c_win_x64_nordic/lib/libc_v7em_fpv4_sp_d16_hard_t_le_eabi.a(libc2.o)
 .ARM.attributes
                0x000000000000081c       0x20 C:/segger/arm_segger_embedded_studio_v510c_win_x64_nordic/lib/libc_v7em_fpv4_sp_d16_hard_t_le_eabi.a(libc2_asm.o)

.comment        0x0000000000000000       0x24
 .comment       0x0000000000000000       0x24 Output/Release/Obj/flashwrite_pca10040/nrf_log_backend_rtt.o
                                         0x25 (size before relaxing)
 .comment       0x0000000000000024       0x25 Output/Release/Obj/flashwrite_pca10040/nrf_log_backend_serial.o
 .comment       0x0000000000000024       0x25 Output/Release/Obj/flashwrite_pca10040/nrf_log_backend_uart.o
 .comment       0x0000000000000024       0x25 Output/Release/Obj/flashwrite_pca10040/nrf_log_default_backends.o
 .comment       0x0000000000000024       0x25 Output/Release/Obj/flashwrite_pca10040/nrf_log_frontend.o
 .comment       0x0000000000000024       0x25 Output/Release/Obj/flashwrite_pca10040/nrf_log_str_formatter.o
 .comment       0x0000000000000024       0x25 Output/Release/Obj/flashwrite_pca10040/app_error.o
 .comment       0x0000000000000024       0x25 Output/Release/Obj/flashwrite_pca10040/app_error_weak.o
 .comment       0x0000000000000024       0x25 Output/Release/Obj/flashwrite_pca10040/app_timer2.o
 .comment       0x0000000000000024       0x25 Output/Release/Obj/flashwrite_pca10040/app_util_platform.o
 .comment       0x0000000000000024       0x25 Output/Release/Obj/flashwrite_pca10040/drv_rtc.o
 .comment       0x0000000000000024       0x25 Output/Release/Obj/flashwrite_pca10040/nrf_atomic.o
 .comment       0x0000000000000024       0x25 Output/Release/Obj/flashwrite_pca10040/nrf_balloc.o
 .comment       0x0000000000000024       0x25 Output/Release/Obj/flashwrite_pca10040/nrf_cli_uart.o
 .comment       0x0000000000000024       0x25 Output/Release/Obj/flashwrite_pca10040/nrf_fprintf.o
 .comment       0x0000000000000024       0x25 Output/Release/Obj/flashwrite_pca10040/nrf_fprintf_format.o
 .comment       0x0000000000000024       0x25 Output/Release/Obj/flashwrite_pca10040/nrf_memobj.o
 .comment       0x0000000000000024       0x25 Output/Release/Obj/flashwrite_pca10040/nrf_pwr_mgmt.o
 .comment       0x0000000000000024       0x25 Output/Release/Obj/flashwrite_pca10040/nrf_ringbuf.o
 .comment       0x0000000000000024       0x25 Output/Release/Obj/flashwrite_pca10040/nrf_sortlist.o
 .comment       0x0000000000000024       0x25 Output/Release/Obj/flashwrite_pca10040/nrf_drv_clock.o
 .comment       0x0000000000000024       0x25 Output/Release/Obj/flashwrite_pca10040/nrf_drv_uart.o
 .comment       0x0000000000000024       0x25 Output/Release/Obj/flashwrite_pca10040/nrf_nvmc.o
 .comment       0x0000000000000024       0x25 Output/Release/Obj/flashwrite_pca10040/nrfx_clock.o
 .comment       0x0000000000000024       0x25 Output/Release/Obj/flashwrite_pca10040/nrfx_prs.o
 .comment       0x0000000000000024       0x25 Output/Release/Obj/flashwrite_pca10040/nrfx_uart.o
 .comment       0x0000000000000024       0x25 Output/Release/Obj/flashwrite_pca10040/nrfx_uarte.o
 .comment       0x0000000000000024       0x25 Output/Release/Obj/flashwrite_pca10040/nrfx_ppi.o
 .comment       0x0000000000000024       0x25 Output/Release/Obj/flashwrite_pca10040/nrfx_saadc.o
 .comment       0x0000000000000024       0x25 Output/Release/Obj/flashwrite_pca10040/nrfx_timer.o
 .comment       0x0000000000000024       0x25 Output/Release/Obj/flashwrite_pca10040/main.o
 .comment       0x0000000000000024       0x25 Output/Release/Obj/flashwrite_pca10040/SEGGER_RTT.o
 .comment       0x0000000000000024       0x25 Output/Release/Obj/flashwrite_pca10040/system_nrf52.o
 .comment       0x0000000000000024       0x25 C:/segger/arm_segger_embedded_studio_v510c_win_x64_nordic/lib/libc_v7em_fpv4_sp_d16_hard_t_le_eabi.a(libc2.o)

.debug_line     0x0000000000000000    0x17a05
 .debug_line    0x0000000000000000      0x1fb Output/Release/Obj/flashwrite_pca10040/thumb_crt0.o
 .debug_line    0x00000000000001fb      0x8d9 Output/Release/Obj/flashwrite_pca10040/nrf_log_backend_rtt.o
 .debug_line    0x0000000000000ad4      0x6b3 Output/Release/Obj/flashwrite_pca10040/nrf_log_backend_serial.o
 .debug_line    0x0000000000001187      0x939 Output/Release/Obj/flashwrite_pca10040/nrf_log_backend_uart.o
 .debug_line    0x0000000000001ac0      0x5e7 Output/Release/Obj/flashwrite_pca10040/nrf_log_default_backends.o
 .debug_line    0x00000000000020a7     0x1dc0 Output/Release/Obj/flashwrite_pca10040/nrf_log_frontend.o
 .debug_line    0x0000000000003e67      0x7c4 Output/Release/Obj/flashwrite_pca10040/nrf_log_str_formatter.o
 .debug_line    0x000000000000462b      0x3a7 Output/Release/Obj/flashwrite_pca10040/app_error.o
 .debug_line    0x00000000000049d2      0x6d4 Output/Release/Obj/flashwrite_pca10040/app_error_weak.o
 .debug_line    0x00000000000050a6      0xd32 Output/Release/Obj/flashwrite_pca10040/app_timer2.o
 .debug_line    0x0000000000005dd8      0x435 Output/Release/Obj/flashwrite_pca10040/app_util_platform.o
 .debug_line    0x000000000000620d     0x116d Output/Release/Obj/flashwrite_pca10040/drv_rtc.o
 .debug_line    0x000000000000737a      0x68b Output/Release/Obj/flashwrite_pca10040/nrf_atomic.o