Archive member included to satisfy reference by file (symbol)

C:/segger/arm_segger_embedded_studio_v510c_win_x64_nordic/lib/libc_v7em_fpv4_sp_d16_hard_t_le_eabi.a(libc2.o)
                              Output/Release/Obj/saadc_pca10040/nrf_log_str_formatter.o (isprint)
C:/segger/arm_segger_embedded_studio_v510c_win_x64_nordic/lib/libc_v7em_fpv4_sp_d16_hard_t_le_eabi.a(libc2_asm.o)
                              Output/Release/Obj/saadc_pca10040/nrf_log_frontend.o (memcpy)
C:/segger/arm_segger_embedded_studio_v510c_win_x64_nordic/lib/libc_v7em_fpv4_sp_d16_hard_t_le_eabi.a(libvfprintf.o)
                              (__vfprintf_long)
C:/segger/arm_segger_embedded_studio_v510c_win_x64_nordic/lib/libc_v7em_fpv4_sp_d16_hard_t_le_eabi.a(libvfscanf.o)
                              (__vfscanf_long)
C:/segger/arm_segger_embedded_studio_v510c_win_x64_nordic/lib/libc_v7em_fpv4_sp_d16_hard_t_le_eabi.a(libc.o)
                              C:/segger/arm_segger_embedded_studio_v510c_win_x64_nordic/lib/libc_v7em_fpv4_sp_d16_hard_t_le_eabi.a(libc2.o) (__heap_lock)
C:/segger/arm_segger_embedded_studio_v510c_win_x64_nordic/lib/libc_v7em_fpv4_sp_d16_hard_t_le_eabi.a(libc_asm.o)
                              C:/segger/arm_segger_embedded_studio_v510c_win_x64_nordic/lib/libc_v7em_fpv4_sp_d16_hard_t_le_eabi.a(libc2.o) (__aeabi_uldivmod)
C:/segger/arm_segger_embedded_studio_v510c_win_x64_nordic/lib/libdebugio_v7em_fpv4_sp_d16_hard_t_le_eabi.a(libdebugio.o)
                              Output/Release/Obj/saadc_pca10040/thumb_crt0.o (debug_fopen)
C:/segger/arm_segger_embedded_studio_v510c_win_x64_nordic/lib/libdebugio_v7em_fpv4_sp_d16_hard_t_le_eabi.a(do_nv_debug_operation.o)
                              C:/segger/arm_segger_embedded_studio_v510c_win_x64_nordic/lib/libdebugio_v7em_fpv4_sp_d16_hard_t_le_eabi.a(libdebugio.o) (__do_nvdebug_operation)
C:/segger/arm_segger_embedded_studio_v510c_win_x64_nordic/lib/libdebugio_v7em_fpv4_sp_d16_hard_t_le_eabi.a(mempoll_debug_operations.o)
                              (__do_debug_operation_mempoll)
C:/segger/arm_segger_embedded_studio_v510c_win_x64_nordic/lib/libm_v7em_fpv4_sp_d16_hard_t_le_eabi.a(libm_asm.o)
                              C:/segger/arm_segger_embedded_studio_v510c_win_x64_nordic/lib/libc_v7em_fpv4_sp_d16_hard_t_le_eabi.a(libc2.o) (__aeabi_dadd)
C:/segger/arm_segger_embedded_studio_v510c_win_x64_nordic/lib/libm_v7em_fpv4_sp_d16_hard_t_le_eabi.a(libm2.o)
                              C:/segger/arm_segger_embedded_studio_v510c_win_x64_nordic/lib/libc_v7em_fpv4_sp_d16_hard_t_le_eabi.a(libvfprintf.o) (frexp)

Discarded input sections

 .text          0x0000000000000000        0x0 Output/Release/Obj/saadc_pca10040/thumb_crt0.o
 .data          0x0000000000000000        0x0 Output/Release/Obj/saadc_pca10040/thumb_crt0.o
 .bss           0x0000000000000000        0x0 Output/Release/Obj/saadc_pca10040/thumb_crt0.o
 .text.__aeabi_read_tp
                0x0000000000000000        0x8 Output/Release/Obj/saadc_pca10040/thumb_crt0.o
 .text.abort    0x0000000000000000        0x2 Output/Release/Obj/saadc_pca10040/thumb_crt0.o
 .text.__assert
                0x0000000000000000        0x2 Output/Release/Obj/saadc_pca10040/thumb_crt0.o
 .text.__assert_func
                0x0000000000000000        0x2 Output/Release/Obj/saadc_pca10040/thumb_crt0.o
 .text.__aeabi_assert
                0x0000000000000000        0x2 Output/Release/Obj/saadc_pca10040/thumb_crt0.o
 .text.__sync_synchronize
                0x0000000000000000        0x2 Output/Release/Obj/saadc_pca10040/thumb_crt0.o
 .text.__getchar
                0x0000000000000000        0x4 Output/Release/Obj/saadc_pca10040/thumb_crt0.o
 .text.__putchar
                0x0000000000000000        0x4 Output/Release/Obj/saadc_pca10040/thumb_crt0.o
 .text.__open   0x0000000000000000        0x4 Output/Release/Obj/saadc_pca10040/thumb_crt0.o
 .text.__close  0x0000000000000000        0x4 Output/Release/Obj/saadc_pca10040/thumb_crt0.o
 .text.__write  0x0000000000000000        0xa Output/Release/Obj/saadc_pca10040/thumb_crt0.o
 .text.__read   0x0000000000000000        0xa Output/Release/Obj/saadc_pca10040/thumb_crt0.o
 .text.__seek   0x0000000000000000       0x1a Output/Release/Obj/saadc_pca10040/thumb_crt0.o
 .bss.__user_locale_name_buffer
                0x0000000000000000        0x4 Output/Release/Obj/saadc_pca10040/thumb_crt0.o
 .stack         0x0000000000000000        0x0 Output/Release/Obj/saadc_pca10040/thumb_crt0.o
 .stack_process
                0x0000000000000000        0x0 Output/Release/Obj/saadc_pca10040/thumb_crt0.o
 .heap          0x0000000000000000        0x0 Output/Release/Obj/saadc_pca10040/thumb_crt0.o
 .group         0x0000000000000000        0xc Output/Release/Obj/saadc_pca10040/nrf_log_backend_rtt.o
 .group         0x0000000000000000        0xc Output/Release/Obj/saadc_pca10040/nrf_log_backend_rtt.o
 .group         0x0000000000000000        0xc Output/Release/Obj/saadc_pca10040/nrf_log_backend_rtt.o
[...]
Memory Configuration

Name             Origin             Length             Attributes
UNPLACED_SECTIONS 0x0000000100000000 0x0000000000000000 xw
RAM              0x0000000020000000 0x0000000000010000 xw
FLASH            0x0000000000000000 0x0000000000080000 xw
*default*        0x0000000000000000 0xffffffffffffffff

Linker script and memory map

                0x0000000000000000                __do_debug_operation = __do_debug_operation_mempoll
                0x0000000000000000                __vfprintf = __vfprintf_long
                0x0000000000000000                __vfscanf = __vfscanf_long
                0x0000000020000000                __RAM_segment_start__ = 0x20000000
                0x0000000020010000                __RAM_segment_end__ = 0x20010000
                0x0000000000010000                __RAM_segment_size__ = 0x10000
                0x0000000000000000                __FLASH_segment_start__ = 0x0
                0x0000000000080000                __FLASH_segment_end__ = 0x80000
                0x0000000000080000                __FLASH_segment_size__ = 0x80000
                0x0000000000002000                __HEAPSIZE__ = 0x2000
                0x0000000000000000                __STACKSIZE_PROCESS__ = 0x0
                0x0000000000002000                __STACKSIZE__ = 0x2000
                0x0000000020000000                __vectors_ram_load_start__ = 0x20000000

.vectors_ram    0x0000000020000000        0x0
                0x0000000020000000                __vectors_ram_start__ = .
                0x0000000020000000                __app_ram_start__ = __vectors_ram_start__
 *(.vectors_ram .vectors_ram.*)
                0x0000000020000000                __vectors_ram_end__ = (__vectors_ram_start__ + SIZEOF (.vectors_ram))
                0x0000000000000000                __vectors_ram_size__ = SIZEOF (.vectors_ram)
                0x0000000020000000                __vectors_ram_load_end__ = __vectors_ram_end__
                0x0000000000000001                . = ASSERT (((__vectors_ram_start__ == __vectors_ram_end__) || ((__vectors_ram_end__ - __RAM_segment_start__) <= __RAM_segment_size__)), error: .vectors_ram is too large to fit in RAM memory segment)
                0x0000000020000000                __nrf_sections_run_load_start__ = ALIGN (__vectors_ram_end__, 0x4)

.nrf_sections_run
                0x0000000020000000        0x0
                0x0000000020000000                __nrf_sections_run_start__ = .
                0x0000000020000000                __start_nrf_sections_run = __nrf_sections_run_start__
 *(.nrf_sections_run .nrf_sections_run.*)
                0x0000000020000000                __nrf_sections_run_end__ = (__nrf_sections_run_start__ + SIZEOF (.nrf_sections_run))
                0x0000000000000000                __nrf_sections_run_size__ = SIZEOF (.nrf_sections_run)
                0x0000000020000000                __nrf_sections_run_load_end__ = __nrf_sections_run_end__
                0x0000000000000001                . = ASSERT (((__nrf_sections_run_start__ == __nrf_sections_run_end__) || ((__nrf_sections_run_end__ - __RAM_segment_start__) <= __RAM_segment_size__)), error: .nrf_sections_run is too large to fit in RAM memory segment)
                0x0000000000000000                __vectors_load_start__ = 0x0

.vectors        0x0000000000000000      0x200
                0x0000000000000000                __vectors_start__ = .
 *(.vectors .vectors.*)
 .vectors       0x0000000000000000      0x200 Output/Release/Obj/saadc_pca10040/ses_startup_nrf52.o
                0x0000000000000000                _vectors
                0x0000000000000200                __vectors_end__ = (__vectors_start__ + SIZEOF (.vectors))
                0x0000000000000200                __vectors_size__ = SIZEOF (.vectors)
                0x0000000000000200                __vectors_load_end__ = __vectors_end__
                0x0000000000000001                . = ASSERT (((__vectors_start__ == __vectors_end__) || ((__vectors_end__ - __FLASH_segment_start__) <= __FLASH_segment_size__)), error: .vectors is too large to fit in FLASH memory segment)
                0x0000000000000200                __init_load_start__ = ALIGN (__vectors_end__, 0x4)

.init           0x0000000000000200      0x1d0
                0x0000000000000200                __init_start__ = .
 *(.init .init.*)
 .init          0x0000000000000200      0x15c Output/Release/Obj/saadc_pca10040/thumb_crt0.o
                0x0000000000000200                _start
                0x00000000000002b4                exit
 .init          0x000000000000035c       0x18 Output/Release/Obj/saadc_pca10040/ses_startup_nrf52.o
                0x000000000000035c                NMI_Handler
                0x000000000000035e                HardFault_Handler
                0x0000000000000360                MemoryManagement_Handler
                0x0000000000000362                BusFault_Handler
                0x0000000000000364                UsageFault_Handler
                0x0000000000000366                SVC_Handler
                0x0000000000000368                DebugMon_Handler
                0x000000000000036a                PendSV_Handler
                0x000000000000036c                SysTick_Handler
                0x000000000000036e                PWM1_IRQHandler
                0x000000000000036e                GPIOTE_IRQHandler
                0x000000000000036e                SWI0_EGU0_IRQHandler
                0x000000000000036e                POWER_CLOCK_IRQHandler
                0x000000000000036e                RADIO_IRQHandler
                0x000000000000036e                PDM_IRQHandler
                0x000000000000036e                TEMP_IRQHandler
                0x000000000000036e                RTC0_IRQHandler
                0x000000000000036e                TIMER3_IRQHandler
                0x000000000000036e                FPU_IRQHandler
                0x000000000000036e                SPIM0_SPIS0_TWIM0_TWIS0_SPI0_TWI0_IRQHandler
                0x000000000000036e                SWI2_EGU2_IRQHandler
                0x000000000000036e                TIMER4_IRQHandler
                0x000000000000036e                I2S_IRQHandler
                0x000000000000036e                SWI4_EGU4_IRQHandler
                0x000000000000036e                Dummy_Handler
                0x000000000000036e                TIMER1_IRQHandler
                0x000000000000036e                PWM2_IRQHandler
                0x000000000000036e                ECB_IRQHandler
                0x000000000000036e                SPIM1_SPIS1_TWIM1_TWIS1_SPI1_TWI1_IRQHandler
                0x000000000000036e                CCM_AAR_IRQHandler
                0x000000000000036e                WDT_IRQHandler
                0x000000000000036e                QDEC_IRQHandler
                0x000000000000036e                SWI5_EGU5_IRQHandler
                0x000000000000036e                RNG_IRQHandler
                0x000000000000036e                RTC2_IRQHandler
                0x000000000000036e                PWM0_IRQHandler
                0x000000000000036e                SWI3_EGU3_IRQHandler
                0x000000000000036e                RTC1_IRQHandler
                0x000000000000036e                SWI1_EGU1_IRQHandler
                0x000000000000036e                SPIM2_SPIS2_SPI2_IRQHandler
                0x000000000000036e                NFCT_IRQHandler
                0x000000000000036e                TIMER2_IRQHandler
                0x000000000000036e                MWU_IRQHandler
                0x000000000000036e                COMP_LPCOMP_IRQHandler
                0x0000000000000370                nRFInitialize
 .init          0x0000000000000374       0x5c Output/Release/Obj/saadc_pca10040/ses_startup_nrf_common.o
                0x0000000000000374                Reset_Handler
                0x0000000000000378                afterInitialize
                0x000000000000039c                InitializeUserMemorySections
                0x00000000000003d0                __init_end__ = (__init_start__ + SIZEOF (.init))
                0x00000000000001d0                __init_size__ = SIZEOF (.init)
                0x00000000000003d0                __init_load_end__ = __init_end__
                0x0000000000000001                . = ASSERT (((__init_start__ == __init_end__) || ((__init_end__ - __FLASH_segment_start__) <= __FLASH_segment_size__)), error: .init is too large to fit in FLASH memory segment)
                0x00000000000003d0                __init_rodata_load_start__ = ALIGN (__init_end__, 0x4)

.init_rodata    0x00000000000003d0        0x0
                0x00000000000003d0                __init_rodata_start__ = .
 *(.init_rodata .init_rodata.*)
                0x00000000000003d0                __init_rodata_end__ = (__init_rodata_start__ + SIZEOF (.init_rodata))
                0x0000000000000000                __init_rodata_size__ = SIZEOF (.init_rodata)
                0x00000000000003d0                __init_rodata_load_end__ = __init_rodata_end__
                0x0000000000000001                . = ASSERT (((__init_rodata_start__ == __init_rodata_end__) || ((__init_rodata_end__ - __FLASH_segment_start__) <= __FLASH_segment_size__)), error: .init_rodata is too large to fit in FLASH memory segment)
                0x00000000000003d0                __text_load_start__ = ALIGN (__init_rodata_end__, 0x4)

.text           0x00000000000003d0     0x2700
                0x00000000000003d0                __text_start__ = .
 *(.text .text.* .glue_7t .glue_7 .gnu.linkonce.t.* .gcc_except_table .ARM.extab* .gnu.linkonce.armextab.*)
 .glue_7        0x00000000000003d0        0x0 linker stubs
 .glue_7t       0x00000000000003d0        0x0 linker stubs
 .text.nrf_log_backend_serial_put
                0x00000000000003d0       0xc2 Output/Release/Obj/saadc_pca10040/nrf_log_backend_serial.o
                0x00000000000003d0                nrf_log_backend_serial_put
 *fill*         0x0000000000000492        0x2 
 .text.uart_evt_handler
                0x0000000000000494        0xc Output/Release/Obj/saadc_pca10040/nrf_log_backend_uart.o
 .text.nrf_log_backend_uart_flush
                0x00000000000004a0        0x2 Output/Release/Obj/saadc_pca10040/nrf_log_backend_uart.o
 *fill*         0x00000000000004a2        0x2 
 .text.uart_init
                0x00000000000004a4       0x5c Output/Release/Obj/saadc_pca10040/nrf_log_backend_uart.o
 .text.nrf_log_backend_uart_put
                0x0000000000000500       0x1c Output/Release/Obj/saadc_pca10040/nrf_log_backend_uart.o
 .text.serial_tx
                0x000000000000051c       0x48 Output/Release/Obj/saadc_pca10040/nrf_log_backend_uart.o
 .text.nrf_log_backend_uart_panic_set
                0x0000000000000564       0x2c Output/Release/Obj/saadc_pca10040/nrf_log_backend_uart.o
 .text.nrf_log_backend_uart_init
                0x0000000000000590        0x6 Output/Release/Obj/saadc_pca10040/nrf_log_backend_uart.o
                0x0000000000000590                nrf_log_backend_uart_init
 *fill*         0x0000000000000596        0x2 
 .text.nrf_log_default_backends_init
                0x0000000000000598       0x20 Output/Release/Obj/saadc_pca10040/nrf_log_default_backends.o
                0x0000000000000598                nrf_log_default_backends_init
 .text.invalid_packets_omit
                0x00000000000005b8       0x3a Output/Release/Obj/saadc_pca10040/nrf_log_frontend.o
 *fill*         0x00000000000005f2        0x2 
 .text.buf_prealloc
                0x00000000000005f4      0x130 Output/Release/Obj/saadc_pca10040/nrf_log_frontend.o
 .text.nrf_log_init
                0x0000000000000724       0x3c Output/Release/Obj/saadc_pca10040/nrf_log_frontend.o
                0x0000000000000724                nrf_log_init
 .text.nrf_log_module_name_get
                0x0000000000000760       0x38 Output/Release/Obj/saadc_pca10040/nrf_log_frontend.o
                0x0000000000000760                nrf_log_module_name_get
 .text.nrf_log_color_id_get
                0x0000000000000798       0x2c Output/Release/Obj/saadc_pca10040/nrf_log_frontend.o
                0x0000000000000798                nrf_log_color_id_get
 .text.buffer_is_empty
                0x00000000000007c4       0x14 Output/Release/Obj/saadc_pca10040/nrf_log_frontend.o
                0x00000000000007c4                buffer_is_empty
 .text.nrf_log_frontend_dequeue
                0x00000000000007d8      0x218 Output/Release/Obj/saadc_pca10040/nrf_log_frontend.o
                0x00000000000007d8                nrf_log_frontend_dequeue
 .text.std_n    0x00000000000009f0       0x98 Output/Release/Obj/saadc_pca10040/nrf_log_frontend.o
 .text.nrf_log_frontend_std_0
                0x0000000000000a88        0x8 Output/Release/Obj/saadc_pca10040/nrf_log_frontend.o
                0x0000000000000a88                nrf_log_frontend_std_0
 .text.nrf_log_frontend_std_1
                0x0000000000000a90       0x12 Output/Release/Obj/saadc_pca10040/nrf_log_frontend.o
                0x0000000000000a90                nrf_log_frontend_std_1
 *fill*         0x0000000000000aa2        0x2 
 .text.nrf_log_backend_add
                0x0000000000000aa4       0x44 Output/Release/Obj/saadc_pca10040/nrf_log_frontend.o
                0x0000000000000aa4                nrf_log_backend_add
 .text.nrf_log_panic
                0x0000000000000ae8       0x2c Output/Release/Obj/saadc_pca10040/nrf_log_frontend.o
                0x0000000000000ae8                nrf_log_panic
 .text.postfix_process
                0x0000000000000b14       0x44 Output/Release/Obj/saadc_pca10040/nrf_log_str_formatter.o
 .text.prefix_process
                0x0000000000000b58       0x7c Output/Release/Obj/saadc_pca10040/nrf_log_str_formatter.o
 .text.nrf_log_std_entry_process
                0x0000000000000bd4       0xc8 Output/Release/Obj/saadc_pca10040/nrf_log_str_formatter.o
                0x0000000000000bd4                nrf_log_std_entry_process
 .text.nrf_log_hexdump_entry_process
                0x0000000000000c9c       0xb8 Output/Release/Obj/saadc_pca10040/nrf_log_str_formatter.o
                0x0000000000000c9c                nrf_log_hexdump_entry_process
 .text.app_error_handler_bare
                0x0000000000000d54       0x1a Output/Release/Obj/saadc_pca10040/app_error.o
                0x0000000000000d54                app_error_handler_bare
 *fill*         0x0000000000000d6e        0x2 
 .text.app_error_fault_handler
                0x0000000000000d70       0x70 Output/Release/Obj/saadc_pca10040/app_error_weak.o
                0x0000000000000d70                app_error_fault_handler
 .text.app_util_disable_irq
                0x0000000000000de0       0x10 Output/Release/Obj/saadc_pca10040/app_util_platform.o
                0x0000000000000de0                app_util_disable_irq
 .text.app_util_enable_irq
                0x0000000000000df0       0x14 Output/Release/Obj/saadc_pca10040/app_util_platform.o
                0x0000000000000df0                app_util_enable_irq
 .text.app_util_critical_region_enter
                0x0000000000000e04        0x4 Output/Release/Obj/saadc_pca10040/app_util_platform.o
                0x0000000000000e04                app_util_critical_region_enter
 .text.app_util_critical_region_exit
                0x0000000000000e08        0x4 Output/Release/Obj/saadc_pca10040/app_util_platform.o
                0x0000000000000e08                app_util_critical_region_exit
 .text.nrf_atomic_u32_fetch_store
                0x0000000000000e0c       0x16 Output/Release/Obj/saadc_pca10040/nrf_atomic.o
                0x0000000000000e0c                nrf_atomic_u32_fetch_store
 .text.nrf_atomic_u32_or
                0x0000000000000e22       0x18 Output/Release/Obj/saadc_pca10040/nrf_atomic.o
                0x0000000000000e22                nrf_atomic_u32_or
 .text.nrf_atomic_u32_fetch_and
                0x0000000000000e3a       0x18 Output/Release/Obj/saadc_pca10040/nrf_atomic.o
                0x0000000000000e3a                nrf_atomic_u32_fetch_and
 .text.nrf_atomic_u32_add
                0x0000000000000e52       0x18 Output/Release/Obj/saadc_pca10040/nrf_atomic.o
                0x0000000000000e52                nrf_atomic_u32_add
 .text.nrf_atomic_u32_sub
                0x0000000000000e6a       0x18 Output/Release/Obj/saadc_pca10040/nrf_atomic.o
                0x0000000000000e6a                nrf_atomic_u32_sub
 .text.nrf_atomic_flag_set
                0x0000000000000e82        0x6 Output/Release/Obj/saadc_pca10040/nrf_atomic.o
                0x0000000000000e82                nrf_atomic_flag_set
 .text.nrf_atomic_flag_clear_fetch
                0x0000000000000e88        0x6 Output/Release/Obj/saadc_pca10040/nrf_atomic.o
                0x0000000000000e88                nrf_atomic_flag_clear_fetch
 .text.nrf_balloc_init
                0x0000000000000e8e       0x2e Output/Release/Obj/saadc_pca10040/nrf_balloc.o
                0x0000000000000e8e                nrf_balloc_init
 .text.nrf_balloc_alloc
                0x0000000000000ebc       0x40 Output/Release/Obj/saadc_pca10040/nrf_balloc.o
                0x0000000000000ebc                nrf_balloc_alloc
 .text.nrf_balloc_free
                0x0000000000000efc       0x2a Output/Release/Obj/saadc_pca10040/nrf_balloc.o
                0x0000000000000efc                nrf_balloc_free
 .text.nrf_fprintf_buffer_flush
                0x0000000000000f26       0x16 Output/Release/Obj/saadc_pca10040/nrf_fprintf.o
                0x0000000000000f26                nrf_fprintf_buffer_flush
 .text.nrf_fprintf
                0x0000000000000f3c       0x1c Output/Release/Obj/saadc_pca10040/nrf_fprintf.o
                0x0000000000000f3c                nrf_fprintf
 .text.buffer_add
                0x0000000000000f58       0x2e Output/Release/Obj/saadc_pca10040/nrf_fprintf_format.o
 *fill*         0x0000000000000f86        0x2 
 .text.unsigned_print
                0x0000000000000f88       0xb4 Output/Release/Obj/saadc_pca10040/nrf_fprintf_format.o
 .text.nrf_fprintf_fmt
                0x000000000000103c      0x29c Output/Release/Obj/saadc_pca10040/nrf_fprintf_format.o
                0x000000000000103c                nrf_fprintf_fmt
 .text.memobj_op
                0x00000000000012d8       0x86 Output/Release/Obj/saadc_pca10040/nrf_memobj.o
 .text.nrf_memobj_pool_init
                0x000000000000135e        0x4 Output/Release/Obj/saadc_pca10040/nrf_memobj.o
                0x000000000000135e                nrf_memobj_pool_init
 .text.nrf_memobj_free
                0x0000000000001362       0x2c Output/Release/Obj/saadc_pca10040/nrf_memobj.o
                0x0000000000001362                nrf_memobj_free
 .text.nrf_memobj_alloc
                0x000000000000138e       0x5e Output/Release/Obj/saadc_pca10040/nrf_memobj.o
                0x000000000000138e                nrf_memobj_alloc
 .text.nrf_memobj_get
                0x00000000000013ec        0x8 Output/Release/Obj/saadc_pca10040/nrf_memobj.o
                0x00000000000013ec                nrf_memobj_get
 .text.nrf_memobj_put
                0x00000000000013f4       0x1e Output/Release/Obj/saadc_pca10040/nrf_memobj.o
                0x00000000000013f4                nrf_memobj_put
 .text.nrf_memobj_write
                0x0000000000001412       0x14 Output/Release/Obj/saadc_pca10040/nrf_memobj.o
                0x0000000000001412                nrf_memobj_write
 .text.nrf_memobj_read
                0x0000000000001426       0x14 Output/Release/Obj/saadc_pca10040/nrf_memobj.o
                0x0000000000001426                nrf_memobj_read
 *fill*         0x000000000000143a        0x2 
 .text.nrf_pwr_mgmt_init
                0x000000000000143c       0x2c Output/Release/Obj/saadc_pca10040/nrf_pwr_mgmt.o
                0x000000000000143c                nrf_pwr_mgmt_init
 .text.nrf_pwr_mgmt_run
                0x0000000000001468       0x34 Output/Release/Obj/saadc_pca10040/nrf_pwr_mgmt.o
                0x0000000000001468                nrf_pwr_mgmt_run
 .text.nrf_ringbuf_init
                0x000000000000149c       0x12 Output/Release/Obj/saadc_pca10040/nrf_ringbuf.o
                0x000000000000149c                nrf_ringbuf_init
 .text.nrf_section_iter_init
                0x00000000000014ae       0x14 Output/Release/Obj/saadc_pca10040/nrf_section_iter.o
                0x00000000000014ae                nrf_section_iter_init
 *fill*         0x00000000000014c2        0x2 
 .text.nrf_drv_ppi_init
                0x00000000000014c4       0x14 Output/Release/Obj/saadc_pca10040/nrf_drv_ppi.o
                0x00000000000014c4                nrf_drv_ppi_init
 .text.uarte_evt_handler
                0x00000000000014d8       0x34 Output/Release/Obj/saadc_pca10040/nrf_drv_uart.o
 .text.uart_evt_handler
                0x000000000000150c       0x34 Output/Release/Obj/saadc_pca10040/nrf_drv_uart.o
 .text.nrf_drv_uart_init
                0x0000000000001540       0x7c Output/Release/Obj/saadc_pca10040/nrf_drv_uart.o
                0x0000000000001540                nrf_drv_uart_init
 .text.nrfx_ppi_channel_alloc
                0x00000000000015bc       0x5c Output/Release/Obj/saadc_pca10040/nrfx_ppi.o
                0x00000000000015bc                nrfx_ppi_channel_alloc
 .text.nrfx_ppi_channel_assign
                0x0000000000001618       0x40 Output/Release/Obj/saadc_pca10040/nrfx_ppi.o
                0x0000000000001618                nrfx_ppi_channel_assign
 .text.nrfx_ppi_channel_enable
                0x0000000000001658       0x2c Output/Release/Obj/saadc_pca10040/nrfx_ppi.o
                0x0000000000001658                nrfx_ppi_channel_enable
 .text.UARTE0_UART0_IRQHandler
                0x0000000000001684        0xc Output/Release/Obj/saadc_pca10040/nrfx_prs.o
                0x0000000000001684                UARTE0_UART0_IRQHandler
 .text.nrfx_prs_acquire
                0x0000000000001690       0x38 Output/Release/Obj/saadc_pca10040/nrfx_prs.o
                0x0000000000001690                nrfx_prs_acquire
 .text.nrfx_prs_release
                0x00000000000016c8       0x18 Output/Release/Obj/saadc_pca10040/nrfx_prs.o
                0x00000000000016c8                nrfx_prs_release
 .text.nrf_saadc_event_clear
                0x00000000000016e0       0x18 Output/Release/Obj/saadc_pca10040/nrfx_saadc.o
 .text.SAADC_IRQHandler
                0x00000000000016f8      0x160 Output/Release/Obj/saadc_pca10040/nrfx_saadc.o
                0x00000000000016f8                SAADC_IRQHandler
 .text.nrfx_saadc_init
                0x0000000000001858       0x88 Output/Release/Obj/saadc_pca10040/nrfx_saadc.o
                0x0000000000001858                nrfx_saadc_init
 .text.nrfx_saadc_channel_init
                0x00000000000018e0       0xb4 Output/Release/Obj/saadc_pca10040/nrfx_saadc.o
                0x00000000000018e0                nrfx_saadc_channel_init
 .text.nrfx_saadc_sample_task_get
                0x0000000000001994       0x1c Output/Release/Obj/saadc_pca10040/nrfx_saadc.o
                0x0000000000001994                nrfx_saadc_sample_task_get
 .text.nrfx_saadc_buffer_convert
                0x00000000000019b0       0xa8 Output/Release/Obj/saadc_pca10040/nrfx_saadc.o
                0x00000000000019b0                nrfx_saadc_buffer_convert
 .text.nrfx_timer_init
                0x0000000000001a58       0xd0 Output/Release/Obj/saadc_pca10040/nrfx_timer.o
                0x0000000000001a58                nrfx_timer_init
 .text.nrfx_timer_enable
                0x0000000000001b28       0x1c Output/Release/Obj/saadc_pca10040/nrfx_timer.o
                0x0000000000001b28                nrfx_timer_enable
 .text.nrfx_timer_compare
                0x0000000000001b44       0x32 Output/Release/Obj/saadc_pca10040/nrfx_timer.o
                0x0000000000001b44                nrfx_timer_compare
 .text.nrfx_timer_extended_compare
                0x0000000000001b76       0x2a Output/Release/Obj/saadc_pca10040/nrfx_timer.o
                0x0000000000001b76                nrfx_timer_extended_compare
 .text.TIMER0_IRQHandler
                0x0000000000001ba0       0x54 Output/Release/Obj/saadc_pca10040/nrfx_timer.o
                0x0000000000001ba0                TIMER0_IRQHandler
 .text.nrf_uart_event_clear
                0x0000000000001bf4       0x10 Output/Release/Obj/saadc_pca10040/nrfx_uart.o
 .text.tx_byte  0x0000000000001c04       0x1e Output/Release/Obj/saadc_pca10040/nrfx_uart.o
 .text.rx_byte  0x0000000000001c22       0x2c Output/Release/Obj/saadc_pca10040/nrfx_uart.o
 *fill*         0x0000000000001c4e        0x2 
 .text.rx_done_event.constprop.0
                0x0000000000001c50       0x20 Output/Release/Obj/saadc_pca10040/nrfx_uart.o
 .text.nrfx_uart_0_irq_handler
                0x0000000000001c70      0x13c Output/Release/Obj/saadc_pca10040/nrfx_uart.o
                0x0000000000001c70                nrfx_uart_0_irq_handler
 .text.nrfx_uart_init
                0x0000000000001dac      0x178 Output/Release/Obj/saadc_pca10040/nrfx_uart.o
                0x0000000000001dac                nrfx_uart_init
 .text.nrfx_uart_uninit
                0x0000000000001f24       0xc4 Output/Release/Obj/saadc_pca10040/nrfx_uart.o
                0x0000000000001f24                nrfx_uart_uninit
 .text.nrfx_uart_tx
                0x0000000000001fe8       0x8c Output/Release/Obj/saadc_pca10040/nrfx_uart.o
                0x0000000000001fe8                nrfx_uart_tx
 .text.nrf_uarte_event_clear
                0x0000000000002074       0x10 Output/Release/Obj/saadc_pca10040/nrfx_uarte.o
 .text.rx_done_event.constprop.0
                0x0000000000002084       0x20 Output/Release/Obj/saadc_pca10040/nrfx_uarte.o
 .text.nrfx_uarte_0_irq_handler
                0x00000000000020a4      0x118 Output/Release/Obj/saadc_pca10040/nrfx_uarte.o
                0x00000000000020a4                nrfx_uarte_0_irq_handler
 .text.nrfx_uarte_init
                0x00000000000021bc      0x190 Output/Release/Obj/saadc_pca10040/nrfx_uarte.o
                0x00000000000021bc                nrfx_uarte_init
 .text.nrfx_uarte_uninit
                0x000000000000234c       0xec Output/Release/Obj/saadc_pca10040/nrfx_uarte.o
                0x000000000000234c                nrfx_uarte_uninit
 .text.nrfx_uarte_tx
                0x0000000000002438       0x90 Output/Release/Obj/saadc_pca10040/nrfx_uarte.o
                0x0000000000002438                nrfx_uarte_tx
 .text.timer_handler
                0x00000000000024c8        0x2 Output/Release/Obj/saadc_pca10040/main.o
                0x00000000000024c8                timer_handler
 *fill*         0x00000000000024ca        0x2 
 .text.saadc_callback
                0x00000000000024cc       0x68 Output/Release/Obj/saadc_pca10040/main.o
                0x00000000000024cc                saadc_callback
 .text.saadc_sampling_event_init
                0x0000000000002534       0x88 Output/Release/Obj/saadc_pca10040/main.o
                0x0000000000002534                saadc_sampling_event_init
 .text.saadc_sampling_event_enable
                0x00000000000025bc       0x1c Output/Release/Obj/saadc_pca10040/main.o
                0x00000000000025bc                saadc_sampling_event_enable
 .text.saadc_init
                0x00000000000025d8       0x64 Output/Release/Obj/saadc_pca10040/main.o
                0x00000000000025d8                saadc_init
 .text.startup.main
                0x000000000000263c       0x58 Output/Release/Obj/saadc_pca10040/main.o
                0x000000000000263c                main
 .text.errata_12
                0x0000000000002694       0x40 Output/Release/Obj/saadc_pca10040/system_nrf52.o
 .text.errata_16
                0x00000000000026d4       0x34 Output/Release/Obj/saadc_pca10040/system_nrf52.o
 .text.SystemInit
                0x0000000000002708      0x25c Output/Release/Obj/saadc_pca10040/system_nrf52.o
                0x0000000000002708                SystemInit
 .text.libc.__RAL_ascii_isctype
                0x0000000000002964       0x1c C:/segger/arm_segger_embedded_studio_v510c_win_x64_nordic/lib/libc_v7em_fpv4_sp_d16_hard_t_le_eabi.a(libc2.o)
 .text.libc.__RAL_ascii_toupper
                0x0000000000002980        0xc C:/segger/arm_segger_embedded_studio_v510c_win_x64_nordic/lib/libc_v7em_fpv4_sp_d16_hard_t_le_eabi.a(libc2.o)
 .text.libc.__RAL_ascii_tolower
                0x000000000000298c        0xc C:/segger/arm_segger_embedded_studio_v510c_win_x64_nordic/lib/libc_v7em_fpv4_sp_d16_hard_t_le_eabi.a(libc2.o)
 .text.libc.__RAL_ascii_iswctype
                0x0000000000002998       0x1c C:/segger/arm_segger_embedded_studio_v510c_win_x64_nordic/lib/libc_v7em_fpv4_sp_d16_hard_t_le_eabi.a(libc2.o)
 .text.libc.__RAL_ascii_towupper
                0x00000000000029b4        0xc C:/segger/arm_segger_embedded_studio_v510c_win_x64_nordic/lib/libc_v7em_fpv4_sp_d16_hard_t_le_eabi.a(libc2.o)
 .text.libc.__RAL_ascii_towlower
                0x00000000000029c0        0xc C:/segger/arm_segger_embedded_studio_v510c_win_x64_nordic/lib/libc_v7em_fpv4_sp_d16_hard_t_le_eabi.a(libc2.o)
 .text.libc.__RAL_ascii_wctomb
                0x00000000000029cc        0xe C:/segger/arm_segger_embedded_studio_v510c_win_x64_nordic/lib/libc_v7em_fpv4_sp_d16_hard_t_le_eabi.a(libc2.o)
                0x00000000000029cc                __RAL_ascii_wctomb
 .text.libc.__RAL_ascii_mbtowc
                0x00000000000029da       0x24 C:/segger/arm_segger_embedded_studio_v510c_win_x64_nordic/lib/libc_v7em_fpv4_sp_d16_hard_t_le_eabi.a(libc2.o)
                0x00000000000029da                __RAL_ascii_mbtowc
 *fill*         0x00000000000029fe        0x2 
 .text.libc.__RAL_isctype
                0x0000000000002a00       0x14 C:/segger/arm_segger_embedded_studio_v510c_win_x64_nordic/lib/libc_v7em_fpv4_sp_d16_hard_t_le_eabi.a(libc2.o)
                0x0000000000002a00                __RAL_isctype
 .text.libc.isprint
                0x0000000000002a14        0xa C:/segger/arm_segger_embedded_studio_v510c_win_x64_nordic/lib/libc_v7em_fpv4_sp_d16_hard_t_le_eabi.a(libc2.o)
                0x0000000000002a14                isprint
 .text.libc.memcpy
                0x0000000000002a1e       0x52 C:/segger/arm_segger_embedded_studio_v510c_win_x64_nordic/lib/libc_v7em_fpv4_sp_d16_hard_t_le_eabi.a(libc2_asm.o)
                0x0000000000002a1e                __aeabi_memcpy
                0x0000000000002a1e                memcpy
                0x0000000000002a2a                __aeabi_memcpy8
                0x0000000000002a2a                __aeabi_memcpy4
 .text.libc.strlen
                0x0000000000002a70       0x60 C:/segger/arm_segger_embedded_studio_v510c_win_x64_nordic/lib/libc_v7em_fpv4_sp_d16_hard_t_le_eabi.a(libc2_asm.o)
                0x0000000000002a70                strlen
                0x0000000000002ad0                __text_end__ = (__text_start__ + SIZEOF (.text))
                0x0000000000002700                __text_size__ = SIZEOF (.text)
                0x0000000000002ad0                __text_load_end__ = __text_end__

.vfp11_veneer   0x0000000100000000        0x0
 .vfp11_veneer  0x0000000100000000        0x0 linker stubs

.v4_bx          0x0000000100000000        0x0
 .v4_bx         0x0000000100000000        0x0 linker stubs

.iplt           0x0000000100000000        0x0
 .iplt          0x0000000100000000        0x0 Output/Release/Obj/saadc_pca10040/thumb_crt0.o
                0x0000000000000001                . = ASSERT (((__text_start__ == __text_end__) || ((__text_end__ - __FLASH_segment_start__) <= __FLASH_segment_size__)), error: .text is too large to fit in FLASH memory segment)
                0x0000000000002ad0                __pwr_mgmt_data_load_start__ = ALIGN (__text_end__, 0x4)

.pwr_mgmt_data  0x0000000000002ad0        0x0
                0x0000000000002ad0                __pwr_mgmt_data_start__ = .
                0x0000000000002ad0                __start_pwr_mgmt_data = __pwr_mgmt_data_start__
 *(SORT_BY_NAME(.pwr_mgmt_data*))
                0x0000000000002ad0                __pwr_mgmt_data_end__ = (__pwr_mgmt_data_start__ + SIZEOF (.pwr_mgmt_data))
                0x0000000000000000                __pwr_mgmt_data_size__ = SIZEOF (.pwr_mgmt_data)
                0x0000000000002ad0                __stop_pwr_mgmt_data = __pwr_mgmt_data_end__
                0x0000000000002ad0                __pwr_mgmt_data_load_end__ = __pwr_mgmt_data_end__
                0x0000000000000001                . = ASSERT (((__pwr_mgmt_data_start__ == __pwr_mgmt_data_end__) || ((__pwr_mgmt_data_end__ - __FLASH_segment_start__) <= __FLASH_segment_size__)), error: .pwr_mgmt_data is too large to fit in FLASH memory segment)
                0x0000000000002ad0                __log_const_data_load_start__ = ALIGN (__pwr_mgmt_data_end__, 0x4)

.log_const_data
                0x0000000000002ad0       0x40
                0x0000000000002ad0                __log_const_data_start__ = .
                0x0000000000002ad0                __start_log_const_data = __log_const_data_start__
 *(SORT_BY_NAME(.log_const_data*))
 .log_const_data_PPI
                0x0000000000002ad0        0x8 Output/Release/Obj/saadc_pca10040/nrfx_ppi.o
                0x0000000000002ad0                m_nrf_log_PPI_logs_data_const
 .log_const_data_PRS
                0x0000000000002ad8        0x8 Output/Release/Obj/saadc_pca10040/nrfx_prs.o
                0x0000000000002ad8                m_nrf_log_PRS_logs_data_const
 .log_const_data_SAADC
                0x0000000000002ae0        0x8 Output/Release/Obj/saadc_pca10040/nrfx_saadc.o
                0x0000000000002ae0                m_nrf_log_SAADC_logs_data_const
 .log_const_data_TIMER
                0x0000000000002ae8        0x8 Output/Release/Obj/saadc_pca10040/nrfx_timer.o
                0x0000000000002ae8                m_nrf_log_TIMER_logs_data_const
 .log_const_data_UART
                0x0000000000002af0        0x8 Output/Release/Obj/saadc_pca10040/nrfx_uart.o
                0x0000000000002af0                m_nrf_log_UART_logs_data_const
 .log_const_data_UARTE
                0x0000000000002af8        0x8 Output/Release/Obj/saadc_pca10040/nrfx_uarte.o
                0x0000000000002af8                m_nrf_log_UARTE_logs_data_const
 .log_const_data_app
                0x0000000000002b00        0x8 Output/Release/Obj/saadc_pca10040/nrf_log_frontend.o
                0x0000000000002b00                m_nrf_log_app_logs_data_const
 .log_const_data_pwr_mgmt
                0x0000000000002b08        0x8 Output/Release/Obj/saadc_pca10040/nrf_pwr_mgmt.o
                0x0000000000002b08                m_nrf_log_pwr_mgmt_logs_data_const
                0x0000000000002b10                __log_const_data_end__ = (__log_const_data_start__ + SIZEOF (.log_const_data))
                0x0000000000000040                __log_const_data_size__ = SIZEOF (.log_const_data)
                0x0000000000002b10                __stop_log_const_data = __log_const_data_end__
                0x0000000000002b10                __log_const_data_load_end__ = __log_const_data_end__
                0x0000000000000001                . = ASSERT (((__log_const_data_start__ == __log_const_data_end__) || ((__log_const_data_end__ - __FLASH_segment_start__) <= __FLASH_segment_size__)), error: .log_const_data is too large to fit in FLASH memory segment)
                0x0000000000002b10                __log_backends_load_start__ = ALIGN (__log_const_data_end__, 0x4)

.log_backends   0x0000000000002b10       0x10
                0x0000000000002b10                __log_backends_start__ = .
                0x0000000000002b10                __start_log_backends = __log_backends_start__
 *(SORT_BY_NAME(.log_backends*))
 .log_backends  0x0000000000002b10       0x10 Output/Release/Obj/saadc_pca10040/nrf_log_default_backends.o
                0x0000000000002b20                __log_backends_end__ = (__log_backends_start__ + SIZEOF (.log_backends))
                0x0000000000000010                __log_backends_size__ = SIZEOF (.log_backends)
                0x0000000000002b20                __stop_log_backends = __log_backends_end__
                0x0000000000002b20                __log_backends_load_end__ = __log_backends_end__
                0x0000000000000001                . = ASSERT (((__log_backends_start__ == __log_backends_end__) || ((__log_backends_end__ - __FLASH_segment_start__) <= __FLASH_segment_size__)), error: .log_backends is too large to fit in FLASH memory segment)
                0x0000000000002b20                __nrf_balloc_load_start__ = ALIGN (__log_backends_end__, 0x4)

.nrf_balloc     0x0000000000002b20       0x14
                0x0000000000002b20                __nrf_balloc_start__ = .
                0x0000000000002b20                __start_nrf_balloc = __nrf_balloc_start__
 *(.nrf_balloc*)
 .nrf_balloc    0x0000000000002b20       0x14 Output/Release/Obj/saadc_pca10040/nrf_log_frontend.o
                0x0000000000002b20                log_mempool
                0x0000000000002b34                __nrf_balloc_end__ = (__nrf_balloc_start__ + SIZEOF (.nrf_balloc))
                0x0000000000000014                __nrf_balloc_size__ = SIZEOF (.nrf_balloc)
                0x0000000000002b34                __stop_nrf_balloc = __nrf_balloc_end__
                0x0000000000002b34                __nrf_balloc_load_end__ = __nrf_balloc_end__
                0x0000000000000001                . = ASSERT (((__nrf_balloc_start__ == __nrf_balloc_end__) || ((__nrf_balloc_end__ - __FLASH_segment_start__) <= __FLASH_segment_size__)), error: .nrf_balloc is too large to fit in FLASH memory segment)
                0x0000000000002b34                __nrf_sections_load_start__ = ALIGN (__nrf_balloc_end__, 0x4)

.nrf_sections   0x0000000000002b34        0x0
                0x0000000000002b34                __nrf_sections_start__ = .
                0x0000000000002b34                __start_nrf_sections = __nrf_sections_start__
 *(.nrf_sections .nrf_sections.*)
                0x0000000000002b34                __nrf_sections_end__ = (__nrf_sections_start__ + SIZEOF (.nrf_sections))
                0x0000000000000000                __nrf_sections_size__ = SIZEOF (.nrf_sections)
                0x0000000000002b34                __nrf_sections_load_end__ = __nrf_sections_end__
                0x0000000000000001                . = ASSERT (((__nrf_sections_start__ == __nrf_sections_end__) || ((__nrf_sections_end__ - __FLASH_segment_start__) <= __FLASH_segment_size__)), error: .nrf_sections is too large to fit in FLASH memory segment)
                0x0000000000002b34                __log_dynamic_data_load_start__ = ALIGN (__nrf_sections_end__, 0x4)

.log_dynamic_data
                0x0000000020000000        0x0 load address 0x0000000000002b34
                0x0000000020000000                __log_dynamic_data_start__ = .
 *(SORT_BY_NAME(.log_dynamic_data*))
                0x0000000020000000                __log_dynamic_data_end__ = (__log_dynamic_data_start__ + SIZEOF (.log_dynamic_data))
                0x0000000000000000                __log_dynamic_data_size__ = SIZEOF (.log_dynamic_data)
                0x0000000000002b34                __log_dynamic_data_load_end__ = (__log_dynamic_data_load_start__ + SIZEOF (.log_dynamic_data))
                0x0000000000000001                . = ASSERT (((__log_dynamic_data_load_start__ == __log_dynamic_data_load_end__) || ((__log_dynamic_data_load_end__ - __FLASH_segment_start__) <= __FLASH_segment_size__)), error: .log_dynamic_data is too large to fit in FLASH memory segment)

.log_dynamic_data_run
                0x0000000020000000        0x0
                0x0000000020000000                __log_dynamic_data_run_start__ = .
                0x0000000020000000                __start_log_dynamic_data = __log_dynamic_data_run_start__
                0x0000000020000000                . = MAX ((__log_dynamic_data_run_start__ + SIZEOF (.log_dynamic_data)), .)
                0x0000000020000000                __log_dynamic_data_run_end__ = (__log_dynamic_data_run_start__ + SIZEOF (.log_dynamic_data_run))
                0x0000000000000000                __log_dynamic_data_run_size__ = SIZEOF (.log_dynamic_data_run)
                0x0000000020000000                __stop_log_dynamic_data = __log_dynamic_data_run_end__
                0x0000000020000000                __log_dynamic_data_run_load_end__ = __log_dynamic_data_run_end__
                0x0000000000000001                . = ASSERT (((__log_dynamic_data_run_start__ == __log_dynamic_data_run_end__) || ((__log_dynamic_data_run_end__ - __RAM_segment_start__) <= __RAM_segment_size__)), error: .log_dynamic_data_run is too large to fit in RAM memory segment)
                0x0000000000002b34                __log_filter_data_load_start__ = ALIGN ((__log_dynamic_data_load_start__ + SIZEOF (.log_dynamic_data)), 0x4)

.log_filter_data
                0x0000000020000000        0x0 load address 0x0000000000002b34
                0x0000000020000000                __log_filter_data_start__ = .
 *(SORT_BY_NAME(.log_filter_data*))
                0x0000000020000000                __log_filter_data_end__ = (__log_filter_data_start__ + SIZEOF (.log_filter_data))
                0x0000000000000000                __log_filter_data_size__ = SIZEOF (.log_filter_data)
                0x0000000000002b34                __log_filter_data_load_end__ = (__log_filter_data_load_start__ + SIZEOF (.log_filter_data))
                0x0000000000000001                . = ASSERT (((__log_filter_data_load_start__ == __log_filter_data_load_end__) || ((__log_filter_data_load_end__ - __FLASH_segment_start__) <= __FLASH_segment_size__)), error: .log_filter_data is too large to fit in FLASH memory segment)

.log_filter_data_run
                0x0000000020000000        0x0
                0x0000000020000000                __log_filter_data_run_start__ = .
                0x0000000020000000                __start_log_filter_data = __log_filter_data_run_start__
                0x0000000020000000                . = MAX ((__log_filter_data_run_start__ + SIZEOF (.log_filter_data)), .)
                0x0000000020000000                __log_filter_data_run_end__ = (__log_filter_data_run_start__ + SIZEOF (.log_filter_data_run))
                0x0000000000000000                __log_filter_data_run_size__ = SIZEOF (.log_filter_data_run)
                0x0000000020000000                __stop_log_filter_data = __log_filter_data_run_end__
                0x0000000020000000                __log_filter_data_run_load_end__ = __log_filter_data_run_end__
                0x0000000000000001                . = ASSERT (((__log_filter_data_run_start__ == __log_filter_data_run_end__) || ((__log_filter_data_run_end__ - __RAM_segment_start__) <= __RAM_segment_size__)), error: .log_filter_data_run is too large to fit in RAM memory segment)
                0x0000000020000000                __nrf_sections_run_end_load_start__ = ALIGN (__log_filter_data_run_end__, 0x4)

.nrf_sections_run_end
                0x0000000020000000        0x0
                0x0000000020000000                __nrf_sections_run_end_start__ = .
                0x0000000020000000                __end_nrf_sections_run = __nrf_sections_run_end_start__
 *(.nrf_sections_run_end .nrf_sections_run_end.*)
                0x0000000020000000                __nrf_sections_run_end_end__ = (__nrf_sections_run_end_start__ + SIZEOF (.nrf_sections_run_end))
                0x0000000000000000                __nrf_sections_run_end_size__ = SIZEOF (.nrf_sections_run_end)
                0x0000000020000000                __nrf_sections_run_end_load_end__ = __nrf_sections_run_end_end__
                0x0000000000000001                . = ASSERT (((__nrf_sections_run_end_start__ == __nrf_sections_run_end_end__) || ((__nrf_sections_run_end_end__ - __RAM_segment_start__) <= __RAM_segment_size__)), error: .nrf_sections_run_end is too large to fit in RAM memory segment)
                0x0000000000002b34                __dtors_load_start__ = ALIGN ((__log_filter_data_load_start__ + SIZEOF (.log_filter_data)), 0x4)

.dtors          0x0000000000002b34        0x0
                0x0000000000002b34                __dtors_start__ = .
 *(SORT_BY_NAME(.dtors.*))
 *(.dtors)
 *(.fini_array)
 *(SORT_BY_NAME(.fini_array.*))
                0x0000000000002b34                __dtors_end__ = (__dtors_start__ + SIZEOF (.dtors))
                0x0000000000000000                __dtors_size__ = SIZEOF (.dtors)
                0x0000000000002b34                __dtors_load_end__ = __dtors_end__
                0x0000000000000001                . = ASSERT (((__dtors_start__ == __dtors_end__) || ((__dtors_end__ - __FLASH_segment_start__) <= __FLASH_segment_size__)), error: .dtors is too large to fit in FLASH memory segment)
                0x0000000000002b34                __ctors_load_start__ = ALIGN (__dtors_end__, 0x4)

.ctors          0x0000000000002b34        0x0
                0x0000000000002b34                __ctors_start__ = .
 *(SORT_BY_NAME(.ctors.*))
 *(.ctors)
 *(.init_array)
 *(SORT_BY_NAME(.init_array.*))
                0x0000000000002b34                __ctors_end__ = (__ctors_start__ + SIZEOF (.ctors))
                0x0000000000000000                __ctors_size__ = SIZEOF (.ctors)
                0x0000000000002b34                __ctors_load_end__ = __ctors_end__
                0x0000000000000001                . = ASSERT (((__ctors_start__ == __ctors_end__) || ((__ctors_end__ - __FLASH_segment_start__) <= __FLASH_segment_size__)), error: .ctors is too large to fit in FLASH memory segment)
                0x0000000000002b34                __rodata_load_start__ = ALIGN (__ctors_end__, 0x4)

.rodata         0x0000000000002b34      0x40e
                0x0000000000002b34                __rodata_start__ = .
 *(.rodata .rodata.* .gnu.linkonce.r.*)
 .rodata        0x0000000000002b34       0x20 Output/Release/Obj/saadc_pca10040/nrf_log_backend_uart.o
 .rodata.nrf_log_backend_uart_api
                0x0000000000002b54        0xc Output/Release/Obj/saadc_pca10040/nrf_log_backend_uart.o
                0x0000000000002b54                nrf_log_backend_uart_api
 .rodata.str1.1
                0x0000000000002b60       0x11 Output/Release/Obj/saadc_pca10040/nrf_log_default_backends.o
 .rodata.nrf_log_frontend_dequeue.str1.1
                0x0000000000002b71       0x11 Output/Release/Obj/saadc_pca10040/nrf_log_frontend.o
 .rodata.str1.1
                0x0000000000002b82        0x4 Output/Release/Obj/saadc_pca10040/nrf_log_frontend.o
 *fill*         0x0000000000002b86        0x2 
 .rodata.m_log_push_ringbuf
                0x0000000000002b88        0xc Output/Release/Obj/saadc_pca10040/nrf_log_frontend.o
 .rodata.postfix_process.str1.1
                0x0000000000002b94        0x8 Output/Release/Obj/saadc_pca10040/nrf_log_str_formatter.o
                                          0xb (size before relaxing)
 .rodata.prefix_process.str1.1
                0x0000000000002b9c       0x2a Output/Release/Obj/saadc_pca10040/nrf_log_str_formatter.o
 .rodata.nrf_log_hexdump_entry_process.str1.1
                0x0000000000002bc6        0xf Output/Release/Obj/saadc_pca10040/nrf_log_str_formatter.o
                                         0x11 (size before relaxing)
 .rodata.str1.1
                0x0000000000002bd5       0x4b Output/Release/Obj/saadc_pca10040/nrf_log_str_formatter.o
                                         0x51 (size before relaxing)
 .rodata.m_colors
                0x0000000000002c20       0x24 Output/Release/Obj/saadc_pca10040/nrf_log_str_formatter.o
 .rodata.severity_names
                0x0000000000002c44       0x14 Output/Release/Obj/saadc_pca10040/nrf_log_str_formatter.o
 .rodata.app_error_fault_handler.str1.1
                0x0000000000002c58       0x19 Output/Release/Obj/saadc_pca10040/app_error_weak.o
 .rodata._aV2C.7537
                0x0000000000002c71       0x10 Output/Release/Obj/saadc_pca10040/nrf_fprintf_format.o
 .rodata.str1.1
                0x0000000000002c81        0x9 Output/Release/Obj/saadc_pca10040/nrf_pwr_mgmt.o
 *fill*         0x0000000000002c8a        0x2 
 .rodata.pwr_mgmt_data
                0x0000000000002c8c        0xc Output/Release/Obj/saadc_pca10040/nrf_pwr_mgmt.o
 .rodata.str1.1
                0x0000000000002c98        0x4 Output/Release/Obj/saadc_pca10040/nrfx_ppi.o
 .rodata.str1.1
                0x0000000000002c9c        0x4 Output/Release/Obj/saadc_pca10040/nrfx_prs.o
 .rodata.str1.1
                0x0000000000002ca0        0x6 Output/Release/Obj/saadc_pca10040/nrfx_saadc.o
 .rodata.str1.1
                0x0000000000002ca6        0x6 Output/Release/Obj/saadc_pca10040/nrfx_timer.o
 .rodata.str1.1
                0x0000000000002cac        0x5 Output/Release/Obj/saadc_pca10040/nrfx_uart.o
 .rodata.str1.1
                0x0000000000002cb1        0x6 Output/Release/Obj/saadc_pca10040/nrfx_uarte.o
 .rodata.saadc_callback.str1.1
                0x0000000000002cb7       0x15 Output/Release/Obj/saadc_pca10040/main.o
                                         0x18 (size before relaxing)
 .rodata.main.str1.1
                0x0000000000002ccc       0x22 Output/Release/Obj/saadc_pca10040/main.o
 .rodata        0x0000000000002cee        0x9 Output/Release/Obj/saadc_pca10040/main.o
 .rodata.default_config.8178
                0x0000000000002cf7        0x4 Output/Release/Obj/saadc_pca10040/main.o
 *fill*         0x0000000000002cfb        0x1 
 .rodata.m_timer
                0x0000000000002cfc        0x8 Output/Release/Obj/saadc_pca10040/main.o
 .rodata.libc.__RAL_find_locale.str1.4
                0x0000000000002d04        0xa C:/segger/arm_segger_embedded_studio_v510c_win_x64_nordic/lib/libc_v7em_fpv4_sp_d16_hard_t_le_eabi.a(libc2.o)
 *fill*         0x0000000000002d0e        0x2 
 .rodata.libc.__RAL_ascii_ctype_map
                0x0000000000002d10       0x80 C:/segger/arm_segger_embedded_studio_v510c_win_x64_nordic/lib/libc_v7em_fpv4_sp_d16_hard_t_le_eabi.a(libc2.o)
                0x0000000000002d10                __RAL_ascii_ctype_map
 .rodata.libc.__RAL_ascii_ctype_mask
                0x0000000000002d90        0xd C:/segger/arm_segger_embedded_studio_v510c_win_x64_nordic/lib/libc_v7em_fpv4_sp_d16_hard_t_le_eabi.a(libc2.o)
 *fill*         0x0000000000002d9d        0x3 
 .rodata.libc.__RAL_c_locale
                0x0000000000002da0        0xc C:/segger/arm_segger_embedded_studio_v510c_win_x64_nordic/lib/libc_v7em_fpv4_sp_d16_hard_t_le_eabi.a(libc2.o)
                0x0000000000002da0                __RAL_c_locale
 .rodata.libc.__RAL_c_locale_abbrev_day_names
                0x0000000000002dac       0x1d C:/segger/arm_segger_embedded_studio_v510c_win_x64_nordic/lib/libc_v7em_fpv4_sp_d16_hard_t_le_eabi.a(libc2.o)
                0x0000000000002dac                __RAL_c_locale_abbrev_day_names
 *fill*         0x0000000000002dc9        0x3 
 .rodata.libc.__RAL_c_locale_abbrev_month_names
                0x0000000000002dcc       0x31 C:/segger/arm_segger_embedded_studio_v510c_win_x64_nordic/lib/libc_v7em_fpv4_sp_d16_hard_t_le_eabi.a(libc2.o)
                0x0000000000002dcc                __RAL_c_locale_abbrev_month_names
 *fill*         0x0000000000002dfd        0x3 
 .rodata.libc.__RAL_c_locale_am_pm_indicator
                0x0000000000002e00        0x7 C:/segger/arm_segger_embedded_studio_v510c_win_x64_nordic/lib/libc_v7em_fpv4_sp_d16_hard_t_le_eabi.a(libc2.o)
                0x0000000000002e00                __RAL_c_locale_am_pm_indicator
 *fill*         0x0000000000002e07        0x1 
 .rodata.libc.__RAL_c_locale_data
                0x0000000000002e08       0x58 C:/segger/arm_segger_embedded_studio_v510c_win_x64_nordic/lib/libc_v7em_fpv4_sp_d16_hard_t_le_eabi.a(libc2.o)
                0x0000000000002e08                __RAL_c_locale_data
 .rodata.libc.__RAL_c_locale_date_format
                0x0000000000002e60        0x9 C:/segger/arm_segger_embedded_studio_v510c_win_x64_nordic/lib/libc_v7em_fpv4_sp_d16_hard_t_le_eabi.a(libc2.o)
                0x0000000000002e60                __RAL_c_locale_date_format
 *fill*         0x0000000000002e69        0x3 
 .rodata.libc.__RAL_c_locale_date_time_format
                0x0000000000002e6c        0xf C:/segger/arm_segger_embedded_studio_v510c_win_x64_nordic/lib/libc_v7em_fpv4_sp_d16_hard_t_le_eabi.a(libc2.o)
                0x0000000000002e6c                __RAL_c_locale_date_time_format
 *fill*         0x0000000000002e7b        0x1 
 .rodata.libc.__RAL_c_locale_day_names
                0x0000000000002e7c       0x3a C:/segger/arm_segger_embedded_studio_v510c_win_x64_nordic/lib/libc_v7em_fpv4_sp_d16_hard_t_le_eabi.a(libc2.o)
                0x0000000000002e7c                __RAL_c_locale_day_names
 *fill*         0x0000000000002eb6        0x2 
 .rodata.libc.__RAL_c_locale_month_names
                0x0000000000002eb8       0x57 C:/segger/arm_segger_embedded_studio_v510c_win_x64_nordic/lib/libc_v7em_fpv4_sp_d16_hard_t_le_eabi.a(libc2.o)
                0x0000000000002eb8                __RAL_c_locale_month_names
 *fill*         0x0000000000002f0f        0x1 
 .rodata.libc.__RAL_c_locale_time_format
                0x0000000000002f10        0x9 C:/segger/arm_segger_embedded_studio_v510c_win_x64_nordic/lib/libc_v7em_fpv4_sp_d16_hard_t_le_eabi.a(libc2.o)
                0x0000000000002f10                __RAL_c_locale_time_format
 *fill*         0x0000000000002f19        0x3 
 .rodata.libc.__RAL_codeset_ascii
                0x0000000000002f1c       0x20 C:/segger/arm_segger_embedded_studio_v510c_win_x64_nordic/lib/libc_v7em_fpv4_sp_d16_hard_t_le_eabi.a(libc2.o)
                0x0000000000002f1c                __RAL_codeset_ascii
 .rodata.libc.__RAL_data_empty_string
                0x0000000000002f3c        0x1 C:/segger/arm_segger_embedded_studio_v510c_win_x64_nordic/lib/libc_v7em_fpv4_sp_d16_hard_t_le_eabi.a(libc2.o)
                0x0000000000002f3c                __RAL_data_empty_string
 *fill*         0x0000000000002f3d        0x3 
 .rodata.libc.__RAL_data_utf8_period
                0x0000000000002f40        0x2 C:/segger/arm_segger_embedded_studio_v510c_win_x64_nordic/lib/libc_v7em_fpv4_sp_d16_hard_t_le_eabi.a(libc2.o)
                0x0000000000002f40                __RAL_data_utf8_period
                0x0000000000002f42                __rodata_end__ = (__rodata_start__ + SIZEOF (.rodata))
                0x000000000000040e                __rodata_size__ = SIZEOF (.rodata)
                0x0000000000002f42                __rodata_load_end__ = __rodata_end__

.rel.dyn        0x0000000000002f44        0x0
 .rel.iplt      0x0000000000002f44        0x0 Output/Release/Obj/saadc_pca10040/thumb_crt0.o
                0x0000000000000001                . = ASSERT (((__rodata_start__ == __rodata_end__) || ((__rodata_end__ - __FLASH_segment_start__) <= __FLASH_segment_size__)), error: .rodata is too large to fit in FLASH memory segment)
                0x0000000000002f44                __ARM.exidx_load_start__ = ALIGN (__rodata_end__, 0x4)

.ARM.exidx      0x0000000000002f44        0x0
                0x0000000000002f44                __ARM.exidx_start__ = .
                0x0000000000002f44                __exidx_start = __ARM.exidx_start__
 *(.ARM.exidx .ARM.exidx.*)
                0x0000000000002f44                __ARM.exidx_end__ = (__ARM.exidx_start__ + SIZEOF (.ARM.exidx))
                0x0000000000000000                __ARM.exidx_size__ = SIZEOF (.ARM.exidx)
                0x0000000000002f44                __exidx_end = __ARM.exidx_end__
                0x0000000000002f44                __ARM.exidx_load_end__ = __ARM.exidx_end__
                0x0000000000000001                . = ASSERT (((__ARM.exidx_start__ == __ARM.exidx_end__) || ((__ARM.exidx_end__ - __FLASH_segment_start__) <= __FLASH_segment_size__)), error: .ARM.exidx is too large to fit in FLASH memory segment)
                0x0000000000002f44                __fast_load_start__ = ALIGN (__ARM.exidx_end__, 0x4)

.fast           0x0000000020000000        0x0 load address 0x0000000000002f44
                0x0000000020000000                __fast_start__ = .
 *(.fast .fast.*)
                0x0000000020000000                __fast_end__ = (__fast_start__ + SIZEOF (.fast))
                0x0000000000000000                __fast_size__ = SIZEOF (.fast)
                0x0000000000002f44                __fast_load_end__ = (__fast_load_start__ + SIZEOF (.fast))
                0x0000000000000001                . = ASSERT (((__fast_load_start__ == __fast_load_end__) || ((__fast_load_end__ - __FLASH_segment_start__) <= __FLASH_segment_size__)), error: .fast is too large to fit in FLASH memory segment)

.fast_run       0x0000000020000000        0x0
                0x0000000020000000                __fast_run_start__ = .
                0x0000000020000000                . = MAX ((__fast_run_start__ + SIZEOF (.fast)), .)
                0x0000000020000000                __fast_run_end__ = (__fast_run_start__ + SIZEOF (.fast_run))
                0x0000000000000000                __fast_run_size__ = SIZEOF (.fast_run)
                0x0000000020000000                __fast_run_load_end__ = __fast_run_end__
                0x0000000000000001                . = ASSERT (((__fast_run_start__ == __fast_run_end__) || ((__fast_run_end__ - __RAM_segment_start__) <= __RAM_segment_size__)), error: .fast_run is too large to fit in RAM memory segment)
                0x0000000000002f44                __data_load_start__ = ALIGN ((__fast_load_start__ + SIZEOF (.fast)), 0x4)

.data           0x0000000020000000       0x34 load address 0x0000000000002f44
                0x0000000020000000                __data_start__ = .
 *(.data .data.* .gnu.linkonce.d.*)
 .data.m_uart   0x0000000020000000       0x14 Output/Release/Obj/saadc_pca10040/nrf_log_backend_uart.o
                0x0000000020000000                m_uart
 .data.log_backend_cb_uart_log_backend
                0x0000000020000014        0x8 Output/Release/Obj/saadc_pca10040/nrf_log_default_backends.o
 .data.SystemCoreClock
                0x000000002000001c        0x4 Output/Release/Obj/saadc_pca10040/system_nrf52.o
                0x000000002000001c                SystemCoreClock
 .data.libc.__RAL_global_locale
                0x0000000020000020       0x14 C:/segger/arm_segger_embedded_studio_v510c_win_x64_nordic/lib/libc_v7em_fpv4_sp_d16_hard_t_le_eabi.a(libc2.o)
                0x0000000020000020                __RAL_global_locale
                0x0000000020000034                __data_end__ = (__data_start__ + SIZEOF (.data))
                0x0000000000000034                __data_size__ = SIZEOF (.data)
                0x0000000000002f78                __data_load_end__ = (__data_load_start__ + SIZEOF (.data))

.igot.plt       0x0000000100000000        0x0
 .igot.plt      0x0000000100000000        0x0 Output/Release/Obj/saadc_pca10040/thumb_crt0.o
                0x0000000000000001                . = ASSERT (((__data_load_start__ == __data_load_end__) || ((__data_load_end__ - __FLASH_segment_start__) <= __FLASH_segment_size__)), error: .data is too large to fit in FLASH memory segment)

.data_run       0x0000000020000000       0x34 load address 0x0000000000002f44
                0x0000000020000000                __data_run_start__ = .
                0x0000000020000034                . = MAX ((__data_run_start__ + SIZEOF (.data)), .)
 *fill*         0x0000000020000000       0x34 
                0x0000000020000034                __data_run_end__ = (__data_run_start__ + SIZEOF (.data_run))
                0x0000000000000034                __data_run_size__ = SIZEOF (.data_run)
                0x0000000020000034                __data_run_load_end__ = __data_run_end__
                0x0000000000000001                . = ASSERT (((__data_run_start__ == __data_run_end__) || ((__data_run_end__ - __RAM_segment_start__) <= __RAM_segment_size__)), error: .data_run is too large to fit in RAM memory segment)
                0x0000000000002f78                __tdata_load_start__ = ALIGN ((__data_load_start__ + SIZEOF (.data)), 0x4)

.tdata          0x0000000020000034        0x0 load address 0x0000000000002f78
                0x0000000020000034                __tdata_start__ = .
 *(.tdata .tdata.*)
                0x0000000020000034                __tdata_end__ = (__tdata_start__ + SIZEOF (.tdata))
                0x0000000000000000                __tdata_size__ = SIZEOF (.tdata)
                0x0000000000002f78                __tdata_load_end__ = (__tdata_load_start__ + SIZEOF (.tdata))
                0x0000000000002f78                __FLASH_segment_used_end__ = (ALIGN ((__data_load_start__ + SIZEOF (.data)), 0x4) + SIZEOF (.tdata))
                0x0000000000002f78                __FLASH_segment_used_size__ = (__FLASH_segment_used_end__ - __FLASH_segment_start__)
                0x0000000000000001                . = ASSERT (((__tdata_load_start__ == __tdata_load_end__) || ((__tdata_load_end__ - __FLASH_segment_start__) <= __FLASH_segment_size__)), error: .tdata is too large to fit in FLASH memory segment)

.tdata_run      0x0000000020000034        0x0
                0x0000000020000034                __tdata_run_start__ = .
                0x0000000020000034                . = MAX ((__tdata_run_start__ + SIZEOF (.tdata)), .)
                0x0000000020000034                __tdata_run_end__ = (__tdata_run_start__ + SIZEOF (.tdata_run))
                0x0000000000000000                __tdata_run_size__ = SIZEOF (.tdata_run)
                0x0000000020000034                __tdata_run_load_end__ = __tdata_run_end__
                0x0000000000000001                . = ASSERT (((__tdata_run_start__ == __tdata_run_end__) || ((__tdata_run_end__ - __RAM_segment_start__) <= __RAM_segment_size__)), error: .tdata_run is too large to fit in RAM memory segment)
                0x0000000020000034                __bss_load_start__ = ALIGN (__tdata_run_end__, 0x4)

.bss            0x0000000020000034      0x6a5
                0x0000000020000034                __bss_start__ = .
 *(.bss .bss.* .gnu.linkonce.b.*)
 .bss.m_async_mode
                0x0000000020000034        0x1 Output/Release/Obj/saadc_pca10040/nrf_log_backend_uart.o
 .bss.m_string_buff
                0x0000000020000035       0x40 Output/Release/Obj/saadc_pca10040/nrf_log_backend_uart.o
 .bss.m_xfer_done
                0x0000000020000075        0x1 Output/Release/Obj/saadc_pca10040/nrf_log_backend_uart.o
 *fill*         0x0000000020000076        0x2 
 .bss.log_mempool_nrf_balloc_cb
                0x0000000020000078        0x8 Output/Release/Obj/saadc_pca10040/nrf_log_frontend.o
 .bss.log_mempool_nrf_balloc_pool_mem
                0x0000000020000080       0xc0 Output/Release/Obj/saadc_pca10040/nrf_log_frontend.o
 .bss.log_mempool_nrf_balloc_pool_stack
                0x0000000020000140        0x8 Output/Release/Obj/saadc_pca10040/nrf_log_frontend.o
 .bss.m_log_data
                0x0000000020000148      0x424 Output/Release/Obj/saadc_pca10040/nrf_log_frontend.o
 .bss.m_log_push_ringbuf_buf
                0x000000002000056c       0x80 Output/Release/Obj/saadc_pca10040/nrf_log_frontend.o
 .bss.m_log_push_ringbuf_cb
                0x00000000200005ec       0x18 Output/Release/Obj/saadc_pca10040/nrf_log_frontend.o
 .bss.m_in_critical_region
                0x0000000020000604        0x4 Output/Release/Obj/saadc_pca10040/app_util_platform.o
 .bss.m_handlers_iter
                0x0000000020000608        0x8 Output/Release/Obj/saadc_pca10040/nrf_pwr_mgmt.o
 .bss.m_shutdown_started
                0x0000000020000610        0x1 Output/Release/Obj/saadc_pca10040/nrf_pwr_mgmt.o
 *fill*         0x0000000020000611        0x3 
 .bss.m_sysoff_mtx
                0x0000000020000614        0x4 Output/Release/Obj/saadc_pca10040/nrf_pwr_mgmt.o
 .bss.m_drv_state
                0x0000000020000618        0x1 Output/Release/Obj/saadc_pca10040/nrf_drv_ppi.o
 *fill*         0x0000000020000619        0x3 
 .bss.m_contexts
                0x000000002000061c        0x4 Output/Release/Obj/saadc_pca10040/nrf_drv_uart.o
 .bss.m_handlers
                0x0000000020000620        0x4 Output/Release/Obj/saadc_pca10040/nrf_drv_uart.o
 .bss.nrf_drv_uart_use_easy_dma
                0x0000000020000624        0x1 Output/Release/Obj/saadc_pca10040/nrf_drv_uart.o
                0x0000000020000624                nrf_drv_uart_use_easy_dma
 *fill*         0x0000000020000625        0x3 
 .bss.m_channels_allocated
                0x0000000020000628        0x4 Output/Release/Obj/saadc_pca10040/nrfx_ppi.o
 .bss.m_prs_box_4
                0x000000002000062c        0x8 Output/Release/Obj/saadc_pca10040/nrfx_prs.o
 .bss.m_cb      0x0000000020000634       0x30 Output/Release/Obj/saadc_pca10040/nrfx_saadc.o
 .bss.m_cb      0x0000000020000664        0xc Output/Release/Obj/saadc_pca10040/nrfx_timer.o
 .bss.m_cb      0x0000000020000670       0x2c Output/Release/Obj/saadc_pca10040/nrfx_uart.o
 .bss.m_cb      0x000000002000069c       0x24 Output/Release/Obj/saadc_pca10040/nrfx_uarte.o
 .bss.m_adc_evt_counter
                0x00000000200006c0        0x4 Output/Release/Obj/saadc_pca10040/main.o
 .bss.m_buffer_pool
                0x00000000200006c4       0x14 Output/Release/Obj/saadc_pca10040/main.o
 .bss.m_ppi_channel
                0x00000000200006d8        0x1 Output/Release/Obj/saadc_pca10040/main.o
 *(COMMON)
                0x00000000200006d9                __bss_end__ = (__bss_start__ + SIZEOF (.bss))
                0x00000000000006a5                __bss_size__ = SIZEOF (.bss)
                0x00000000200006d9                __bss_load_end__ = __bss_end__
                0x0000000000000001                . = ASSERT (((__bss_start__ == __bss_end__) || ((__bss_end__ - __RAM_segment_start__) <= __RAM_segment_size__)), error: .bss is too large to fit in RAM memory segment)
                0x00000000200006dc                __tbss_load_start__ = ALIGN (__bss_end__, 0x4)

.tbss           0x00000000200006dc        0x0
                0x00000000200006dc                __tbss_start__ = .
 *(.tbss .tbss.*)
                0x00000000200006dc                __tbss_end__ = (__tbss_start__ + SIZEOF (.tbss))
                0x0000000000000000                __tbss_size__ = SIZEOF (.tbss)
                0x00000000200006dc                __tbss_load_end__ = __tbss_end__
                0x0000000000000001                . = ASSERT (((__tbss_start__ == __tbss_end__) || ((__tbss_end__ - __RAM_segment_start__) <= __RAM_segment_size__)), error: .tbss is too large to fit in RAM memory segment)
                0x00000000200006dc                __non_init_load_start__ = ALIGN (__tbss_end__, 0x4)

.non_init       0x00000000200006dc        0x0
                0x00000000200006dc                __non_init_start__ = .
 *(.non_init .non_init.*)
                0x00000000200006dc                __non_init_end__ = (__non_init_start__ + SIZEOF (.non_init))
                0x0000000000000000                __non_init_size__ = SIZEOF (.non_init)
                0x00000000200006dc                __non_init_load_end__ = __non_init_end__
                0x0000000000000001                . = ASSERT (((__non_init_start__ == __non_init_end__) || ((__non_init_end__ - __RAM_segment_start__) <= __RAM_segment_size__)), error: .non_init is too large to fit in RAM memory segment)
                0x00000000200006dc                __heap_load_start__ = ALIGN (__non_init_end__, 0x4)

.heap           0x00000000200006dc     0x2000
                0x00000000200006dc                __heap_start__ = .
 *(.heap .heap.*)
                0x00000000200026dc                . = ALIGN (MAX ((__heap_start__ + __HEAPSIZE__), .), 0x4)
 *fill*         0x00000000200006dc     0x2000 
                0x00000000200026dc                __heap_end__ = (__heap_start__ + SIZEOF (.heap))
                0x0000000000002000                __heap_size__ = SIZEOF (.heap)
                0x00000000200026dc                __heap_load_end__ = __heap_end__
                0x0000000000000001                . = ASSERT (((__heap_start__ == __heap_end__) || ((__heap_end__ - __RAM_segment_start__) <= __RAM_segment_size__)), error: .heap is too large to fit in RAM memory segment)
                0x000000002000e000                __stack_load_start__ = (__RAM_segment_start__ + (__RAM_segment_size__ - 0x2000))

.stack          0x000000002000e000     0x2000
                0x000000002000e000                __stack_start__ = .
                0x000000002000e000                __StackLimit = __stack_start__
 *(.stack .stack.*)
                0x0000000020010000                . = ALIGN (MAX ((__stack_start__ + __STACKSIZE__), .), 0x8)
 *fill*         0x000000002000e000     0x2000 
                0x0000000020010000                __stack_end__ = (__stack_start__ + SIZEOF (.stack))
                0x0000000000002000                __stack_size__ = SIZEOF (.stack)
                0x0000000020010000                __StackTop = __stack_end__
                0x0000000020010000                __stack_load_end__ = __stack_end__
                0x0000000000000001                . = ASSERT (((__stack_start__ == __stack_end__) || ((__stack_end__ - __RAM_segment_start__) <= __RAM_segment_size__)), error: .stack is too large to fit in RAM memory segment)
                0x0000000000000001                . = ASSERT ((__heap_end__ <= __stack_start__), error: section .heap overlaps absolute placed section .stack)
                0x0000000020010000                __stack_process_load_start__ = ALIGN (__stack_end__, 0x8)

.stack_process  0x0000000020010000        0x0
                0x0000000020010000                __stack_process_start__ = .
 *(.stack_process .stack_process.*)
                0x0000000020010000                . = ALIGN (MAX ((__stack_process_start__ + __STACKSIZE_PROCESS__), .), 0x8)
                0x0000000020010000                __stack_process_end__ = (__stack_process_start__ + SIZEOF (.stack_process))
                0x0000000000000000                __stack_process_size__ = SIZEOF (.stack_process)
                0x0000000020010000                __stack_process_load_end__ = __stack_process_end__
                0x0000000020010000                __RAM_segment_used_end__ = (ALIGN (__stack_end__, 0x8) + SIZEOF (.stack_process))
                0x0000000000010000                __RAM_segment_used_size__ = (__RAM_segment_used_end__ - __RAM_segment_start__)
                0x0000000000000001                . = ASSERT (((__stack_process_start__ == __stack_process_end__) || ((__stack_process_end__ - __RAM_segment_start__) <= __RAM_segment_size__)), error: .stack_process is too large to fit in RAM memory segment)
START GROUP
LOAD Output/Release/Obj/saadc_pca10040/thumb_crt0.o
LOAD Output/Release/Obj/saadc_pca10040/nrf_log_backend_rtt.o
LOAD Output/Release/Obj/saadc_pca10040/nrf_log_backend_serial.o
LOAD Output/Release/Obj/saadc_pca10040/nrf_log_backend_uart.o
LOAD Output/Release/Obj/saadc_pca10040/nrf_log_default_backends.o
LOAD Output/Release/Obj/saadc_pca10040/nrf_log_frontend.o
LOAD Output/Release/Obj/saadc_pca10040/nrf_log_str_formatter.o
LOAD Output/Release/Obj/saadc_pca10040/boards.o
LOAD Output/Release/Obj/saadc_pca10040/app_error.o
LOAD Output/Release/Obj/saadc_pca10040/app_error_handler_gcc.o
LOAD Output/Release/Obj/saadc_pca10040/app_error_weak.o
LOAD Output/Release/Obj/saadc_pca10040/app_util_platform.o
LOAD Output/Release/Obj/saadc_pca10040/nrf_assert.o
LOAD Output/Release/Obj/saadc_pca10040/nrf_atomic.o
LOAD Output/Release/Obj/saadc_pca10040/nrf_balloc.o
LOAD Output/Release/Obj/saadc_pca10040/nrf_fprintf.o
LOAD Output/Release/Obj/saadc_pca10040/nrf_fprintf_format.o
LOAD Output/Release/Obj/saadc_pca10040/nrf_memobj.o
LOAD Output/Release/Obj/saadc_pca10040/nrf_pwr_mgmt.o
LOAD Output/Release/Obj/saadc_pca10040/nrf_ringbuf.o
LOAD Output/Release/Obj/saadc_pca10040/nrf_section_iter.o
LOAD Output/Release/Obj/saadc_pca10040/nrf_strerror.o
LOAD Output/Release/Obj/saadc_pca10040/nrf_drv_ppi.o
LOAD Output/Release/Obj/saadc_pca10040/nrf_drv_uart.o
LOAD Output/Release/Obj/saadc_pca10040/nrfx_atomic.o
LOAD Output/Release/Obj/saadc_pca10040/nrfx_ppi.o
LOAD Output/Release/Obj/saadc_pca10040/nrfx_prs.o
LOAD Output/Release/Obj/saadc_pca10040/nrfx_saadc.o
LOAD Output/Release/Obj/saadc_pca10040/nrfx_timer.o
LOAD Output/Release/Obj/saadc_pca10040/nrfx_uart.o
LOAD Output/Release/Obj/saadc_pca10040/nrfx_uarte.o
LOAD Output/Release/Obj/saadc_pca10040/main.o
LOAD Output/Release/Obj/saadc_pca10040/SEGGER_RTT.o
LOAD Output/Release/Obj/saadc_pca10040/SEGGER_RTT_Syscalls_SES.o
LOAD Output/Release/Obj/saadc_pca10040/SEGGER_RTT_printf.o
LOAD Output/Release/Obj/saadc_pca10040/ses_startup_nrf52.o
LOAD Output/Release/Obj/saadc_pca10040/ses_startup_nrf_common.o
LOAD Output/Release/Obj/saadc_pca10040/system_nrf52.o
LOAD C:/segger/arm_segger_embedded_studio_v510c_win_x64_nordic/lib/libm_v7em_fpv4_sp_d16_hard_t_le_eabi.a
LOAD C:/segger/arm_segger_embedded_studio_v510c_win_x64_nordic/lib/libc_v7em_fpv4_sp_d16_hard_t_le_eabi.a
LOAD C:/segger/arm_segger_embedded_studio_v510c_win_x64_nordic/lib/libdebugio_v7em_fpv4_sp_d16_hard_t_le_eabi.a
END GROUP
OUTPUT(Output/Release/Exe/saadc_pca10040.elf elf32-littlearm)
LOAD linker stubs

.ARM.attributes
                0x0000000000000000       0x35
 .ARM.attributes
                0x0000000000000000       0x25 Output/Release/Obj/saadc_pca10040/thumb_crt0.o
 .ARM.attributes
                0x0000000000000025       0x39 Output/Release/Obj/saadc_pca10040/nrf_log_backend_serial.o
 .ARM.attributes
                0x000000000000005e       0x39 Output/Release/Obj/saadc_pca10040/nrf_log_backend_uart.o
 .ARM.attributes
                0x0000000000000097       0x39 Output/Release/Obj/saadc_pca10040/nrf_log_default_backends.o
 .ARM.attributes
                0x00000000000000d0       0x39 Output/Release/Obj/saadc_pca10040/nrf_log_frontend.o
 .ARM.attributes
                0x0000000000000109       0x39 Output/Release/Obj/saadc_pca10040/nrf_log_str_formatter.o
 .ARM.attributes
                0x0000000000000142       0x39 Output/Release/Obj/saadc_pca10040/app_error.o
 .ARM.attributes
                0x000000000000017b       0x39 Output/Release/Obj/saadc_pca10040/app_error_weak.o
 .ARM.attributes
                0x00000000000001b4       0x39 Output/Release/Obj/saadc_pca10040/app_util_platform.o
 .ARM.attributes
                0x00000000000001ed       0x39 Output/Release/Obj/saadc_pca10040/nrf_atomic.o
 .ARM.attributes
                0x0000000000000226       0x39 Output/Release/Obj/saadc_pca10040/nrf_balloc.o
 .ARM.attributes
                0x000000000000025f       0x39 Output/Release/Obj/saadc_pca10040/nrf_fprintf.o
 .ARM.attributes
                0x0000000000000298       0x39 Output/Release/Obj/saadc_pca10040/nrf_fprintf_format.o
 .ARM.attributes
                0x00000000000002d1       0x39 Output/Release/Obj/saadc_pca10040/nrf_memobj.o
 .ARM.attributes
                0x000000000000030a       0x39 Output/Release/Obj/saadc_pca10040/nrf_pwr_mgmt.o
 .ARM.attributes
                0x0000000000000343       0x39 Output/Release/Obj/saadc_pca10040/nrf_ringbuf.o
 .ARM.attributes
                0x000000000000037c       0x39 Output/Release/Obj/saadc_pca10040/nrf_section_iter.o
 .ARM.attributes
                0x00000000000003b5       0x39 Output/Release/Obj/saadc_pca10040/nrf_drv_ppi.o
 .ARM.attributes
                0x00000000000003ee       0x39 Output/Release/Obj/saadc_pca10040/nrf_drv_uart.o
 .ARM.attributes
                0x0000000000000427       0x39 Output/Release/Obj/saadc_pca10040/nrfx_ppi.o
 .ARM.attributes
                0x0000000000000460       0x39 Output/Release/Obj/saadc_pca10040/nrfx_prs.o
 .ARM.attributes
                0x0000000000000499       0x39 Output/Release/Obj/saadc_pca10040/nrfx_saadc.o
 .ARM.attributes
                0x00000000000004d2       0x39 Output/Release/Obj/saadc_pca10040/nrfx_timer.o
 .ARM.attributes
                0x000000000000050b       0x39 Output/Release/Obj/saadc_pca10040/nrfx_uart.o
 .ARM.attributes
                0x0000000000000544       0x39 Output/Release/Obj/saadc_pca10040/nrfx_uarte.o
 .ARM.attributes
                0x000000000000057d       0x39 Output/Release/Obj/saadc_pca10040/main.o
 .ARM.attributes
                0x00000000000005b6       0x25 Output/Release/Obj/saadc_pca10040/ses_startup_nrf52.o
 .ARM.attributes
                0x00000000000005db       0x25 Output/Release/Obj/saadc_pca10040/ses_startup_nrf_common.o
 .ARM.attributes
                0x0000000000000600       0x39 Output/Release/Obj/saadc_pca10040/system_nrf52.o
 .ARM.attributes
                0x0000000000000639       0x34 C:/segger/arm_segger_embedded_studio_v510c_win_x64_nordic/lib/libc_v7em_fpv4_sp_d16_hard_t_le_eabi.a(libc2.o)
 .ARM.attributes
                0x000000000000066d       0x20 C:/segger/arm_segger_embedded_studio_v510c_win_x64_nordic/lib/libc_v7em_fpv4_sp_d16_hard_t_le_eabi.a(libc2_asm.o)

.comment        0x0000000000000000       0x24
 .comment       0x0000000000000000       0x24 Output/Release/Obj/saadc_pca10040/nrf_log_backend_serial.o
                                         0x25 (size before relaxing)
 .comment       0x0000000000000024       0x25 Output/Release/Obj/saadc_pca10040/nrf_log_backend_uart.o
 .comment       0x0000000000000024       0x25 Output/Release/Obj/saadc_pca10040/nrf_log_default_backends.o
 .comment       0x0000000000000024       0x25 Output/Release/Obj/saadc_pca10040/nrf_log_frontend.o
 .comment       0x0000000000000024       0x25 Output/Release/Obj/saadc_pca10040/nrf_log_str_formatter.o
 .comment       0x0000000000000024       0x25 Output/Release/Obj/saadc_pca10040/app_error.o
 .comment       0x0000000000000024       0x25 Output/Release/Obj/saadc_pca10040/app_error_weak.o
 .comment       0x0000000000000024       0x25 Output/Release/Obj/saadc_pca10040/app_util_platform.o
 .comment       0x0000000000000024       0x25 Output/Release/Obj/saadc_pca10040/nrf_atomic.o
 .comment       0x0000000000000024       0x25 Output/Release/Obj/saadc_pca10040/nrf_balloc.o
 .comment       0x0000000000000024       0x25 Output/Release/Obj/saadc_pca10040/nrf_fprintf.o
 .comment       0x0000000000000024       0x25 Output/Release/Obj/saadc_pca10040/nrf_fprintf_format.o
 .comment       0x0000000000000024       0x25 Output/Release/Obj/saadc_pca10040/nrf_memobj.o
 .comment       0x0000000000000024       0x25 Output/Release/Obj/saadc_pca10040/nrf_pwr_mgmt.o
 .comment       0x0000000000000024       0x25 Output/Release/Obj/saadc_pca10040/nrf_ringbuf.o
 .comment       0x0000000000000024       0x25 Output/Release/Obj/saadc_pca10040/nrf_section_iter.o
 .comment       0x0000000000000024       0x25 Output/Release/Obj/saadc_pca10040/nrf_drv_ppi.o
 .comment       0x0000000000000024       0x25 Output/Release/Obj/saadc_pca10040/nrf_drv_uart.o
 .comment       0x0000000000000024       0x25 Output/Release/Obj/saadc_pca10040/nrfx_ppi.o
 .comment       0x0000000000000024       0x25 Output/Release/Obj/saadc_pca10040/nrfx_prs.o
 .comment       0x0000000000000024       0x25 Output/Release/Obj/saadc_pca10040/nrfx_saadc.o
 .comment       0x0000000000000024       0x25 Output/Release/Obj/saadc_pca10040/nrfx_timer.o
 .comment       0x0000000000000024       0x25 Output/Release/Obj/saadc_pca10040/nrfx_uart.o
 .comment       0x0000000000000024       0x25 Output/Release/Obj/saadc_pca10040/nrfx_uarte.o
 .comment       0x0000000000000024       0x25 Output/Release/Obj/saadc_pca10040/main.o
 .comment       0x0000000000000024       0x25 Output/Release/Obj/saadc_pca10040/system_nrf52.o
 .comment       0x0000000000000024       0x25 C:/segger/arm_segger_embedded_studio_v510c_win_x64_nordic/lib/libc_v7em_fpv4_sp_d16_hard_t_le_eabi.a(libc2.o)

.debug_line     0x0000000000000000    0x10a32
 .debug_line    0x0000000000000000      0x1fb Output/Release/Obj/saadc_pca10040/thumb_crt0.o
 .debug_line    0x00000000000001fb      0x6e6 Output/Release/Obj/saadc_pca10040/nrf_log_backend_serial.o
 .debug_line    0x00000000000008e1      0x992 Output/Release/Obj/saadc_pca10040/nrf_log_backend_uart.o
 .debug_line    0x0000000000001273      0x5dd Output/Release/Obj/saadc_pca10040/nrf_log_default_backends.o
 .debug_line    0x0000000000001850     0x12cc Output/Release/Obj/saadc_pca10040/nrf_log_frontend.o
 .debug_line    0x0000000000002b1c      0x7f7 Output/Release/Obj/saadc_pca10040/nrf_log_str_formatter.o
 .debug_line    0x0000000000003313      0x3d8 Output/Release/Obj/saadc_pca10040/app_error.o
 .debug_line    0x00000000000036eb      0x70b Output/Release/Obj/saadc_pca10040/app_error_weak.o
 .debug_line    0x0000000000003df6      0x456 Output/Release/Obj/saadc_pca10040/app_util_platform.o
 .debug_line    0x000000000000424c      0x6be Output/Release/Obj/saadc_pca10040/nrf_atomic.o
 .debug_line    0x000000000000490a      0x6c9 Output/Release/Obj/saadc_pca10040/nrf_balloc.o
 .debug_line    0x0000000000004fd3      0x3fa Output/Release/Obj/saadc_pca10040/nrf_fprintf.o
 .debug_line    0x00000000000053cd      0x85a Output/Release/Obj/saadc_pca10040/nrf_fprintf_format.o
 .debug_line    0x0000000000005c27      0x80e Output/Release/Obj/saadc_pca10040/nrf_memobj.o
 .debug_line    0x0000000000006435      0xbe8 Output/Release/Obj/saadc_pca10040/nrf_pwr_mgmt.o
 .debug_line    0x000000000000701d      0x77a Output/Release/Obj/saadc_pca10040/nrf_ringbuf.o
 .debug_line    0x0000000000007797      0x41c Output/Release/Obj/saadc_pca10040/nrf_section_iter.o
 .debug_line    0x0000000000007bb3      0x5dc Output/Release/Obj/saadc_pca10040/nrf_drv_ppi.o
 .debug_line    0x000000000000818f      0x69e Output/Release/Obj/saadc_pca10040/nrf_drv_uart.o
 .debug_line    0x000000000000882d      0xfbb Output/Release/Obj/saadc_pca10040/nrfx_ppi.o
 .debug_line    0x00000000000097e8      0x755 Output/Release/Obj/saadc_pca10040/nrfx_prs.o
 .debug_line    0x0000000000009f3d     0x17ac Output/Release/Obj/saadc_pca10040/nrfx_saadc.o
 .debug_line    0x000000000000b6e9      0xf0b Output/Release/Obj/saadc_pca10040/nrfx_timer.o
 .debug_line    0x000000000000c5f4     0x17ab Output/Release/Obj/saadc_pca10040/nrfx_uart.o
 .debug_line    0x000000000000dd9f     0x16f3 Output/Release/Obj/saadc_pca10040/nrfx_uarte.o
 .debug_line    0x000000000000f492      0xde5 Output/Release/Obj/saadc_pca10040/main.o
 .debug_line    0x0000000000010277       0xab Output/Release/Obj/saadc_pca10040/ses_startup_nrf52.o
 .debug_line    0x0000000000010322       0xcd Output/Release/Obj/saadc_pca10040/ses_startup_nrf_common.o
 .debug_line    0x00000000000103ef      0x643 Output/Release/Obj/saadc_pca10040/system_nrf52.o

.debug_info     0x0000000000000000    0x22de4
 .debug_info    0x0000000000000000       0x22 Output/Release/Obj/saadc_pca10040/thumb_crt0.o
 .debug_info    0x0000000000000022      0xea0 Output/Release/Obj/saadc_pca10040/nrf_log_backend_serial.o
 .debug_info    0x0000000000000ec2     0x18a9 Output/Release/Obj/saadc_pca10040/nrf_log_backend_uart.o
 .debug_info    0x000000000000276b      0xa1a Output/Release/Obj/saadc_pca10040/nrf_log_default_backends.o
 .debug_info    0x0000000000003185     0x29a0 Output/Release/Obj/saadc_pca10040/nrf_log_frontend.o
 .debug_info    0x0000000000005b25     0x1036 Output/Release/Obj/saadc_pca10040/nrf_log_str_formatter.o
 .debug_info    0x0000000000006b5b      0x876 Output/Release/Obj/saadc_pca10040/app_error.o
 .debug_info    0x00000000000073d1      0xca7 Output/Release/Obj/saadc_pca10040/app_error_weak.o
 .debug_info    0x0000000000008078      0xd3d Output/Release/Obj/saadc_pca10040/app_util_platform.o
 .debug_info    0x0000000000008db5      0xee3 Output/Release/Obj/saadc_pca10040/nrf_atomic.o
 .debug_info    0x0000000000009c98      0xae8 Output/Release/Obj/saadc_pca10040/nrf_balloc.o
 .debug_info    0x000000000000a780      0x7e4 Output/Release/Obj/saadc_pca10040/nrf_fprintf.o
 .debug_info    0x000000000000af64      0xcc6 Output/Release/Obj/saadc_pca10040/nrf_fprintf_format.o
 .debug_info    0x000000000000bc2a      0xff4 Output/Release/Obj/saadc_pca10040/nrf_memobj.o
 .debug_info    0x000000000000cc1e     0x18f7 Output/Release/Obj/saadc_pca10040/nrf_pwr_mgmt.o
 .debug_info    0x000000000000e515      0xc18 Output/Release/Obj/saadc_pca10040/nrf_ringbuf.o
 .debug_info    0x000000000000f12d      0x754 Output/Release/Obj/saadc_pca10040/nrf_section_iter.o
 .debug_info    0x000000000000f881      0x709 Output/Release/Obj/saadc_pca10040/nrf_drv_ppi.o
 .debug_info    0x000000000000ff8a     0x1774 Output/Release/Obj/saadc_pca10040/nrf_drv_uart.o
 .debug_info    0x00000000000116fe     0x1b5c Output/Release/Obj/saadc_pca10040/nrfx_ppi.o
 .debug_info    0x000000000001325a      0xe6f Output/Release/Obj/saadc_pca10040/nrfx_prs.o
 .debug_info    0x00000000000140c9     0x2b78 Output/Release/Obj/saadc_pca10040/nrfx_saadc.o
 .debug_info    0x0000000000016c41     0x21b1 Output/Release/Obj/saadc_pca10040/nrfx_timer.o
 .debug_info    0x0000000000018df2     0x37e4 Output/Release/Obj/saadc_pca10040/nrfx_uart.o
 .debug_info    0x000000000001c5d6     0x3956 Output/Release/Obj/saadc_pca10040/nrfx_uarte.o
 .debug_info    0x000000000001ff2c     0x1c6a Output/Release/Obj/saadc_pca10040/main.o
 .debug_info    0x0000000000021b96       0x26 Output/Release/Obj/saadc_pca10040/ses_startup_nrf52.o
 .debug_info    0x0000000000021bbc       0x26 Output/Release/Obj/saadc_pca10040/ses_startup_nrf_common.o
 .debug_info    0x0000000000021be2     0x1202 Output/Release/Obj/saadc_pca10040/system_nrf52.o

.debug_abbrev   0x0000000000000000     0x51a5
 .debug_abbrev  0x0000000000000000       0x12 Output/Release/Obj/saadc_pca10040/thumb_crt0.o
 .debug_abbrev  0x0000000000000012      0x26b Output/Release/Obj/saadc_pca10040/nrf_log_backend_serial.o
 .debug_abbrev  0x000000000000027d      0x38e Output/Release/Obj/saadc_pca10040/nrf_log_backend_uart.o
 .debug_abbrev  0x000000000000060b      0x206 Output/Release/Obj/saadc_pca10040/nrf_log_default_backends.o
 .debug_abbrev  0x0000000000000811      0x600 Output/Release/Obj/saadc_pca10040/nrf_log_frontend.o
 .debug_abbrev  0x0000000000000e11      0x2b5 Output/Release/Obj/saadc_pca10040/nrf_log_str_formatter.o
 .debug_abbrev  0x00000000000010c6      0x1d8 Output/Release/Obj/saadc_pca10040/app_error.o
 .debug_abbrev  0x000000000000129e      0x26a Output/Release/Obj/saadc_pca10040/app_error_weak.o
 .debug_abbrev  0x0000000000001508      0x2b5 Output/Release/Obj/saadc_pca10040/app_util_platform.o
 .debug_abbrev  0x00000000000017bd      0x25a Output/Release/Obj/saadc_pca10040/nrf_atomic.o
 .debug_abbrev  0x0000000000001a17      0x29d Output/Release/Obj/saadc_pca10040/nrf_balloc.o
 .debug_abbrev  0x0000000000001cb4      0x1de Output/Release/Obj/saadc_pca10040/nrf_fprintf.o
 .debug_abbrev  0x0000000000001e92      0x368 Output/Release/Obj/saadc_pca10040/nrf_fprintf_format.o
 .debug_abbrev  0x00000000000021fa      0x281 Output/Release/Obj/saadc_pca10040/nrf_memobj.o
 .debug_abbrev  0x000000000000247b      0x424 Output/Release/Obj/saadc_pca10040/nrf_pwr_mgmt.o
 .debug_abbrev  0x000000000000289f      0x1e7 Output/Release/Obj/saadc_pca10040/nrf_ringbuf.o
 .debug_abbrev  0x0000000000002a86      0x15e Output/Release/Obj/saadc_pca10040/nrf_section_iter.o
 .debug_abbrev  0x0000000000002be4      0x195 Output/Release/Obj/saadc_pca10040/nrf_drv_ppi.o
 .debug_abbrev  0x0000000000002d79      0x274 Output/Release/Obj/saadc_pca10040/nrf_drv_uart.o
 .debug_abbrev  0x0000000000002fed      0x402 Output/Release/Obj/saadc_pca10040/nrfx_ppi.o
 .debug_abbrev  0x00000000000033ef      0x2f0 Output/Release/Obj/saadc_pca10040/nrfx_prs.o
 .debug_abbrev  0x00000000000036df      0x538 Output/Release/Obj/saadc_pca10040/nrfx_saadc.o
 .debug_abbrev  0x0000000000003c17      0x460 Output/Release/Obj/saadc_pca10040/nrfx_timer.o
 .debug_abbrev  0x0000000000004077      0x5a8 Output/Release/Obj/saadc_pca10040/nrfx_uart.o
 .debug_abbrev  0x000000000000461f      0x517 Output/Release/Obj/saadc_pca10040/nrfx_uarte.o
 .debug_abbrev  0x0000000000004b36      0x3fc Output/Release/Obj/saadc_pca10040/main.o
 .debug_abbrev  0x0000000000004f32       0x14 Output/Release/Obj/saadc_pca10040/ses_startup_nrf52.o
 .debug_abbrev  0x0000000000004f46       0x14 Output/Release/Obj/saadc_pca10040/ses_startup_nrf_common.o
 .debug_abbrev  0x0000000000004f5a      0x24b Output/Release/Obj/saadc_pca10040/system_nrf52.o

.debug_aranges  0x0000000000000000      0x8f0
 .debug_aranges
                0x0000000000000000       0x88 Output/Release/Obj/saadc_pca10040/thumb_crt0.o
 .debug_aranges
                0x0000000000000088       0x20 Output/Release/Obj/saadc_pca10040/nrf_log_backend_serial.o
 .debug_aranges
                0x00000000000000a8       0x50 Output/Release/Obj/saadc_pca10040/nrf_log_backend_uart.o
 .debug_aranges
                0x00000000000000f8       0x20 Output/Release/Obj/saadc_pca10040/nrf_log_default_backends.o
 .debug_aranges
                0x0000000000000118       0xd0 Output/Release/Obj/saadc_pca10040/nrf_log_frontend.o
 .debug_aranges
                0x00000000000001e8       0x40 Output/Release/Obj/saadc_pca10040/nrf_log_str_formatter.o
 .debug_aranges
                0x0000000000000228       0x28 Output/Release/Obj/saadc_pca10040/app_error.o
 .debug_aranges
                0x0000000000000250       0x20 Output/Release/Obj/saadc_pca10040/app_error_weak.o
 .debug_aranges
                0x0000000000000270       0x48 Output/Release/Obj/saadc_pca10040/app_util_platform.o
 .debug_aranges
                0x00000000000002b8       0xb0 Output/Release/Obj/saadc_pca10040/nrf_atomic.o
 .debug_aranges
                0x0000000000000368       0x30 Output/Release/Obj/saadc_pca10040/nrf_balloc.o
 .debug_aranges
                0x0000000000000398       0x28 Output/Release/Obj/saadc_pca10040/nrf_fprintf.o
 .debug_aranges
                0x00000000000003c0       0x30 Output/Release/Obj/saadc_pca10040/nrf_fprintf_format.o
 .debug_aranges
                0x00000000000003f0       0x58 Output/Release/Obj/saadc_pca10040/nrf_memobj.o
 .debug_aranges
                0x0000000000000448       0x38 Output/Release/Obj/saadc_pca10040/nrf_pwr_mgmt.o
 .debug_aranges
                0x0000000000000480       0x50 Output/Release/Obj/saadc_pca10040/nrf_ringbuf.o
 .debug_aranges
                0x00000000000004d0       0x28 Output/Release/Obj/saadc_pca10040/nrf_section_iter.o
 .debug_aranges
                0x00000000000004f8       0x28 Output/Release/Obj/saadc_pca10040/nrf_drv_ppi.o
 .debug_aranges
                0x0000000000000520       0x30 Output/Release/Obj/saadc_pca10040/nrf_drv_uart.o
 .debug_aranges
                0x0000000000000550       0x80 Output/Release/Obj/saadc_pca10040/nrfx_ppi.o
 .debug_aranges
                0x00000000000005d0       0x30 Output/Release/Obj/saadc_pca10040/nrfx_prs.o
 .debug_aranges
                0x0000000000000600       0x88 Output/Release/Obj/saadc_pca10040/nrfx_saadc.o
 .debug_aranges
                0x0000000000000688       0x90 Output/Release/Obj/saadc_pca10040/nrfx_timer.o
 .debug_aranges
                0x0000000000000718       0xa0 Output/Release/Obj/saadc_pca10040/nrfx_uart.o
 .debug_aranges
                0x00000000000007b8       0x78 Output/Release/Obj/saadc_pca10040/nrfx_uarte.o
 .debug_aranges
                0x0000000000000830       0x48 Output/Release/Obj/saadc_pca10040/main.o
 .debug_aranges
                0x0000000000000878       0x20 Output/Release/Obj/saadc_pca10040/ses_startup_nrf52.o
 .debug_aranges
                0x0000000000000898       0x20 Output/Release/Obj/saadc_pca10040/ses_startup_nrf_common.o
 .debug_aranges
                0x00000000000008b8       0x38 Output/Release/Obj/saadc_pca10040/system_nrf52.o

.debug_str      0x0000000000000000    0x7a25a
 .debug_str     0x0000000000000000       0xd2 Output/Release/Obj/saadc_pca10040/thumb_crt0.o
 .debug_str     0x00000000000000d2    0x6a7b6 Output/Release/Obj/saadc_pca10040/nrf_log_backend_serial.o
                                      0x6b7dd (size before relaxing)
 .debug_str     0x000000000006a888     0x4464 Output/Release/Obj/saadc_pca10040/nrf_log_backend_uart.o
                                      0x6f73c (size before relaxing)
 .debug_str     0x000000000006ecec      0x153 Output/Release/Obj/saadc_pca10040/nrf_log_default_backends.o
                                      0x6b599 (size before relaxing)
 .debug_str     0x000000000006ee3f     0x139d Output/Release/Obj/saadc_pca10040/nrf_log_frontend.o
                                      0x6ca3f (size before relaxing)
 .debug_str     0x00000000000701dc      0x310 Output/Release/Obj/saadc_pca10040/nrf_log_str_formatter.o
                                      0x6b92f (size before relaxing)
 .debug_str     0x00000000000704ec      0x12b Output/Release/Obj/saadc_pca10040/app_error.o
                                      0x5d2a6 (size before relaxing)
 .debug_str     0x0000000000070617      0x110 Output/Release/Obj/saadc_pca10040/app_error_weak.o
                                      0x6bc62 (size before relaxing)
 .debug_str     0x0000000000070727      0x3f7 Output/Release/Obj/saadc_pca10040/app_util_platform.o
                                      0x5dab3 (size before relaxing)
 .debug_str     0x0000000000070b1e      0x6f0 Output/Release/Obj/saadc_pca10040/nrf_atomic.o
                                      0x67ce4 (size before relaxing)
 .debug_str     0x000000000007120e      0x19b Output/Release/Obj/saadc_pca10040/nrf_balloc.o
                                      0x6b621 (size before relaxing)
 .debug_str     0x00000000000713a9      0x139 Output/Release/Obj/saadc_pca10040/nrf_fprintf.o
                                      0x6787e (size before relaxing)
 .debug_str     0x00000000000714e2      0x548 Output/Release/Obj/saadc_pca10040/nrf_fprintf_format.o
                                      0x67d67 (size before relaxing)
 .debug_str     0x0000000000071a2a      0x1e3 Output/Release/Obj/saadc_pca10040/nrf_memobj.o
                                      0x699b1 (size before relaxing)
 .debug_str     0x0000000000071c0d      0xf3b Output/Release/Obj/saadc_pca10040/nrf_pwr_mgmt.o
                                      0x70094 (size before relaxing)
 .debug_str     0x0000000000072b48      0x113 Output/Release/Obj/saadc_pca10040/nrf_ringbuf.o
                                      0x680d7 (size before relaxing)
 .debug_str     0x0000000000072c5b       0x8b Output/Release/Obj/saadc_pca10040/nrf_section_iter.o
                                      0x67af7 (size before relaxing)
 .debug_str     0x0000000000072ce6      0x733 Output/Release/Obj/saadc_pca10040/nrf_drv_ppi.o
                                      0x6b1a3 (size before relaxing)
 .debug_str     0x0000000000073419      0x4a7 Output/Release/Obj/saadc_pca10040/nrf_drv_uart.o
                                      0x6bf3f (size before relaxing)